Component: ARM Compiler 5.06 update 1 (build 61) Tool: armlink [4d35a8]

==============================================================================

Section Cross References

    baselcd.o(i.Init_UART) refers to uart_lpc17xx.o(.constdata) for Driver_USART1
    baselcd.o(i.main) refers to glcd_mcb1700.o(i.GLCD_Initialize) for GLCD_Initialize
    baselcd.o(i.main) refers to glcd_mcb1700.o(i.GLCD_ClearScreen) for GLCD_ClearScreen
    baselcd.o(i.main) refers to glcd_mcb1700.o(i.GLCD_SetFont) for GLCD_SetFont
    baselcd.o(i.main) refers to baselcd.o(i.Init_UART) for Init_UART
    baselcd.o(i.main) refers to noretval__2sprintf.o(.text) for __2sprintf
    baselcd.o(i.main) refers to glcd_mcb1700.o(i.GLCD_DrawString) for GLCD_DrawString
    baselcd.o(i.main) refers to glcd_fonts.o(.constdata) for GLCD_Font_16x24
    baselcd.o(i.main) refers to uart_lpc17xx.o(.constdata) for Driver_USART1
    glcd_mcb1700.o(i.GLCD_ClearScreen) refers to glcd_mcb1700.o(i.GLCD_WindowMax) for GLCD_WindowMax
    glcd_mcb1700.o(i.GLCD_ClearScreen) refers to glcd_mcb1700.o(i.wr_cmd) for wr_cmd
    glcd_mcb1700.o(i.GLCD_ClearScreen) refers to glcd_mcb1700.o(i.wr_dat_start) for wr_dat_start
    glcd_mcb1700.o(i.GLCD_ClearScreen) refers to glcd_mcb1700.o(i.wr_dat_only) for wr_dat_only
    glcd_mcb1700.o(i.GLCD_ClearScreen) refers to glcd_mcb1700.o(i.wr_dat_stop) for wr_dat_stop
    glcd_mcb1700.o(i.GLCD_ClearScreen) refers to glcd_mcb1700.o(.data) for background_color
    glcd_mcb1700.o(i.GLCD_DrawBargraph) refers to glcd_mcb1700.o(i.GLCD_SetWindow) for GLCD_SetWindow
    glcd_mcb1700.o(i.GLCD_DrawBargraph) refers to glcd_mcb1700.o(i.wr_cmd) for wr_cmd
    glcd_mcb1700.o(i.GLCD_DrawBargraph) refers to glcd_mcb1700.o(i.wr_dat_start) for wr_dat_start
    glcd_mcb1700.o(i.GLCD_DrawBargraph) refers to glcd_mcb1700.o(i.wr_dat_only) for wr_dat_only
    glcd_mcb1700.o(i.GLCD_DrawBargraph) refers to glcd_mcb1700.o(i.wr_dat_stop) for wr_dat_stop
    glcd_mcb1700.o(i.GLCD_DrawBargraph) refers to glcd_mcb1700.o(.data) for background_color
    glcd_mcb1700.o(i.GLCD_DrawBitmap) refers to glcd_mcb1700.o(i.GLCD_SetWindow) for GLCD_SetWindow
    glcd_mcb1700.o(i.GLCD_DrawBitmap) refers to glcd_mcb1700.o(i.wr_cmd) for wr_cmd
    glcd_mcb1700.o(i.GLCD_DrawBitmap) refers to glcd_mcb1700.o(i.wr_dat_start) for wr_dat_start
    glcd_mcb1700.o(i.GLCD_DrawBitmap) refers to glcd_mcb1700.o(i.wr_dat_only) for wr_dat_only
    glcd_mcb1700.o(i.GLCD_DrawBitmap) refers to glcd_mcb1700.o(i.wr_dat_stop) for wr_dat_stop
    glcd_mcb1700.o(i.GLCD_DrawChar) refers to glcd_mcb1700.o(i.GLCD_SetWindow) for GLCD_SetWindow
    glcd_mcb1700.o(i.GLCD_DrawChar) refers to glcd_mcb1700.o(i.wr_cmd) for wr_cmd
    glcd_mcb1700.o(i.GLCD_DrawChar) refers to glcd_mcb1700.o(i.wr_dat_start) for wr_dat_start
    glcd_mcb1700.o(i.GLCD_DrawChar) refers to glcd_mcb1700.o(i.wr_dat_only) for wr_dat_only
    glcd_mcb1700.o(i.GLCD_DrawChar) refers to glcd_mcb1700.o(i.wr_dat_stop) for wr_dat_stop
    glcd_mcb1700.o(i.GLCD_DrawChar) refers to glcd_mcb1700.o(.data) for active_font
    glcd_mcb1700.o(i.GLCD_DrawHLine) refers to glcd_mcb1700.o(i.GLCD_SetWindow) for GLCD_SetWindow
    glcd_mcb1700.o(i.GLCD_DrawHLine) refers to glcd_mcb1700.o(i.wr_cmd) for wr_cmd
    glcd_mcb1700.o(i.GLCD_DrawHLine) refers to glcd_mcb1700.o(i.wr_dat_start) for wr_dat_start
    glcd_mcb1700.o(i.GLCD_DrawHLine) refers to glcd_mcb1700.o(i.wr_dat_only) for wr_dat_only
    glcd_mcb1700.o(i.GLCD_DrawHLine) refers to glcd_mcb1700.o(i.wr_dat_stop) for wr_dat_stop
    glcd_mcb1700.o(i.GLCD_DrawHLine) refers to glcd_mcb1700.o(.data) for foreground_color
    glcd_mcb1700.o(i.GLCD_DrawPixel) refers to glcd_mcb1700.o(i.wr_reg) for wr_reg
    glcd_mcb1700.o(i.GLCD_DrawPixel) refers to glcd_mcb1700.o(i.wr_cmd) for wr_cmd
    glcd_mcb1700.o(i.GLCD_DrawPixel) refers to glcd_mcb1700.o(i.wr_dat) for wr_dat
    glcd_mcb1700.o(i.GLCD_DrawPixel) refers to glcd_mcb1700.o(.data) for Himax
    glcd_mcb1700.o(i.GLCD_DrawRectangle) refers to glcd_mcb1700.o(i.GLCD_DrawHLine) for GLCD_DrawHLine
    glcd_mcb1700.o(i.GLCD_DrawRectangle) refers to glcd_mcb1700.o(i.GLCD_DrawVLine) for GLCD_DrawVLine
    glcd_mcb1700.o(i.GLCD_DrawString) refers to glcd_mcb1700.o(i.GLCD_DrawChar) for GLCD_DrawChar
    glcd_mcb1700.o(i.GLCD_DrawString) refers to glcd_mcb1700.o(.data) for active_font
    glcd_mcb1700.o(i.GLCD_DrawVLine) refers to glcd_mcb1700.o(i.GLCD_SetWindow) for GLCD_SetWindow
    glcd_mcb1700.o(i.GLCD_DrawVLine) refers to glcd_mcb1700.o(i.wr_cmd) for wr_cmd
    glcd_mcb1700.o(i.GLCD_DrawVLine) refers to glcd_mcb1700.o(i.wr_dat_start) for wr_dat_start
    glcd_mcb1700.o(i.GLCD_DrawVLine) refers to glcd_mcb1700.o(i.wr_dat_only) for wr_dat_only
    glcd_mcb1700.o(i.GLCD_DrawVLine) refers to glcd_mcb1700.o(i.wr_dat_stop) for wr_dat_stop
    glcd_mcb1700.o(i.GLCD_DrawVLine) refers to glcd_mcb1700.o(.data) for foreground_color
    glcd_mcb1700.o(i.GLCD_Initialize) refers to gpio_lpc17xx.o(i.GPIO_PortClock) for GPIO_PortClock
[...]
    __rtentry.o(.ARM.Collect$$rtentry$$00000000) refers (Special) to __rtentry2.o(.ARM.Collect$$rtentry$$00000002) for __rt_entry_presh_1
    __rtentry.o(.ARM.Collect$$rtentry$$00000000) refers (Special) to __rtentry4.o(.ARM.Collect$$rtentry$$00000004) for __rt_entry_sh
    aeabi_ldiv0_sigfpe.o(.text) refers to rt_div0.o(.text) for __rt_div0
    _printf_char_common.o(.text) refers to __printf_nopercent.o(.text) for __printf
    __rtentry2.o(.ARM.Collect$$rtentry$$00000008) refers to boardinit2.o(.text) for _platform_post_stackheap_init
    __rtentry2.o(.ARM.Collect$$rtentry$$0000000A) refers to libinit.o(.ARM.Collect$$libinit$$00000000) for __rt_lib_init
    __rtentry2.o(.ARM.Collect$$rtentry$$0000000B) refers to boardinit3.o(.text) for _platform_post_lib_init
    __rtentry2.o(.ARM.Collect$$rtentry$$0000000D) refers to baselcd.o(i.main) for main
    __rtentry2.o(.ARM.Collect$$rtentry$$0000000D) refers to exit.o(.text) for exit
    __rtentry2.o(.ARM.exidx) refers to __rtentry2.o(.ARM.Collect$$rtentry$$00000001) for .ARM.Collect$$rtentry$$00000001
    __rtentry2.o(.ARM.exidx) refers to __rtentry2.o(.ARM.Collect$$rtentry$$00000008) for .ARM.Collect$$rtentry$$00000008
    __rtentry2.o(.ARM.exidx) refers to __rtentry2.o(.ARM.Collect$$rtentry$$0000000A) for .ARM.Collect$$rtentry$$0000000A
    __rtentry2.o(.ARM.exidx) refers to __rtentry2.o(.ARM.Collect$$rtentry$$0000000B) for .ARM.Collect$$rtentry$$0000000B
    __rtentry2.o(.ARM.exidx) refers to __rtentry2.o(.ARM.Collect$$rtentry$$0000000D) for .ARM.Collect$$rtentry$$0000000D
    __rtentry4.o(.ARM.Collect$$rtentry$$00000004) refers to sys_stackheap_outer.o(.text) for __user_setup_stackheap
    __rtentry4.o(.ARM.exidx) refers to __rtentry4.o(.ARM.Collect$$rtentry$$00000004) for .ARM.Collect$$rtentry$$00000004
    rt_div0.o(.text) refers to defsig_fpe_outer.o(.text) for __rt_SIGFPE
    sys_stackheap_outer.o(.text) refers to libspace.o(.text) for __user_perproc_libspace
    sys_stackheap_outer.o(.text) refers to startup_lpc17xx.o(.text) for __user_initial_stackheap
    exit.o(.text) refers to rtexit.o(.ARM.Collect$$rtexit$$00000000) for __rt_exit
    defsig_fpe_outer.o(.text) refers to defsig_fpe_inner.o(.text) for __rt_SIGFPE_inner
    defsig_fpe_outer.o(.text) refers to defsig_exit.o(.text) for __sig_exit
    defsig_fpe_formal.o(.text) refers to rt_raise.o(.text) for __rt_raise
    libinit.o(.ARM.Collect$$libinit$$00000000) refers (Special) to libinit2.o(.ARM.Collect$$libinit$$0000002E) for __rt_lib_init_alloca_1
    libinit.o(.ARM.Collect$$libinit$$00000000) refers (Special) to libinit2.o(.ARM.Collect$$libinit$$0000002C) for __rt_lib_init_argv_1
    libinit.o(.ARM.Collect$$libinit$$00000000) refers (Special) to libinit2.o(.ARM.Collect$$libinit$$0000001B) for __rt_lib_init_atexit_1
    libinit.o(.ARM.Collect$$libinit$$00000000) refers (Special) to libinit2.o(.ARM.Collect$$libinit$$00000021) for __rt_lib_init_clock_1
    libinit.o(.ARM.Collect$$libinit$$00000000) refers (Special) to libinit2.o(.ARM.Collect$$libinit$$00000032) for __rt_lib_init_cpp_1
    libinit.o(.ARM.Collect$$libinit$$00000000) refers (Special) to libinit2.o(.ARM.Collect$$libinit$$00000030) for __rt_lib_init_exceptions_1
    libinit.o(.ARM.Collect$$libinit$$00000000) refers (Special) to libinit2.o(.ARM.Collect$$libinit$$00000002) for __rt_lib_init_fp_1
    libinit.o(.ARM.Collect$$libinit$$00000000) refers (Special) to libinit2.o(.ARM.Collect$$libinit$$0000001F) for __rt_lib_init_fp_trap_1
    libinit.o(.ARM.Collect$$libinit$$00000000) refers (Special) to libinit2.o(.ARM.Collect$$libinit$$00000023) for __rt_lib_init_getenv_1
    libinit.o(.ARM.Collect$$libinit$$00000000) refers (Special) to libinit2.o(.ARM.Collect$$libinit$$0000000A) for __rt_lib_init_heap_1
    libinit.o(.ARM.Collect$$libinit$$00000000) refers (Special) to libinit2.o(.ARM.Collect$$libinit$$00000011) for __rt_lib_init_lc_collate_1
    libinit.o(.ARM.Collect$$libinit$$00000000) refers (Special) to libinit2.o(.ARM.Collect$$libinit$$00000013) for __rt_lib_init_lc_ctype_1
    libinit.o(.ARM.Collect$$libinit$$00000000) refers (Special) to libinit2.o(.ARM.Collect$$libinit$$00000015) for __rt_lib_init_lc_monetary_1
    libinit.o(.ARM.Collect$$libinit$$00000000) refers (Special) to libinit2.o(.ARM.Collect$$libinit$$00000017) for __rt_lib_init_lc_numeric_1
    libinit.o(.ARM.Collect$$libinit$$00000000) refers (Special) to libinit2.o(.ARM.Collect$$libinit$$00000019) for __rt_lib_init_lc_time_1
    libinit.o(.ARM.Collect$$libinit$$00000000) refers (Special) to libinit2.o(.ARM.Collect$$libinit$$00000004) for __rt_lib_init_preinit_1
    libinit.o(.ARM.Collect$$libinit$$00000000) refers (Special) to libinit2.o(.ARM.Collect$$libinit$$0000000E) for __rt_lib_init_rand_1
    libinit.o(.ARM.Collect$$libinit$$00000000) refers (Special) to libinit2.o(.ARM.Collect$$libinit$$00000033) for __rt_lib_init_return
    libinit.o(.ARM.Collect$$libinit$$00000000) refers (Special) to libinit2.o(.ARM.Collect$$libinit$$0000001D) for __rt_lib_init_signal_1
    libinit.o(.ARM.Collect$$libinit$$00000000) refers (Special) to libinit2.o(.ARM.Collect$$libinit$$00000025) for __rt_lib_init_stdio_1
    libinit.o(.ARM.Collect$$libinit$$00000000) refers (Special) to libinit2.o(.ARM.Collect$$libinit$$0000000C) for __rt_lib_init_user_alloc_1
    libspace.o(.text) refers to libspace.o(.bss) for __libspace_start
    rtexit.o(.ARM.Collect$$rtexit$$00000000) refers (Special) to rtexit2.o(.ARM.Collect$$rtexit$$00000004) for __rt_exit_exit
    rtexit.o(.ARM.Collect$$rtexit$$00000000) refers (Special) to rtexit2.o(.ARM.Collect$$rtexit$$00000003) for __rt_exit_ls
    rtexit.o(.ARM.Collect$$rtexit$$00000000) refers (Special) to rtexit2.o(.ARM.Collect$$rtexit$$00000002) for __rt_exit_prels_1
    rtexit.o(.ARM.exidx) refers (Special) to rtexit2.o(.ARM.Collect$$rtexit$$00000004) for __rt_exit_exit
    rtexit.o(.ARM.exidx) refers (Special) to rtexit2.o(.ARM.Collect$$rtexit$$00000003) for __rt_exit_ls
    rtexit.o(.ARM.exidx) refers (Special) to rtexit2.o(.ARM.Collect$$rtexit$$00000002) for __rt_exit_prels_1
    rtexit.o(.ARM.exidx) refers to rtexit.o(.ARM.Collect$$rtexit$$00000000) for .ARM.Collect$$rtexit$$00000000
    rt_raise.o(.text) refers to __raise.o(.text) for __raise
    rt_raise.o(.text) refers to sys_exit.o(.text) for _sys_exit
    defsig_exit.o(.text) refers to sys_exit.o(.text) for _sys_exit
    defsig_fpe_inner.o(.text) refers to defsig_general.o(.text) for __default_signal_display
    libinit2.o(.ARM.Collect$$libinit$$00000010) refers to libinit2.o(.ARM.Collect$$libinit$$0000000F) for .ARM.Collect$$libinit$$0000000F
    libinit2.o(.ARM.Collect$$libinit$$00000012) refers to libinit2.o(.ARM.Collect$$libinit$$0000000F) for .ARM.Collect$$libinit$$0000000F
    libinit2.o(.ARM.Collect$$libinit$$00000014) refers to libinit2.o(.ARM.Collect$$libinit$$0000000F) for .ARM.Collect$$libinit$$0000000F
    libinit2.o(.ARM.Collect$$libinit$$00000016) refers to libinit2.o(.ARM.Collect$$libinit$$0000000F) for .ARM.Collect$$libinit$$0000000F
    libinit2.o(.ARM.Collect$$libinit$$00000018) refers to libinit2.o(.ARM.Collect$$libinit$$0000000F) for .ARM.Collect$$libinit$$0000000F
    libinit2.o(.ARM.Collect$$libinit$$00000026) refers to argv_veneer.o(.emb_text) for __ARM_argv_veneer
    libinit2.o(.ARM.Collect$$libinit$$00000027) refers to argv_veneer.o(.emb_text) for __ARM_argv_veneer
    sys_exit.o(.text) refers (Special) to use_no_semi.o(.text) for __I$use$semihosting
    sys_exit.o(.text) refers (Special) to indicate_semi.o(.text) for __semihosting_library_function
    rtexit2.o(.ARM.Collect$$rtexit$$00000003) refers to libshutdown.o(.ARM.Collect$$libshutdown$$00000000) for __rt_lib_shutdown
    rtexit2.o(.ARM.Collect$$rtexit$$00000004) refers to sys_exit.o(.text) for _sys_exit
    rtexit2.o(.ARM.exidx) refers to rtexit2.o(.ARM.Collect$$rtexit$$00000001) for .ARM.Collect$$rtexit$$00000001
    rtexit2.o(.ARM.exidx) refers to rtexit2.o(.ARM.Collect$$rtexit$$00000003) for .ARM.Collect$$rtexit$$00000003
    rtexit2.o(.ARM.exidx) refers to rtexit2.o(.ARM.Collect$$rtexit$$00000004) for .ARM.Collect$$rtexit$$00000004
    __raise.o(.text) refers to defsig.o(CL$$defsig) for __default_signal_handler
    defsig_general.o(.text) refers to sys_wrch.o(.text) for _ttywrch
    argv_veneer.o(.emb_text) refers to no_argv.o(.text) for __ARM_get_argv
    sys_wrch.o(.text) refers (Special) to use_no_semi.o(.text) for __I$use$semihosting
    sys_wrch.o(.text) refers (Special) to indicate_semi.o(.text) for __semihosting_library_function
    defsig.o(CL$$defsig) refers to defsig_fpe_inner.o(.text) for __rt_SIGFPE_inner
    defsig.o(CL$$defsig) refers to defsig_rtmem_inner.o(.text) for __rt_SIGRTMEM_inner
    _get_argv_nomalloc.o(.text) refers (Special) to hrguard.o(.text) for __heap_region$guard
    _get_argv_nomalloc.o(.text) refers to defsig_rtmem_outer.o(.text) for __rt_SIGRTMEM
    _get_argv_nomalloc.o(.text) refers to sys_command.o(.text) for _sys_command_string
    libshutdown.o(.ARM.Collect$$libshutdown$$00000000) refers (Special) to libshutdown2.o(.ARM.Collect$$libshutdown$$00000002) for __rt_lib_shutdown_cpp_1
    libshutdown.o(.ARM.Collect$$libshutdown$$00000000) refers (Special) to libshutdown2.o(.ARM.Collect$$libshutdown$$00000007) for __rt_lib_shutdown_fp_trap_1
    libshutdown.o(.ARM.Collect$$libshutdown$$00000000) refers (Special) to libshutdown2.o(.ARM.Collect$$libshutdown$$0000000F) for __rt_lib_shutdown_heap_1
    libshutdown.o(.ARM.Collect$$libshutdown$$00000000) refers (Special) to libshutdown2.o(.ARM.Collect$$libshutdown$$00000010) for __rt_lib_shutdown_return
    libshutdown.o(.ARM.Collect$$libshutdown$$00000000) refers (Special) to libshutdown2.o(.ARM.Collect$$libshutdown$$0000000A) for __rt_lib_shutdown_signal_1
    libshutdown.o(.ARM.Collect$$libshutdown$$00000000) refers (Special) to libshutdown2.o(.ARM.Collect$$libshutdown$$00000004) for __rt_lib_shutdown_stdio_1
    libshutdown.o(.ARM.Collect$$libshutdown$$00000000) refers (Special) to libshutdown2.o(.ARM.Collect$$libshutdown$$0000000C) for __rt_lib_shutdown_user_alloc_1
    sys_command.o(.text) refers (Special) to use_no_semi.o(.text) for __I$use$semihosting
    sys_command.o(.text) refers (Special) to indicate_semi.o(.text) for __semihosting_library_function
    defsig_abrt_inner.o(.text) refers to defsig_general.o(.text) for __default_signal_display
    defsig_rtred_inner.o(.text) refers to defsig_general.o(.text) for __default_signal_display
    defsig_rtmem_inner.o(.text) refers to defsig_general.o(.text) for __default_signal_display
    defsig_rtmem_outer.o(.text) refers to defsig_rtmem_inner.o(.text) for __rt_SIGRTMEM_inner
    defsig_rtmem_outer.o(.text) refers to defsig_exit.o(.text) for __sig_exit
    defsig_rtmem_formal.o(.text) refers to rt_raise.o(.text) for __rt_raise
    defsig_stak_inner.o(.text) refers to defsig_general.o(.text) for __default_signal_display
    defsig_pvfn_inner.o(.text) refers to defsig_general.o(.text) for __default_signal_display
    defsig_cppl_inner.o(.text) refers to defsig_general.o(.text) for __default_signal_display
    defsig_segv_inner.o(.text) refers to defsig_general.o(.text) for __default_signal_display
    defsig_other.o(.text) refers to defsig_general.o(.text) for __default_signal_display


==============================================================================

Removing Unused input sections from the image.

    Removing glcd_mcb1700.o(.rev16_text), (4 bytes).
    Removing glcd_mcb1700.o(.revsh_text), (4 bytes).
    Removing glcd_mcb1700.o(.rrx_text), (6 bytes).
    Removing glcd_mcb1700.o(i.GLCD_DrawBargraph), (108 bytes).
    Removing glcd_mcb1700.o(i.GLCD_DrawBitmap), (92 bytes).
    Removing glcd_mcb1700.o(i.GLCD_DrawHLine), (60 bytes).
    Removing glcd_mcb1700.o(i.GLCD_DrawPixel), (128 bytes).
    Removing glcd_mcb1700.o(i.GLCD_DrawRectangle), (58 bytes).
    Removing glcd_mcb1700.o(i.GLCD_DrawVLine), (60 bytes).
    Removing glcd_mcb1700.o(i.GLCD_FrameBufferAccess), (8 bytes).
    Removing glcd_mcb1700.o(i.GLCD_FrameBufferAddress), (4 bytes).
    Removing glcd_mcb1700.o(i.GLCD_SetBackgroundColor), (16 bytes).
    Removing glcd_mcb1700.o(i.GLCD_SetForegroundColor), (16 bytes).
    Removing glcd_mcb1700.o(i.GLCD_Uninitialize), (36 bytes).
    Removing glcd_mcb1700.o(i.GLCD_VScroll), (8 bytes).
    Removing glcd_mcb1700.o(i.wr_dat), (76 bytes).
    Removing ssp_lpc17xx.o(.rev16_text), (4 bytes).
    Removing ssp_lpc17xx.o(.revsh_text), (4 bytes).
    Removing ssp_lpc17xx.o(.rrx_text), (6 bytes).
    Removing uart_lpc17xx.o(.rev16_text), (4 bytes).
    Removing uart_lpc17xx.o(.revsh_text), (4 bytes).
    Removing uart_lpc17xx.o(.rrx_text), (6 bytes).
    Removing gpdma_lpc17xx.o(.rev16_text), (4 bytes).
    Removing gpdma_lpc17xx.o(.revsh_text), (4 bytes).
    Removing gpdma_lpc17xx.o(.rrx_text), (6 bytes).
    Removing gpdma_lpc17xx.o(i.GPDMA_ChannelEnable), (60 bytes).
    Removing gpdma_lpc17xx.o(i.GPDMA_ChannelGetStatus), (36 bytes).
    Removing gpio_lpc17xx.o(.rev16_text), (4 bytes).
    Removing gpio_lpc17xx.o(.revsh_text), (4 bytes).
    Removing gpio_lpc17xx.o(.rrx_text), (6 bytes).
    Removing gpio_lpc17xx.o(i.GPIO_PortRead), (20 bytes).
    Removing gpio_lpc17xx.o(i.GPIO_PortWrite), (32 bytes).
    Removing pin_lpc17xx.o(.rev16_text), (4 bytes).
    Removing pin_lpc17xx.o(.revsh_text), (4 bytes).
    Removing pin_lpc17xx.o(.rrx_text), (6 bytes).
    Removing pin_lpc17xx.o(i.PIN_ConfigureI2C0Pins), (32 bytes).
    Removing pin_lpc17xx.o(i.PIN_ConfigureTPIU), (40 bytes).
    Removing system_lpc17xx.o(.rev16_text), (4 bytes).
    Removing system_lpc17xx.o(.revsh_text), (4 bytes).
    Removing system_lpc17xx.o(.rrx_text), (6 bytes).
    Removing system_lpc17xx.o(i.SystemCoreClockUpdate), (424 bytes).

41 unused section(s) (total 1412 bytes) removed from the image.

==============================================================================

Image Symbol Table

    Local Symbols

    Symbol Name                              Value     Ov Type        Size  Object(Section)

    RESET                                    0x00000000   Section      204  startup_lpc17xx.o(RESET)
    ../clib/angel/boardlib.s                 0x00000000   Number         0  boardinit3.o ABSOLUTE
    ../clib/angel/boardlib.s                 0x00000000   Number         0  boardshut.o ABSOLUTE
    ../clib/angel/boardlib.s                 0x00000000   Number         0  boardinit2.o ABSOLUTE
    ../clib/angel/boardlib.s                 0x00000000   Number         0  boardinit1.o ABSOLUTE
    ../clib/angel/handlers.s                 0x00000000   Number         0  __scatter_copy.o ABSOLUTE
    ../clib/angel/handlers.s                 0x00000000   Number         0  __scatter_zi.o ABSOLUTE
    ../clib/angel/kernel.s                   0x00000000   Number         0  __rtentry.o ABSOLUTE
    ../clib/angel/kernel.s                   0x00000000   Number         0  rtexit.o ABSOLUTE
    ../clib/angel/kernel.s                   0x00000000   Number         0  rtexit2.o ABSOLUTE
    ../clib/angel/kernel.s                   0x00000000   Number         0  __rtentry4.o ABSOLUTE
    ../clib/angel/kernel.s                   0x00000000   Number         0  __rtentry2.o ABSOLUTE
    ../clib/angel/rt.s                       0x00000000   Number         0  aeabi_ldiv0.o ABSOLUTE
    ../clib/angel/rt.s                       0x00000000   Number         0  rt_raise.o ABSOLUTE
    ../clib/angel/rt.s                       0x00000000   Number         0  aeabi_ldiv0_sigfpe.o ABSOLUTE
    ../clib/angel/rt.s                       0x00000000   Number         0  rt_div0.o ABSOLUTE
    ../clib/angel/scatter.s                  0x00000000   Number         0  __scatter.o ABSOLUTE
    ../clib/angel/startup.s                  0x00000000   Number         0  __main.o ABSOLUTE
    ../clib/angel/sys.s                      0x00000000   Number         0  libspace.o ABSOLUTE
    ../clib/angel/sys.s                      0x00000000   Number         0  use_no_semi.o ABSOLUTE
    ../clib/angel/sys.s                      0x00000000   Number         0  indicate_semi.o ABSOLUTE
    ../clib/angel/sys.s                      0x00000000   Number         0  sys_stackheap_outer.o ABSOLUTE
    ../clib/angel/sysapp.c                   0x00000000   Number         0  sys_wrch.o ABSOLUTE
    ../clib/angel/sysapp.c                   0x00000000   Number         0  sys_exit.o ABSOLUTE
    ../clib/angel/sysapp.c                   0x00000000   Number         0  sys_command.o ABSOLUTE
    ../clib/armsys.c                         0x00000000   Number         0  no_argv.o ABSOLUTE
    ../clib/armsys.c                         0x00000000   Number         0  _get_argv_nomalloc.o ABSOLUTE
    ../clib/armsys.c                         0x00000000   Number         0  argv_veneer.o ABSOLUTE
    ../clib/armsys.c                         0x00000000   Number         0  argv_veneer.o ABSOLUTE
    ../clib/heapalloc.c                      0x00000000   Number         0  hrguard.o ABSOLUTE
    ../clib/heapaux.c                        0x00000000   Number         0  heapauxi.o ABSOLUTE
    ../clib/libinit.s                        0x00000000   Number         0  libshutdown.o ABSOLUTE
    ../clib/libinit.s                        0x00000000   Number         0  libinit2.o ABSOLUTE
    ../clib/libinit.s                        0x00000000   Number         0  libshutdown2.o ABSOLUTE
    ../clib/libinit.s                        0x00000000   Number         0  libinit.o ABSOLUTE
    ../clib/longlong.s                       0x00000000   Number         0  lludivv7m.o ABSOLUTE
    ../clib/memcpset.s                       0x00000000   Number         0  rt_memclr_w.o ABSOLUTE
    ../clib/printf.c                         0x00000000   Number         0  __2sprintf.o ABSOLUTE
    ../clib/printf.c                         0x00000000   Number         0  __printf_nopercent.o ABSOLUTE
    ../clib/printf.c                         0x00000000   Number         0  noretval__2sprintf.o ABSOLUTE
    ../clib/printf.c                         0x00000000   Number         0  _sputc.o ABSOLUTE
    ../clib/printf.c                         0x00000000   Number         0  _printf_char_common.o ABSOLUTE
    ../clib/signal.c                         0x00000000   Number         0  defsig_abrt_inner.o ABSOLUTE
    ../clib/signal.c                         0x00000000   Number         0  defsig_general.o ABSOLUTE
    ../clib/signal.c                         0x00000000   Number         0  __raise.o ABSOLUTE
    ../clib/signal.c                         0x00000000   Number         0  defsig_fpe_inner.o ABSOLUTE
    ../clib/signal.c                         0x00000000   Number         0  defsig_exit.o ABSOLUTE
    ../clib/signal.c                         0x00000000   Number         0  defsig_other.o ABSOLUTE
    ../clib/signal.c                         0x00000000   Number         0  defsig_cppl_inner.o ABSOLUTE
    ../clib/signal.c                         0x00000000   Number         0  defsig_fpe_outer.o ABSOLUTE
    ../clib/signal.c                         0x00000000   Number         0  defsig_pvfn_inner.o ABSOLUTE
    ../clib/signal.c                         0x00000000   Number         0  defsig_stak_inner.o ABSOLUTE
    ../clib/signal.c                         0x00000000   Number         0  defsig_rtmem_formal.o ABSOLUTE
    ../clib/signal.c                         0x00000000   Number         0  defsig_rtmem_outer.o ABSOLUTE
    ../clib/signal.c                         0x00000000   Number         0  defsig_rtmem_inner.o ABSOLUTE
    ../clib/signal.c                         0x00000000   Number         0  defsig_rtred_inner.o ABSOLUTE
    ../clib/signal.c                         0x00000000   Number         0  defsig_segv_inner.o ABSOLUTE
    ../clib/signal.c                         0x00000000   Number         0  defsig_fpe_formal.o ABSOLUTE
    ../clib/signal.s                         0x00000000   Number         0  defsig.o ABSOLUTE
    ../clib/stdlib.c                         0x00000000   Number         0  exit.o ABSOLUTE
    ../fplib/fpinit.s                        0x00000000   Number         0  fpinit.o ABSOLUTE
    C:\Keil_v5\ARM\PACK\Keil\LPC1700_DFP\2.4.0\Boards\Keil\MCB1700\Common\GLCD_Fonts.c 0x00000000   Number         0  glcd_fonts.o ABSOLUTE
    C:\Keil_v5\ARM\PACK\Keil\LPC1700_DFP\2.4.0\Boards\Keil\MCB1700\Common\GLCD_MCB1700.c 0x00000000   Number         0  glcd_mcb1700.o ABSOLUTE
    C:\Keil_v5\ARM\PACK\Keil\LPC1700_DFP\2.4.0\RTE_Driver\GPDMA_LPC17xx.c 0x00000000   Number         0  gpdma_lpc17xx.o ABSOLUTE
    C:\Keil_v5\ARM\PACK\Keil\LPC1700_DFP\2.4.0\RTE_Driver\GPIO_LPC17xx.c 0x00000000   Number         0  gpio_lpc17xx.o ABSOLUTE
    C:\Keil_v5\ARM\PACK\Keil\LPC1700_DFP\2.4.0\RTE_Driver\PIN_LPC17xx.c 0x00000000   Number         0  pin_lpc17xx.o ABSOLUTE
    C:\Keil_v5\ARM\PACK\Keil\LPC1700_DFP\2.4.0\RTE_Driver\SSP_LPC17xx.c 0x00000000   Number         0  ssp_lpc17xx.o ABSOLUTE
    C:\Keil_v5\ARM\PACK\Keil\LPC1700_DFP\2.4.0\RTE_Driver\UART_LPC17xx.c 0x00000000   Number         0  uart_lpc17xx.o ABSOLUTE
    C:\\Keil_v5\\ARM\\PACK\\Keil\\LPC1700_DFP\\2.4.0\\Boards\\Keil\\MCB1700\\Common\\GLCD_MCB1700.c 0x00000000   Number         0  glcd_mcb1700.o ABSOLUTE
    C:\\Keil_v5\\ARM\\PACK\\Keil\\LPC1700_DFP\\2.4.0\\RTE_Driver\\GPDMA_LPC17xx.c 0x00000000   Number         0  gpdma_lpc17xx.o ABSOLUTE
    C:\\Keil_v5\\ARM\\PACK\\Keil\\LPC1700_DFP\\2.4.0\\RTE_Driver\\GPIO_LPC17xx.c 0x00000000   Number         0  gpio_lpc17xx.o ABSOLUTE
    C:\\Keil_v5\\ARM\\PACK\\Keil\\LPC1700_DFP\\2.4.0\\RTE_Driver\\PIN_LPC17xx.c 0x00000000   Number         0  pin_lpc17xx.o ABSOLUTE
    C:\\Keil_v5\\ARM\\PACK\\Keil\\LPC1700_DFP\\2.4.0\\RTE_Driver\\SSP_LPC17xx.c 0x00000000   Number         0  ssp_lpc17xx.o ABSOLUTE
    C:\\Keil_v5\\ARM\\PACK\\Keil\\LPC1700_DFP\\2.4.0\\RTE_Driver\\UART_LPC17xx.c 0x00000000   Number         0  uart_lpc17xx.o ABSOLUTE
    RTE\Device\LPC1768\startup_LPC17xx.s     0x00000000   Number         0  startup_lpc17xx.o ABSOLUTE
    RTE\Device\LPC1768\system_LPC17xx.c      0x00000000   Number         0  system_lpc17xx.o ABSOLUTE
    RTE\\Device\\LPC1768\\system_LPC17xx.c   0x00000000   Number         0  system_lpc17xx.o ABSOLUTE
    baseLCD.c                                0x00000000   Number         0  baselcd.o ABSOLUTE
    dc.s                                     0x00000000   Number         0  dc.o ABSOLUTE
    !!!main                                  0x000000cc   Section        8  __main.o(!!!main)
    !!!scatter                               0x000000d4   Section       52  __scatter.o(!!!scatter)
    !!handler_copy                           0x00000108   Section       26  __scatter_copy.o(!!handler_copy)
    !!handler_zi                             0x00000124   Section       28  __scatter_zi.o(!!handler_zi)
    .ARM.Collect$$libinit$$00000000          0x00000140   Section        2  libinit.o(.ARM.Collect$$libinit$$00000000)
    .ARM.Collect$$libinit$$00000002          0x00000142   Section        0  libinit2.o(.ARM.Collect$$libinit$$00000002)
    .ARM.Collect$$libinit$$00000004          0x00000142   Section        0  libinit2.o(.ARM.Collect$$libinit$$00000004)
    .ARM.Collect$$libinit$$0000000A          0x00000142   Section        0  libinit2.o(.ARM.Collect$$libinit$$0000000A)
    .ARM.Collect$$libinit$$0000000C          0x00000142   Section        0  libinit2.o(.ARM.Collect$$libinit$$0000000C)
    .ARM.Collect$$libinit$$0000000E          0x00000142   Section        0  libinit2.o(.ARM.Collect$$libinit$$0000000E)
    .ARM.Collect$$libinit$$00000011          0x00000142   Section        0  libinit2.o(.ARM.Collect$$libinit$$00000011)
    .ARM.Collect$$libinit$$00000013          0x00000142   Section        0  libinit2.o(.ARM.Collect$$libinit$$00000013)
    .ARM.Collect$$libinit$$00000015          0x00000142   Section        0  libinit2.o(.ARM.Collect$$libinit$$00000015)
    .ARM.Collect$$libinit$$00000017          0x00000142   Section        0  libinit2.o(.ARM.Collect$$libinit$$00000017)
    .ARM.Collect$$libinit$$00000019          0x00000142   Section        0  libinit2.o(.ARM.Collect$$libinit$$00000019)
    .ARM.Collect$$libinit$$0000001B          0x00000142   Section        0  libinit2.o(.ARM.Collect$$libinit$$0000001B)
    .ARM.Collect$$libinit$$0000001D          0x00000142   Section        0  libinit2.o(.ARM.Collect$$libinit$$0000001D)
    .ARM.Collect$$libinit$$0000001F          0x00000142   Section        0  libinit2.o(.ARM.Collect$$libinit$$0000001F)
    .ARM.Collect$$libinit$$00000021          0x00000142   Section        0  libinit2.o(.ARM.Collect$$libinit$$00000021)
    .ARM.Collect$$libinit$$00000023          0x00000142   Section        0  libinit2.o(.ARM.Collect$$libinit$$00000023)
    .ARM.Collect$$libinit$$00000025          0x00000142   Section        0  libinit2.o(.ARM.Collect$$libinit$$00000025)
    .ARM.Collect$$libinit$$0000002C          0x00000142   Section        0  libinit2.o(.ARM.Collect$$libinit$$0000002C)
    .ARM.Collect$$libinit$$0000002E          0x00000142   Section        0  libinit2.o(.ARM.Collect$$libinit$$0000002E)
    .ARM.Collect$$libinit$$00000030          0x00000142   Section        0  libinit2.o(.ARM.Collect$$libinit$$00000030)
    .ARM.Collect$$libinit$$00000032          0x00000142   Section        0  libinit2.o(.ARM.Collect$$libinit$$00000032)
    .ARM.Collect$$libinit$$00000033          0x00000142   Section        2  libinit2.o(.ARM.Collect$$libinit$$00000033)
    .ARM.Collect$$libshutdown$$00000000      0x00000144   Section        2  libshutdown.o(.ARM.Collect$$libshutdown$$00000000)
    .ARM.Collect$$libshutdown$$00000002      0x00000146   Section        0  libshutdown2.o(.ARM.Collect$$libshutdown$$00000002)
    .ARM.Collect$$libshutdown$$00000004      0x00000146   Section        0  libshutdown2.o(.ARM.Collect$$libshutdown$$00000004)
    .ARM.Collect$$libshutdown$$00000007      0x00000146   Section        0  libshutdown2.o(.ARM.Collect$$libshutdown$$00000007)
    .ARM.Collect$$libshutdown$$0000000A      0x00000146   Section        0  libshutdown2.o(.ARM.Collect$$libshutdown$$0000000A)
    .ARM.Collect$$libshutdown$$0000000C      0x00000146   Section        0  libshutdown2.o(.ARM.Collect$$libshutdown$$0000000C)
    .ARM.Collect$$libshutdown$$0000000F      0x00000146   Section        0  libshutdown2.o(.ARM.Collect$$libshutdown$$0000000F)
    .ARM.Collect$$libshutdown$$00000010      0x00000146   Section        2  libshutdown2.o(.ARM.Collect$$libshutdown$$00000010)
    .ARM.Collect$$rtentry$$00000000          0x00000148   Section        0  __rtentry.o(.ARM.Collect$$rtentry$$00000000)
    .ARM.Collect$$rtentry$$00000002          0x00000148   Section        0  __rtentry2.o(.ARM.Collect$$rtentry$$00000002)
    .ARM.Collect$$rtentry$$00000004          0x00000148   Section        6  __rtentry4.o(.ARM.Collect$$rtentry$$00000004)
    .ARM.Collect$$rtentry$$00000009          0x0000014e   Section        0  __rtentry2.o(.ARM.Collect$$rtentry$$00000009)
    .ARM.Collect$$rtentry$$0000000A          0x0000014e   Section        4  __rtentry2.o(.ARM.Collect$$rtentry$$0000000A)
    .ARM.Collect$$rtentry$$0000000C          0x00000152   Section        0  __rtentry2.o(.ARM.Collect$$rtentry$$0000000C)
    .ARM.Collect$$rtentry$$0000000D          0x00000152   Section        8  __rtentry2.o(.ARM.Collect$$rtentry$$0000000D)
    .ARM.Collect$$rtexit$$00000000           0x0000015a   Section        2  rtexit.o(.ARM.Collect$$rtexit$$00000000)
    .ARM.Collect$$rtexit$$00000002           0x0000015c   Section        0  rtexit2.o(.ARM.Collect$$rtexit$$00000002)
    .ARM.Collect$$rtexit$$00000003           0x0000015c   Section        4  rtexit2.o(.ARM.Collect$$rtexit$$00000003)
    .ARM.Collect$$rtexit$$00000004           0x00000160   Section        6  rtexit2.o(.ARM.Collect$$rtexit$$00000004)
    .text                                    0x00000168   Section       60  startup_lpc17xx.o(.text)
    .text                                    0x000001a4   Section      238  lludivv7m.o(.text)
    .text                                    0x00000294   Section        0  noretval__2sprintf.o(.text)
    .text                                    0x000002bc   Section        0  heapauxi.o(.text)
    .text                                    0x000002c4   Section        0  _printf_char_common.o(.text)
    _printf_input_char                       0x000002c5   Thumb Code    10  _printf_char_common.o(.text)
    .text                                    0x000002f4   Section        8  libspace.o(.text)
    .ARM.__at_0x02FC                         0x000002fc   Section        4  startup_lpc17xx.o(.ARM.__at_0x02FC)
    .text                                    0x00000300   Section       78  rt_memclr_w.o(.text)
    .text                                    0x0000034e   Section        0  _sputc.o(.text)
    .text                                    0x00000358   Section        0  __printf_nopercent.o(.text)
    .text                                    0x00000380   Section       74  sys_stackheap_outer.o(.text)
    .text                                    0x000003ca   Section        0  exit.o(.text)
    .text                                    0x000003dc   Section        0  sys_exit.o(.text)
    .text                                    0x000003e8   Section        2  use_no_semi.o(.text)
    .text                                    0x000003ea   Section        0  indicate_semi.o(.text)
    i.Clear_Channel_active_flag              0x000003ec   Section        0  gpdma_lpc17xx.o(i.Clear_Channel_active_flag)
    Clear_Channel_active_flag                0x000003ed   Thumb Code    28  gpdma_lpc17xx.o(i.Clear_Channel_active_flag)
    i.DMA_IRQHandler                         0x0000040c   Section        0  gpdma_lpc17xx.o(i.DMA_IRQHandler)
    i.GLCD_ClearScreen                       0x0000058c   Section        0  glcd_mcb1700.o(i.GLCD_ClearScreen)
    i.GLCD_DrawChar                          0x000005bc   Section        0  glcd_mcb1700.o(i.GLCD_DrawChar)
    i.GLCD_DrawString                        0x0000068c   Section        0  glcd_mcb1700.o(i.GLCD_DrawString)
    i.GLCD_Initialize                        0x000006b8   Section        0  glcd_mcb1700.o(i.GLCD_Initialize)
    i.GLCD_SetFont                           0x00000c70   Section        0  glcd_mcb1700.o(i.GLCD_SetFont)
    i.GLCD_SetWindow                         0x00000c80   Section        0  glcd_mcb1700.o(i.GLCD_SetWindow)
    i.GLCD_WindowMax                         0x00000d2c   Section        0  glcd_mcb1700.o(i.GLCD_WindowMax)
    i.GPDMA_ChannelConfigure                 0x00000d40   Section        0  gpdma_lpc17xx.o(i.GPDMA_ChannelConfigure)
    i.GPDMA_ChannelDisable                   0x00000e34   Section        0  gpdma_lpc17xx.o(i.GPDMA_ChannelDisable)
    i.GPDMA_ChannelGetCount                  0x00000e64   Section        0  gpdma_lpc17xx.o(i.GPDMA_ChannelGetCount)
    i.GPDMA_Initialize                       0x00000e94   Section        0  gpdma_lpc17xx.o(i.GPDMA_Initialize)
    i.GPDMA_PeripheralSelect                 0x00000f3c   Section        0  gpdma_lpc17xx.o(i.GPDMA_PeripheralSelect)
    i.GPDMA_Uninitialize                     0x00000f80   Section        0  gpdma_lpc17xx.o(i.GPDMA_Uninitialize)
    i.GPIO_PinRead                           0x00001000   Section        0  gpio_lpc17xx.o(i.GPIO_PinRead)
    i.GPIO_PinWrite                          0x00001020   Section        0  gpio_lpc17xx.o(i.GPIO_PinWrite)
    i.GPIO_PortClock                         0x00001048   Section        0  gpio_lpc17xx.o(i.GPIO_PortClock)
    i.GPIO_SetDir                            0x00001074   Section        0  gpio_lpc17xx.o(i.GPIO_SetDir)
    i.GetSSPClockFreq                        0x000010ac   Section        0  ssp_lpc17xx.o(i.GetSSPClockFreq)
    GetSSPClockFreq                          0x000010ad   Thumb Code    64  ssp_lpc17xx.o(i.GetSSPClockFreq)
    i.GetUsartClockFreq                      0x000010f0   Section        0  uart_lpc17xx.o(i.GetUsartClockFreq)
    GetUsartClockFreq                        0x000010f1   Thumb Code    62  uart_lpc17xx.o(i.GetUsartClockFreq)
    i.Init_UART                              0x00001134   Section        0  baselcd.o(i.Init_UART)
    i.PIN_Configure                          0x0000116c   Section        0  pin_lpc17xx.o(i.PIN_Configure)
    i.SSP1_Control                           0x00001268   Section        0  ssp_lpc17xx.o(i.SSP1_Control)
    SSP1_Control                             0x00001269   Thumb Code    18  ssp_lpc17xx.o(i.SSP1_Control)
    i.SSP1_GPDMA_Rx_SignalEvent              0x00001280   Section        0  ssp_lpc17xx.o(i.SSP1_GPDMA_Rx_SignalEvent)
    i.SSP1_GPDMA_Tx_SignalEvent              0x00001294   Section        0  ssp_lpc17xx.o(i.SSP1_GPDMA_Tx_SignalEvent)
    i.SSP1_GetDataCount                      0x000012a8   Section        0  ssp_lpc17xx.o(i.SSP1_GetDataCount)
    SSP1_GetDataCount                        0x000012a9   Thumb Code    10  ssp_lpc17xx.o(i.SSP1_GetDataCount)
    i.SSP1_GetStatus                         0x000012b8   Section        0  ssp_lpc17xx.o(i.SSP1_GetStatus)
    SSP1_GetStatus                           0x000012b9   Thumb Code    12  ssp_lpc17xx.o(i.SSP1_GetStatus)
    i.SSP1_IRQHandler                        0x000012c8   Section        0  ssp_lpc17xx.o(i.SSP1_IRQHandler)
    i.SSP1_Initialize                        0x000012d8   Section        0  ssp_lpc17xx.o(i.SSP1_Initialize)
    SSP1_Initialize                          0x000012d9   Thumb Code    14  ssp_lpc17xx.o(i.SSP1_Initialize)
    i.SSP1_PowerControl                      0x000012ec   Section        0  ssp_lpc17xx.o(i.SSP1_PowerControl)
    SSP1_PowerControl                        0x000012ed   Thumb Code    14  ssp_lpc17xx.o(i.SSP1_PowerControl)
    i.SSP1_Receive                           0x00001300   Section        0  ssp_lpc17xx.o(i.SSP1_Receive)
    SSP1_Receive                             0x00001301   Thumb Code    18  ssp_lpc17xx.o(i.SSP1_Receive)
    i.SSP1_Send                              0x00001318   Section        0  ssp_lpc17xx.o(i.SSP1_Send)
    SSP1_Send                                0x00001319   Thumb Code    18  ssp_lpc17xx.o(i.SSP1_Send)
    i.SSP1_Transfer                          0x00001330   Section        0  ssp_lpc17xx.o(i.SSP1_Transfer)
    SSP1_Transfer                            0x00001331   Thumb Code    22  ssp_lpc17xx.o(i.SSP1_Transfer)
    i.SSP1_Uninitialize                      0x0000134c   Section        0  ssp_lpc17xx.o(i.SSP1_Uninitialize)
    SSP1_Uninitialize                        0x0000134d   Thumb Code    10  ssp_lpc17xx.o(i.SSP1_Uninitialize)
    i.SSP_GetCapabilities                    0x0000135c   Section        0  ssp_lpc17xx.o(i.SSP_GetCapabilities)
    SSP_GetCapabilities                      0x0000135d   Thumb Code     6  ssp_lpc17xx.o(i.SSP_GetCapabilities)
    i.SSP_GetVersion                         0x00001368   Section        0  ssp_lpc17xx.o(i.SSP_GetVersion)
    SSP_GetVersion                           0x00001369   Thumb Code    10  ssp_lpc17xx.o(i.SSP_GetVersion)
    i.SSPx_Control                           0x00001378   Section        0  ssp_lpc17xx.o(i.SSPx_Control)
    SSPx_Control                             0x00001379   Thumb Code  1310  ssp_lpc17xx.o(i.SSPx_Control)
    i.SSPx_GPDMA_Rx_SignalEvent              0x00001896   Section        0  ssp_lpc17xx.o(i.SSPx_GPDMA_Rx_SignalEvent)
    i.SSPx_GPDMA_Tx_SignalEvent              0x000018cc   Section        0  ssp_lpc17xx.o(i.SSPx_GPDMA_Tx_SignalEvent)
    i.SSPx_GetDataCount                      0x000018e8   Section        0  ssp_lpc17xx.o(i.SSPx_GetDataCount)
    SSPx_GetDataCount                        0x000018e9   Thumb Code    44  ssp_lpc17xx.o(i.SSPx_GetDataCount)
    i.SSPx_GetStatus                         0x00001914   Section        0  ssp_lpc17xx.o(i.SSPx_GetStatus)
    SSPx_GetStatus                           0x00001915   Thumb Code    90  ssp_lpc17xx.o(i.SSPx_GetStatus)
    i.SSPx_IRQHandler                        0x0000196e   Section        0  ssp_lpc17xx.o(i.SSPx_IRQHandler)
    SSPx_IRQHandler                          0x0000196f   Thumb Code   260  ssp_lpc17xx.o(i.SSPx_IRQHandler)
    i.SSPx_Initialize                        0x00001a72   Section        0  ssp_lpc17xx.o(i.SSPx_Initialize)
    SSPx_Initialize                          0x00001a73   Thumb Code   168  ssp_lpc17xx.o(i.SSPx_Initialize)
    i.SSPx_PowerControl                      0x00001b1c   Section        0  ssp_lpc17xx.o(i.SSPx_PowerControl)
    SSPx_PowerControl                        0x00001b1d   Thumb Code   430  ssp_lpc17xx.o(i.SSPx_PowerControl)
    i.SSPx_Receive                           0x00001cd0   Section        0  ssp_lpc17xx.o(i.SSPx_Receive)
    SSPx_Receive                             0x00001cd1   Thumb Code   344  ssp_lpc17xx.o(i.SSPx_Receive)
    i.SSPx_Send                              0x00001e2c   Section        0  ssp_lpc17xx.o(i.SSPx_Send)
    SSPx_Send                                0x00001e2d   Thumb Code   336  ssp_lpc17xx.o(i.SSPx_Send)
    i.SSPx_Transfer                          0x00001f80   Section        0  ssp_lpc17xx.o(i.SSPx_Transfer)
    SSPx_Transfer                            0x00001f81   Thumb Code   338  ssp_lpc17xx.o(i.SSPx_Transfer)
    i.SSPx_Uninitialize                      0x000020d2   Section        0  ssp_lpc17xx.o(i.SSPx_Uninitialize)
    SSPx_Uninitialize                        0x000020d3   Thumb Code   112  ssp_lpc17xx.o(i.SSPx_Uninitialize)
    i.Set_Channel_active_flag                0x00002144   Section        0  gpdma_lpc17xx.o(i.Set_Channel_active_flag)
    Set_Channel_active_flag                  0x00002145   Thumb Code    50  gpdma_lpc17xx.o(i.Set_Channel_active_flag)
    i.SystemInit                             0x0000217c   Section        0  system_lpc17xx.o(i.SystemInit)
    i.UART1_IRQHandler                       0x000022bc   Section        0  uart_lpc17xx.o(i.UART1_IRQHandler)
    i.USART1_Control                         0x000022cc   Section        0  uart_lpc17xx.o(i.USART1_Control)
    USART1_Control                           0x000022cd   Thumb Code    18  uart_lpc17xx.o(i.USART1_Control)
    i.USART1_GPDMA_Rx_Event                  0x000022e4   Section        0  uart_lpc17xx.o(i.USART1_GPDMA_Rx_Event)
    i.USART1_GPDMA_Tx_Event                  0x000022f8   Section        0  uart_lpc17xx.o(i.USART1_GPDMA_Tx_Event)
    i.USART1_GetCapabilities                 0x0000230c   Section        0  uart_lpc17xx.o(i.USART1_GetCapabilities)
    USART1_GetCapabilities                   0x0000230d   Thumb Code    12  uart_lpc17xx.o(i.USART1_GetCapabilities)
    i.USART1_GetModemStatus                  0x0000231c   Section        0  uart_lpc17xx.o(i.USART1_GetModemStatus)
    USART1_GetModemStatus                    0x0000231d   Thumb Code    12  uart_lpc17xx.o(i.USART1_GetModemStatus)
    i.USART1_GetRxCount                      0x0000232c   Section        0  uart_lpc17xx.o(i.USART1_GetRxCount)
    USART1_GetRxCount                        0x0000232d   Thumb Code    10  uart_lpc17xx.o(i.USART1_GetRxCount)
    i.USART1_GetStatus                       0x0000233c   Section        0  uart_lpc17xx.o(i.USART1_GetStatus)
    USART1_GetStatus                         0x0000233d   Thumb Code    12  uart_lpc17xx.o(i.USART1_GetStatus)
    i.USART1_GetTxCount                      0x0000234c   Section        0  uart_lpc17xx.o(i.USART1_GetTxCount)
    USART1_GetTxCount                        0x0000234d   Thumb Code    10  uart_lpc17xx.o(i.USART1_GetTxCount)
    i.USART1_Initialize                      0x0000235c   Section        0  uart_lpc17xx.o(i.USART1_Initialize)
    USART1_Initialize                        0x0000235d   Thumb Code    14  uart_lpc17xx.o(i.USART1_Initialize)
    i.USART1_PowerControl                    0x00002370   Section        0  uart_lpc17xx.o(i.USART1_PowerControl)
    USART1_PowerControl                      0x00002371   Thumb Code    14  uart_lpc17xx.o(i.USART1_PowerControl)
    i.USART1_Receive                         0x00002384   Section        0  uart_lpc17xx.o(i.USART1_Receive)
    USART1_Receive                           0x00002385   Thumb Code    18  uart_lpc17xx.o(i.USART1_Receive)
    i.USART1_Send                            0x0000239c   Section        0  uart_lpc17xx.o(i.USART1_Send)
    USART1_Send                              0x0000239d   Thumb Code    18  uart_lpc17xx.o(i.USART1_Send)
    i.USART1_SetModemControl                 0x000023b4   Section        0  uart_lpc17xx.o(i.USART1_SetModemControl)
    USART1_SetModemControl                   0x000023b5   Thumb Code    14  uart_lpc17xx.o(i.USART1_SetModemControl)
    i.USART1_Transfer                        0x000023c8   Section        0  uart_lpc17xx.o(i.USART1_Transfer)
    USART1_Transfer                          0x000023c9   Thumb Code    22  uart_lpc17xx.o(i.USART1_Transfer)
    i.USART1_Uninitialize                    0x000023e4   Section        0  uart_lpc17xx.o(i.USART1_Uninitialize)
    USART1_Uninitialize                      0x000023e5   Thumb Code    10  uart_lpc17xx.o(i.USART1_Uninitialize)
    i.USART_Control                          0x000023f4   Section        0  uart_lpc17xx.o(i.USART_Control)
    USART_Control                            0x000023f5   Thumb Code  1642  uart_lpc17xx.o(i.USART_Control)
    i.USART_GPDMA_Rx_Event                   0x00002a64   Section        0  uart_lpc17xx.o(i.USART_GPDMA_Rx_Event)
    USART_GPDMA_Rx_Event                     0x00002a65   Thumb Code   134  uart_lpc17xx.o(i.USART_GPDMA_Rx_Event)
    i.USART_GPDMA_Tx_Event                   0x00002aea   Section        0  uart_lpc17xx.o(i.USART_GPDMA_Tx_Event)
    USART_GPDMA_Tx_Event                     0x00002aeb   Thumb Code    74  uart_lpc17xx.o(i.USART_GPDMA_Tx_Event)
    i.USART_GetCapabilities                  0x00002b34   Section        0  uart_lpc17xx.o(i.USART_GetCapabilities)
    USART_GetCapabilities                    0x00002b35   Thumb Code     6  uart_lpc17xx.o(i.USART_GetCapabilities)
    i.USART_GetModemStatus                   0x00002b3a   Section        0  uart_lpc17xx.o(i.USART_GetModemStatus)
    USART_GetModemStatus                     0x00002b3b   Thumb Code   236  uart_lpc17xx.o(i.USART_GetModemStatus)
    i.USART_GetRxCount                       0x00002c26   Section        0  uart_lpc17xx.o(i.USART_GetRxCount)
    USART_GetRxCount                         0x00002c27   Thumb Code    28  uart_lpc17xx.o(i.USART_GetRxCount)
    i.USART_GetStatus                        0x00002c42   Section        0  uart_lpc17xx.o(i.USART_GetStatus)
    USART_GetStatus                          0x00002c43   Thumb Code   188  uart_lpc17xx.o(i.USART_GetStatus)
    i.USART_GetTxCount                       0x00002cfe   Section        0  uart_lpc17xx.o(i.USART_GetTxCount)
    USART_GetTxCount                         0x00002cff   Thumb Code    28  uart_lpc17xx.o(i.USART_GetTxCount)
    i.USART_IRQHandler                       0x00002d1a   Section        0  uart_lpc17xx.o(i.USART_IRQHandler)
    USART_IRQHandler                         0x00002d1b   Thumb Code   620  uart_lpc17xx.o(i.USART_IRQHandler)
    i.USART_Initialize                       0x00002f86   Section        0  uart_lpc17xx.o(i.USART_Initialize)
    USART_Initialize                         0x00002f87   Thumb Code   254  uart_lpc17xx.o(i.USART_Initialize)
    i.USART_PowerControl                     0x00003084   Section        0  uart_lpc17xx.o(i.USART_PowerControl)
    USART_PowerControl                       0x00003085   Thumb Code   584  uart_lpc17xx.o(i.USART_PowerControl)
    i.USART_Receive                          0x000032d0   Section        0  uart_lpc17xx.o(i.USART_Receive)
    USART_Receive                            0x000032d1   Thumb Code   272  uart_lpc17xx.o(i.USART_Receive)
    i.USART_RxLineIntHandler                 0x000033e0   Section        0  uart_lpc17xx.o(i.USART_RxLineIntHandler)
    USART_RxLineIntHandler                   0x000033e1   Thumb Code   104  uart_lpc17xx.o(i.USART_RxLineIntHandler)
    i.USART_Send                             0x00003448   Section        0  uart_lpc17xx.o(i.USART_Send)
    USART_Send                               0x00003449   Thumb Code   412  uart_lpc17xx.o(i.USART_Send)
    i.USART_SetBaudrate                      0x000035e4   Section        0  uart_lpc17xx.o(i.USART_SetBaudrate)
    i.USART_SetModemControl                  0x00003718   Section        0  uart_lpc17xx.o(i.USART_SetModemControl)
    USART_SetModemControl                    0x00003719   Thumb Code   160  uart_lpc17xx.o(i.USART_SetModemControl)
    i.USART_Transfer                         0x000037b8   Section        0  uart_lpc17xx.o(i.USART_Transfer)
    USART_Transfer                           0x000037b9   Thumb Code   122  uart_lpc17xx.o(i.USART_Transfer)
    i.USART_Uninitialize                     0x00003832   Section        0  uart_lpc17xx.o(i.USART_Uninitialize)
    USART_Uninitialize                       0x00003833   Thumb Code   226  uart_lpc17xx.o(i.USART_Uninitialize)
    i.USARTx_GetVersion                      0x00003914   Section        0  uart_lpc17xx.o(i.USARTx_GetVersion)
    USARTx_GetVersion                        0x00003915   Thumb Code    10  uart_lpc17xx.o(i.USARTx_GetVersion)
    i.__NVIC_ClearPendingIRQ                 0x00003924   Section        0  ssp_lpc17xx.o(i.__NVIC_ClearPendingIRQ)
    __NVIC_ClearPendingIRQ                   0x00003925   Thumb Code    22  ssp_lpc17xx.o(i.__NVIC_ClearPendingIRQ)
    i.__NVIC_ClearPendingIRQ                 0x00003940   Section        0  uart_lpc17xx.o(i.__NVIC_ClearPendingIRQ)
    __NVIC_ClearPendingIRQ                   0x00003941   Thumb Code    22  uart_lpc17xx.o(i.__NVIC_ClearPendingIRQ)
    i.__NVIC_ClearPendingIRQ                 0x0000395c   Section        0  gpdma_lpc17xx.o(i.__NVIC_ClearPendingIRQ)
    __NVIC_ClearPendingIRQ                   0x0000395d   Thumb Code    22  gpdma_lpc17xx.o(i.__NVIC_ClearPendingIRQ)
    i.delay_ms                               0x00003978   Section        0  glcd_mcb1700.o(i.delay_ms)
    delay_ms                                 0x00003979   Thumb Code    38  glcd_mcb1700.o(i.delay_ms)
    i.main                                   0x000039a4   Section        0  baselcd.o(i.main)
    i.rd_dat                                 0x00003a34   Section        0  glcd_mcb1700.o(i.rd_dat)
    rd_dat                                   0x00003a35   Thumb Code    64  glcd_mcb1700.o(i.rd_dat)
    i.rd_id_man                              0x00003a78   Section        0  glcd_mcb1700.o(i.rd_id_man)
    rd_id_man                                0x00003a79   Thumb Code   196  glcd_mcb1700.o(i.rd_id_man)
    i.rd_reg                                 0x00003b40   Section        0  glcd_mcb1700.o(i.rd_reg)
    rd_reg                                   0x00003b41   Thumb Code    16  glcd_mcb1700.o(i.rd_reg)
    i.spi_tran                               0x00003b50   Section        0  glcd_mcb1700.o(i.spi_tran)
    spi_tran                                 0x00003b51   Thumb Code    40  glcd_mcb1700.o(i.spi_tran)
    i.spi_tran_man                           0x00003b7c   Section        0  glcd_mcb1700.o(i.spi_tran_man)
    spi_tran_man                             0x00003b7d   Thumb Code   132  glcd_mcb1700.o(i.spi_tran_man)
    i.wr_cmd                                 0x00003c04   Section        0  glcd_mcb1700.o(i.wr_cmd)
    wr_cmd                                   0x00003c05   Thumb Code    70  glcd_mcb1700.o(i.wr_cmd)
    i.wr_dat_only                            0x00003c50   Section        0  glcd_mcb1700.o(i.wr_dat_only)
    wr_dat_only                              0x00003c51   Thumb Code    46  glcd_mcb1700.o(i.wr_dat_only)
    i.wr_dat_start                           0x00003c84   Section        0  glcd_mcb1700.o(i.wr_dat_start)
    wr_dat_start                             0x00003c85   Thumb Code    20  glcd_mcb1700.o(i.wr_dat_start)
    i.wr_dat_stop                            0x00003c9c   Section        0  glcd_mcb1700.o(i.wr_dat_stop)
    wr_dat_stop                              0x00003c9d   Thumb Code    14  glcd_mcb1700.o(i.wr_dat_stop)
    i.wr_reg                                 0x00003cb0   Section        0  glcd_mcb1700.o(i.wr_reg)
    wr_reg                                   0x00003cb1   Thumb Code   140  glcd_mcb1700.o(i.wr_reg)
    .constdata                               0x00003d40   Section     6304  glcd_fonts.o(.constdata)
    Font_6x8_h                               0x00003d40   Data         896  glcd_fonts.o(.constdata)
    Font_16x24_h                             0x000040c0   Data        5376  glcd_fonts.o(.constdata)
    .constdata                               0x000055e0   Section      124  ssp_lpc17xx.o(.constdata)
    DriverVersion                            0x000055e0   Data           4  ssp_lpc17xx.o(.constdata)
    DriverCapabilities                       0x000055e4   Data           4  ssp_lpc17xx.o(.constdata)
    SSP1_Resources                           0x000055e8   Data          72  ssp_lpc17xx.o(.constdata)
    .constdata                               0x0000565c   Section      464  uart_lpc17xx.o(.constdata)
    usart_driver_version                     0x0000565c   Data           4  uart_lpc17xx.o(.constdata)
    fract_div_lookup_table                   0x00005660   Data         288  uart_lpc17xx.o(.constdata)
    USART1_DMA_Tx                            0x00005780   Data           8  uart_lpc17xx.o(.constdata)
    USART1_DMA_Rx                            0x00005788   Data           8  uart_lpc17xx.o(.constdata)
    USART1_Resources                         0x00005790   Data         100  uart_lpc17xx.o(.constdata)
    .data                                    0x10000000   Section       17  glcd_mcb1700.o(.data)
    spi1_pins                                0x10000000   Data           8  glcd_mcb1700.o(.data)
    foreground_color                         0x10000008   Data           2  glcd_mcb1700.o(.data)
    background_color                         0x1000000a   Data           2  glcd_mcb1700.o(.data)
    active_font                              0x1000000c   Data           4  glcd_mcb1700.o(.data)
    Himax                                    0x10000010   Data           1  glcd_mcb1700.o(.data)
    .data                                    0x10000014   Section       16  ssp_lpc17xx.o(.data)
    SSP1_pin_sck                             0x10000014   Data           2  ssp_lpc17xx.o(.data)
    SSP1_pin_miso                            0x10000016   Data           2  ssp_lpc17xx.o(.data)
    SSP1_pin_mosi                            0x10000018   Data           2  ssp_lpc17xx.o(.data)
    SSP1_pin_ssel                            0x1000001a   Data           2  ssp_lpc17xx.o(.data)
    dummy_data                               0x1000001c   Data           4  ssp_lpc17xx.o(.data)
    dummy_data                               0x10000020   Data           4  ssp_lpc17xx.o(.data)
    .data                                    0x10000024   Section        4  uart_lpc17xx.o(.data)
    USART1_pin_tx                            0x10000024   Data           2  uart_lpc17xx.o(.data)
    USART1_pin_rx                            0x10000026   Data           2  uart_lpc17xx.o(.data)
    .data                                    0x10000028   Section        8  gpdma_lpc17xx.o(.data)
    Channel_active                           0x10000028   Data           4  gpdma_lpc17xx.o(.data)
    Init_cnt                                 0x1000002c   Data           4  gpdma_lpc17xx.o(.data)
    .data                                    0x10000030   Section        4  system_lpc17xx.o(.data)
    .bss                                     0x10000034   Section       40  ssp_lpc17xx.o(.bss)
    SSP1_Info                                0x10000034   Data          12  ssp_lpc17xx.o(.bss)
    SSP1_Xfer                                0x10000040   Data          28  ssp_lpc17xx.o(.bss)
    .bss                                     0x1000005c   Section       52  uart_lpc17xx.o(.bss)
    USART1_Info                              0x1000005c   Data          52  uart_lpc17xx.o(.bss)
    .bss                                     0x10000090   Section      160  gpdma_lpc17xx.o(.bss)
    Channel_info                             0x10000090   Data         160  gpdma_lpc17xx.o(.bss)
    .bss                                     0x10000130   Section       96  libspace.o(.bss)
    HEAP                                     0x10000190   Section        0  startup_lpc17xx.o(HEAP)
    STACK                                    0x10000190   Section      512  startup_lpc17xx.o(STACK)
    Heap_Mem                                 0x10000190   Data           0  startup_lpc17xx.o(HEAP)
    Stack_Mem                                0x10000190   Data         512  startup_lpc17xx.o(STACK)
    __initial_sp                             0x10000390   Data           0  startup_lpc17xx.o(STACK)

    Global Symbols

    Symbol Name                              Value     Ov Type        Size  Object(Section)

    BuildAttributes$$THM_ISAv4$P$D$K$B$S$PE$A:L22UL41UL21$X:L11$S22US41US21$IEEE1$IW$USESV6$~STKCKD$USESV7$~SHL$OSPACE$ROPI$EBA8$UX$STANDARDLIB$REQ8$PRES8$EABIv2 0x00000000   Number         0  anon$$obj.o ABSOLUTE
    __ARM_use_no_argv                        0x00000000   Number         0  baselcd.o ABSOLUTE
    __Vectors                                0x00000000   Data           4  startup_lpc17xx.o(RESET)
    __ARM_exceptions_init                     - Undefined Weak Reference
    __alloca_initialize                       - Undefined Weak Reference
    __arm_preinit_                            - Undefined Weak Reference
    __cpp_initialize__aeabi_                  - Undefined Weak Reference
    __cxa_finalize                            - Undefined Weak Reference
    __rt_locale                               - Undefined Weak Reference
    __sigvec_lookup                           - Undefined Weak Reference
    _atexit_init                              - Undefined Weak Reference
    _call_atexit_fns                          - Undefined Weak Reference
    _clock_init                               - Undefined Weak Reference
    _fp_trap_init                             - Undefined Weak Reference
    _fp_trap_shutdown                         - Undefined Weak Reference
    _get_lc_collate                           - Undefined Weak Reference
    _get_lc_ctype                             - Undefined Weak Reference
    _get_lc_monetary                          - Undefined Weak Reference
    _get_lc_numeric                           - Undefined Weak Reference
    _get_lc_time                              - Undefined Weak Reference
    _getenv_init                              - Undefined Weak Reference
    _handle_redirection                       - Undefined Weak Reference
    _init_alloc                               - Undefined Weak Reference
    _init_user_alloc                          - Undefined Weak Reference
    _initio                                   - Undefined Weak Reference
    _rand_init                                - Undefined Weak Reference
    _signal_finish                            - Undefined Weak Reference
    _signal_init                              - Undefined Weak Reference
    _terminate_alloc                          - Undefined Weak Reference
    _terminate_user_alloc                     - Undefined Weak Reference
    _terminateio                              - Undefined Weak Reference
    __main                                   0x000000cd   Thumb Code     8  __main.o(!!!main)
    __scatterload                            0x000000d5   Thumb Code     0  __scatter.o(!!!scatter)
    __scatterload_rt2                        0x000000d5   Thumb Code    44  __scatter.o(!!!scatter)
    __scatterload_rt2_thumb_only             0x000000d5   Thumb Code     0  __scatter.o(!!!scatter)
    __scatterload_null                       0x000000e3   Thumb Code     0  __scatter.o(!!!scatter)
    __scatterload_copy                       0x00000109   Thumb Code    26  __scatter_copy.o(!!handler_copy)
    __scatterload_zeroinit                   0x00000125   Thumb Code    28  __scatter_zi.o(!!handler_zi)
    __rt_lib_init                            0x00000141   Thumb Code     0  libinit.o(.ARM.Collect$$libinit$$00000000)
    __rt_lib_init_alloca_1                   0x00000143   Thumb Code     0  libinit2.o(.ARM.Collect$$libinit$$0000002E)
    __rt_lib_init_argv_1                     0x00000143   Thumb Code     0  libinit2.o(.ARM.Collect$$libinit$$0000002C)
    __rt_lib_init_atexit_1                   0x00000143   Thumb Code     0  libinit2.o(.ARM.Collect$$libinit$$0000001B)
    __rt_lib_init_clock_1                    0x00000143   Thumb Code     0  libinit2.o(.ARM.Collect$$libinit$$00000021)
    __rt_lib_init_cpp_1                      0x00000143   Thumb Code     0  libinit2.o(.ARM.Collect$$libinit$$00000032)
    __rt_lib_init_exceptions_1               0x00000143   Thumb Code     0  libinit2.o(.ARM.Collect$$libinit$$00000030)
    __rt_lib_init_fp_1                       0x00000143   Thumb Code     0  libinit2.o(.ARM.Collect$$libinit$$00000002)
    __rt_lib_init_fp_trap_1                  0x00000143   Thumb Code     0  libinit2.o(.ARM.Collect$$libinit$$0000001F)
    __rt_lib_init_getenv_1                   0x00000143   Thumb Code     0  libinit2.o(.ARM.Collect$$libinit$$00000023)
    __rt_lib_init_heap_1                     0x00000143   Thumb Code     0  libinit2.o(.ARM.Collect$$libinit$$0000000A)
    __rt_lib_init_lc_collate_1               0x00000143   Thumb Code     0  libinit2.o(.ARM.Collect$$libinit$$00000011)
    __rt_lib_init_lc_ctype_1                 0x00000143   Thumb Code     0  libinit2.o(.ARM.Collect$$libinit$$00000013)
    __rt_lib_init_lc_monetary_1              0x00000143   Thumb Code     0  libinit2.o(.ARM.Collect$$libinit$$00000015)
    __rt_lib_init_lc_numeric_1               0x00000143   Thumb Code     0  libinit2.o(.ARM.Collect$$libinit$$00000017)
    __rt_lib_init_lc_time_1                  0x00000143   Thumb Code     0  libinit2.o(.ARM.Collect$$libinit$$00000019)
    __rt_lib_init_preinit_1                  0x00000143   Thumb Code     0  libinit2.o(.ARM.Collect$$libinit$$00000004)
    __rt_lib_init_rand_1                     0x00000143   Thumb Code     0  libinit2.o(.ARM.Collect$$libinit$$0000000E)
    __rt_lib_init_return                     0x00000143   Thumb Code     0  libinit2.o(.ARM.Collect$$libinit$$00000033)
    __rt_lib_init_signal_1                   0x00000143   Thumb Code     0  libinit2.o(.ARM.Collect$$libinit$$0000001D)
    __rt_lib_init_stdio_1                    0x00000143   Thumb Code     0  libinit2.o(.ARM.Collect$$libinit$$00000025)
    __rt_lib_init_user_alloc_1               0x00000143   Thumb Code     0  libinit2.o(.ARM.Collect$$libinit$$0000000C)
    __rt_lib_shutdown                        0x00000145   Thumb Code     0  libshutdown.o(.ARM.Collect$$libshutdown$$00000000)
    __rt_lib_shutdown_cpp_1                  0x00000147   Thumb Code     0  libshutdown2.o(.ARM.Collect$$libshutdown$$00000002)
    __rt_lib_shutdown_fp_trap_1              0x00000147   Thumb Code     0  libshutdown2.o(.ARM.Collect$$libshutdown$$00000007)
    __rt_lib_shutdown_heap_1                 0x00000147   Thumb Code     0  libshutdown2.o(.ARM.Collect$$libshutdown$$0000000F)
    __rt_lib_shutdown_return                 0x00000147   Thumb Code     0  libshutdown2.o(.ARM.Collect$$libshutdown$$00000010)
    __rt_lib_shutdown_signal_1               0x00000147   Thumb Code     0  libshutdown2.o(.ARM.Collect$$libshutdown$$0000000A)
    __rt_lib_shutdown_stdio_1                0x00000147   Thumb Code     0  libshutdown2.o(.ARM.Collect$$libshutdown$$00000004)
    __rt_lib_shutdown_user_alloc_1           0x00000147   Thumb Code     0  libshutdown2.o(.ARM.Collect$$libshutdown$$0000000C)
    __rt_entry                               0x00000149   Thumb Code     0  __rtentry.o(.ARM.Collect$$rtentry$$00000000)
    __rt_entry_presh_1                       0x00000149   Thumb Code     0  __rtentry2.o(.ARM.Collect$$rtentry$$00000002)
    __rt_entry_sh                            0x00000149   Thumb Code     0  __rtentry4.o(.ARM.Collect$$rtentry$$00000004)
    __rt_entry_li                            0x0000014f   Thumb Code     0  __rtentry2.o(.ARM.Collect$$rtentry$$0000000A)
    __rt_entry_postsh_1                      0x0000014f   Thumb Code     0  __rtentry2.o(.ARM.Collect$$rtentry$$00000009)
    __rt_entry_main                          0x00000153   Thumb Code     0  __rtentry2.o(.ARM.Collect$$rtentry$$0000000D)
    __rt_entry_postli_1                      0x00000153   Thumb Code     0  __rtentry2.o(.ARM.Collect$$rtentry$$0000000C)
    __rt_exit                                0x0000015b   Thumb Code     0  rtexit.o(.ARM.Collect$$rtexit$$00000000)
    __rt_exit_ls                             0x0000015d   Thumb Code     0  rtexit2.o(.ARM.Collect$$rtexit$$00000003)
    __rt_exit_prels_1                        0x0000015d   Thumb Code     0  rtexit2.o(.ARM.Collect$$rtexit$$00000002)
    __rt_exit_exit                           0x00000161   Thumb Code     0  rtexit2.o(.ARM.Collect$$rtexit$$00000004)
    Reset_Handler                            0x00000169   Thumb Code     8  startup_lpc17xx.o(.text)
    NMI_Handler                              0x00000171   Thumb Code     2  startup_lpc17xx.o(.text)
    HardFault_Handler                        0x00000173   Thumb Code     2  startup_lpc17xx.o(.text)
    MemManage_Handler                        0x00000175   Thumb Code     2  startup_lpc17xx.o(.text)
    BusFault_Handler                         0x00000177   Thumb Code     2  startup_lpc17xx.o(.text)
    UsageFault_Handler                       0x00000179   Thumb Code     2  startup_lpc17xx.o(.text)
    SVC_Handler                              0x0000017b   Thumb Code     2  startup_lpc17xx.o(.text)
    DebugMon_Handler                         0x0000017d   Thumb Code     2  startup_lpc17xx.o(.text)
    PendSV_Handler                           0x0000017f   Thumb Code     2  startup_lpc17xx.o(.text)
    SysTick_Handler                          0x00000181   Thumb Code     2  startup_lpc17xx.o(.text)
    ADC_IRQHandler                           0x00000183   Thumb Code     0  startup_lpc17xx.o(.text)
    BOD_IRQHandler                           0x00000183   Thumb Code     0  startup_lpc17xx.o(.text)
    CANActivity_IRQHandler                   0x00000183   Thumb Code     0  startup_lpc17xx.o(.text)
    CAN_IRQHandler                           0x00000183   Thumb Code     0  startup_lpc17xx.o(.text)
    EINT0_IRQHandler                         0x00000183   Thumb Code     0  startup_lpc17xx.o(.text)
    EINT1_IRQHandler                         0x00000183   Thumb Code     0  startup_lpc17xx.o(.text)
    EINT2_IRQHandler                         0x00000183   Thumb Code     0  startup_lpc17xx.o(.text)
    EINT3_IRQHandler                         0x00000183   Thumb Code     0  startup_lpc17xx.o(.text)
    ENET_IRQHandler                          0x00000183   Thumb Code     0  startup_lpc17xx.o(.text)
    I2C0_IRQHandler                          0x00000183   Thumb Code     0  startup_lpc17xx.o(.text)
    I2C1_IRQHandler                          0x00000183   Thumb Code     0  startup_lpc17xx.o(.text)
    I2C2_IRQHandler                          0x00000183   Thumb Code     0  startup_lpc17xx.o(.text)
    I2S_IRQHandler                           0x00000183   Thumb Code     0  startup_lpc17xx.o(.text)
    MCPWM_IRQHandler                         0x00000183   Thumb Code     0  startup_lpc17xx.o(.text)
    PLL0_IRQHandler                          0x00000183   Thumb Code     0  startup_lpc17xx.o(.text)
    PLL1_IRQHandler                          0x00000183   Thumb Code     0  startup_lpc17xx.o(.text)
    PWM1_IRQHandler                          0x00000183   Thumb Code     0  startup_lpc17xx.o(.text)
    QEI_IRQHandler                           0x00000183   Thumb Code     0  startup_lpc17xx.o(.text)
    RIT_IRQHandler                           0x00000183   Thumb Code     0  startup_lpc17xx.o(.text)
    RTC_IRQHandler                           0x00000183   Thumb Code     0  startup_lpc17xx.o(.text)
    SPI_IRQHandler                           0x00000183   Thumb Code     0  startup_lpc17xx.o(.text)
    SSP0_IRQHandler                          0x00000183   Thumb Code     0  startup_lpc17xx.o(.text)
    TIMER0_IRQHandler                        0x00000183   Thumb Code     0  startup_lpc17xx.o(.text)
    TIMER1_IRQHandler                        0x00000183   Thumb Code     0  startup_lpc17xx.o(.text)
    TIMER2_IRQHandler                        0x00000183   Thumb Code     0  startup_lpc17xx.o(.text)
    TIMER3_IRQHandler                        0x00000183   Thumb Code     0  startup_lpc17xx.o(.text)
    UART0_IRQHandler                         0x00000183   Thumb Code     0  startup_lpc17xx.o(.text)
    UART2_IRQHandler                         0x00000183   Thumb Code     0  startup_lpc17xx.o(.text)
    UART3_IRQHandler                         0x00000183   Thumb Code     0  startup_lpc17xx.o(.text)
    USBActivity_IRQHandler                   0x00000183   Thumb Code     0  startup_lpc17xx.o(.text)
    USB_IRQHandler                           0x00000183   Thumb Code     0  startup_lpc17xx.o(.text)
    WDT_IRQHandler                           0x00000183   Thumb Code     0  startup_lpc17xx.o(.text)
    __user_initial_stackheap                 0x00000185   Thumb Code     0  startup_lpc17xx.o(.text)
    __aeabi_uldivmod                         0x000001a5   Thumb Code     0  lludivv7m.o(.text)
    _ll_udiv                                 0x000001a5   Thumb Code   238  lludivv7m.o(.text)
    __2sprintf                               0x00000295   Thumb Code    34  noretval__2sprintf.o(.text)
    __use_two_region_memory                  0x000002bd   Thumb Code     2  heapauxi.o(.text)
    __rt_heap_escrow$2region                 0x000002bf   Thumb Code     2  heapauxi.o(.text)
    __rt_heap_expand$2region                 0x000002c1   Thumb Code     2  heapauxi.o(.text)
    _printf_char_common                      0x000002cf   Thumb Code    32  _printf_char_common.o(.text)
    __user_libspace                          0x000002f5   Thumb Code     8  libspace.o(.text)
    __user_perproc_libspace                  0x000002f5   Thumb Code     0  libspace.o(.text)
    __user_perthread_libspace                0x000002f5   Thumb Code     0  libspace.o(.text)
    __aeabi_memclr4                          0x00000301   Thumb Code     0  rt_memclr_w.o(.text)
    __aeabi_memclr8                          0x00000301   Thumb Code     0  rt_memclr_w.o(.text)
    __rt_memclr_w                            0x00000301   Thumb Code    78  rt_memclr_w.o(.text)
    _memset_w                                0x00000305   Thumb Code     0  rt_memclr_w.o(.text)
    _sputc                                   0x0000034f   Thumb Code    10  _sputc.o(.text)
    __printf                                 0x00000359   Thumb Code    40  __printf_nopercent.o(.text)
    __user_setup_stackheap                   0x00000381   Thumb Code    74  sys_stackheap_outer.o(.text)
    exit                                     0x000003cb   Thumb Code    18  exit.o(.text)
    _sys_exit                                0x000003dd   Thumb Code     8  sys_exit.o(.text)
    __I$use$semihosting                      0x000003e9   Thumb Code     0  use_no_semi.o(.text)
    __use_no_semihosting_swi                 0x000003e9   Thumb Code     2  use_no_semi.o(.text)
    __semihosting_library_function           0x000003eb   Thumb Code     0  indicate_semi.o(.text)
    DMA_IRQHandler                           0x0000040d   Thumb Code   372  gpdma_lpc17xx.o(i.DMA_IRQHandler)
    GLCD_ClearScreen                         0x0000058d   Thumb Code    44  glcd_mcb1700.o(i.GLCD_ClearScreen)
    GLCD_DrawChar                            0x000005bd   Thumb Code   194  glcd_mcb1700.o(i.GLCD_DrawChar)
    GLCD_DrawString                          0x0000068d   Thumb Code    38  glcd_mcb1700.o(i.GLCD_DrawString)
    GLCD_Initialize                          0x000006b9   Thumb Code  1462  glcd_mcb1700.o(i.GLCD_Initialize)
    GLCD_SetFont                             0x00000c71   Thumb Code    10  glcd_mcb1700.o(i.GLCD_SetFont)
    GLCD_SetWindow                           0x00000c81   Thumb Code   168  glcd_mcb1700.o(i.GLCD_SetWindow)
    GLCD_WindowMax                           0x00000d2d   Thumb Code    18  glcd_mcb1700.o(i.GLCD_WindowMax)
    GPDMA_ChannelConfigure                   0x00000d41   Thumb Code   232  gpdma_lpc17xx.o(i.GPDMA_ChannelConfigure)
    GPDMA_ChannelDisable                     0x00000e35   Thumb Code    44  gpdma_lpc17xx.o(i.GPDMA_ChannelDisable)
    GPDMA_ChannelGetCount                    0x00000e65   Thumb Code    38  gpdma_lpc17xx.o(i.GPDMA_ChannelGetCount)
    GPDMA_Initialize                         0x00000e95   Thumb Code   146  gpdma_lpc17xx.o(i.GPDMA_Initialize)
    GPDMA_PeripheralSelect                   0x00000f3d   Thumb Code    62  gpdma_lpc17xx.o(i.GPDMA_PeripheralSelect)
    GPDMA_Uninitialize                       0x00000f81   Thumb Code   116  gpdma_lpc17xx.o(i.GPDMA_Uninitialize)
    GPIO_PinRead                             0x00001001   Thumb Code    28  gpio_lpc17xx.o(i.GPIO_PinRead)
    GPIO_PinWrite                            0x00001021   Thumb Code    36  gpio_lpc17xx.o(i.GPIO_PinWrite)
    GPIO_PortClock                           0x00001049   Thumb Code    38  gpio_lpc17xx.o(i.GPIO_PortClock)
    GPIO_SetDir                              0x00001075   Thumb Code    52  gpio_lpc17xx.o(i.GPIO_SetDir)
    Init_UART                                0x00001135   Thumb Code    52  baselcd.o(i.Init_UART)
    PIN_Configure                            0x0000116d   Thumb Code   246  pin_lpc17xx.o(i.PIN_Configure)
    SSP1_GPDMA_Rx_SignalEvent                0x00001281   Thumb Code    14  ssp_lpc17xx.o(i.SSP1_GPDMA_Rx_SignalEvent)
    SSP1_GPDMA_Tx_SignalEvent                0x00001295   Thumb Code    14  ssp_lpc17xx.o(i.SSP1_GPDMA_Tx_SignalEvent)
    SSP1_IRQHandler                          0x000012c9   Thumb Code    10  ssp_lpc17xx.o(i.SSP1_IRQHandler)
    SSPx_GPDMA_Rx_SignalEvent                0x00001897   Thumb Code    54  ssp_lpc17xx.o(i.SSPx_GPDMA_Rx_SignalEvent)
    SSPx_GPDMA_Tx_SignalEvent                0x000018cd   Thumb Code    28  ssp_lpc17xx.o(i.SSPx_GPDMA_Tx_SignalEvent)
    SystemInit                               0x0000217d   Thumb Code   302  system_lpc17xx.o(i.SystemInit)
    UART1_IRQHandler                         0x000022bd   Thumb Code    10  uart_lpc17xx.o(i.UART1_IRQHandler)
    USART1_GPDMA_Rx_Event                    0x000022e5   Thumb Code    14  uart_lpc17xx.o(i.USART1_GPDMA_Rx_Event)
    USART1_GPDMA_Tx_Event                    0x000022f9   Thumb Code    14  uart_lpc17xx.o(i.USART1_GPDMA_Tx_Event)
    USART_SetBaudrate                        0x000035e5   Thumb Code   302  uart_lpc17xx.o(i.USART_SetBaudrate)
    main                                     0x000039a5   Thumb Code   116  baselcd.o(i.main)
    GLCD_Font_6x8                            0x000055c0   Data          16  glcd_fonts.o(.constdata)
    GLCD_Font_16x24                          0x000055d0   Data          16  glcd_fonts.o(.constdata)
    Driver_SPI1                              0x00005630   Data          44  ssp_lpc17xx.o(.constdata)
    Driver_USART1                            0x000057f4   Data          56  uart_lpc17xx.o(.constdata)
    Region$$Table$$Base                      0x0000582c   Number         0  anon$$obj.o(Region$$Table)
    Region$$Table$$Limit                     0x0000584c   Number         0  anon$$obj.o(Region$$Table)
    SystemCoreClock                          0x10000030   Data           4  system_lpc17xx.o(.data)
    __libspace_start                         0x10000130   Data          96  libspace.o(.bss)
    __temporary_stack_top$libspace           0x10000190   Data           0  libspace.o(.bss)



==============================================================================

Memory Map of the image

  Image Entry point : 0x000000cd

  Load Region LR_IROM1 (Base: 0x00000000, Size: 0x00005880, Max: 0x00080000, ABSOLUTE)

    Execution Region ER_IROM1 (Base: 0x00000000, Size: 0x0000584c, Max: 0x00080000, ABSOLUTE)

    Base Addr    Size         Type   Attr      Idx    E Section Name        Object

    0x00000000   0x000000cc   Data   RO          874    RESET               startup_lpc17xx.o
    0x000000cc   0x00000008   Code   RO          930  * !!!main             c_w.l(__main.o)
    0x000000d4   0x00000034   Code   RO         1103    !!!scatter          c_w.l(__scatter.o)
    0x00000108   0x0000001a   Code   RO         1105    !!handler_copy      c_w.l(__scatter_copy.o)
    0x00000122   0x00000002   PAD
    0x00000124   0x0000001c   Code   RO         1107    !!handler_zi        c_w.l(__scatter_zi.o)
    0x00000140   0x00000002   Code   RO          973    .ARM.Collect$$libinit$$00000000  c_w.l(libinit.o)
    0x00000142   0x00000000   Code   RO          986    .ARM.Collect$$libinit$$00000002  c_w.l(libinit2.o)
    0x00000142   0x00000000   Code   RO          988    .ARM.Collect$$libinit$$00000004  c_w.l(libinit2.o)
    0x00000142   0x00000000   Code   RO          991    .ARM.Collect$$libinit$$0000000A  c_w.l(libinit2.o)
    0x00000142   0x00000000   Code   RO          993    .ARM.Collect$$libinit$$0000000C  c_w.l(libinit2.o)
    0x00000142   0x00000000   Code   RO          995    .ARM.Collect$$libinit$$0000000E  c_w.l(libinit2.o)
    0x00000142   0x00000000   Code   RO          998    .ARM.Collect$$libinit$$00000011  c_w.l(libinit2.o)
    0x00000142   0x00000000   Code   RO         1000    .ARM.Collect$$libinit$$00000013  c_w.l(libinit2.o)
    0x00000142   0x00000000   Code   RO         1002    .ARM.Collect$$libinit$$00000015  c_w.l(libinit2.o)
    0x00000142   0x00000000   Code   RO         1004    .ARM.Collect$$libinit$$00000017  c_w.l(libinit2.o)
    0x00000142   0x00000000   Code   RO         1006    .ARM.Collect$$libinit$$00000019  c_w.l(libinit2.o)
    0x00000142   0x00000000   Code   RO         1008    .ARM.Collect$$libinit$$0000001B  c_w.l(libinit2.o)
    0x00000142   0x00000000   Code   RO         1010    .ARM.Collect$$libinit$$0000001D  c_w.l(libinit2.o)
    0x00000142   0x00000000   Code   RO         1012    .ARM.Collect$$libinit$$0000001F  c_w.l(libinit2.o)
    0x00000142   0x00000000   Code   RO         1014    .ARM.Collect$$libinit$$00000021  c_w.l(libinit2.o)
    0x00000142   0x00000000   Code   RO         1016    .ARM.Collect$$libinit$$00000023  c_w.l(libinit2.o)
    0x00000142   0x00000000   Code   RO         1018    .ARM.Collect$$libinit$$00000025  c_w.l(libinit2.o)
    0x00000142   0x00000000   Code   RO         1022    .ARM.Collect$$libinit$$0000002C  c_w.l(libinit2.o)
    0x00000142   0x00000000   Code   RO         1024    .ARM.Collect$$libinit$$0000002E  c_w.l(libinit2.o)
    0x00000142   0x00000000   Code   RO         1026    .ARM.Collect$$libinit$$00000030  c_w.l(libinit2.o)
    0x00000142   0x00000000   Code   RO         1028    .ARM.Collect$$libinit$$00000032  c_w.l(libinit2.o)
    0x00000142   0x00000002   Code   RO         1029    .ARM.Collect$$libinit$$00000033  c_w.l(libinit2.o)
    0x00000144   0x00000002   Code   RO         1060    .ARM.Collect$$libshutdown$$00000000  c_w.l(libshutdown.o)
    0x00000146   0x00000000   Code   RO         1086    .ARM.Collect$$libshutdown$$00000002  c_w.l(libshutdown2.o)
    0x00000146   0x00000000   Code   RO         1088    .ARM.Collect$$libshutdown$$00000004  c_w.l(libshutdown2.o)
    0x00000146   0x00000000   Code   RO         1091    .ARM.Collect$$libshutdown$$00000007  c_w.l(libshutdown2.o)
    0x00000146   0x00000000   Code   RO         1094    .ARM.Collect$$libshutdown$$0000000A  c_w.l(libshutdown2.o)
    0x00000146   0x00000000   Code   RO         1096    .ARM.Collect$$libshutdown$$0000000C  c_w.l(libshutdown2.o)
    0x00000146   0x00000000   Code   RO         1099    .ARM.Collect$$libshutdown$$0000000F  c_w.l(libshutdown2.o)
    0x00000146   0x00000002   Code   RO         1100    .ARM.Collect$$libshutdown$$00000010  c_w.l(libshutdown2.o)
    0x00000148   0x00000000   Code   RO          932    .ARM.Collect$$rtentry$$00000000  c_w.l(__rtentry.o)
    0x00000148   0x00000000   Code   RO          942    .ARM.Collect$$rtentry$$00000002  c_w.l(__rtentry2.o)
    0x00000148   0x00000006   Code   RO          954    .ARM.Collect$$rtentry$$00000004  c_w.l(__rtentry4.o)
    0x0000014e   0x00000000   Code   RO          944    .ARM.Collect$$rtentry$$00000009  c_w.l(__rtentry2.o)
    0x0000014e   0x00000004   Code   RO          945    .ARM.Collect$$rtentry$$0000000A  c_w.l(__rtentry2.o)
    0x00000152   0x00000000   Code   RO          947    .ARM.Collect$$rtentry$$0000000C  c_w.l(__rtentry2.o)
    0x00000152   0x00000008   Code   RO          948    .ARM.Collect$$rtentry$$0000000D  c_w.l(__rtentry2.o)
    0x0000015a   0x00000002   Code   RO          977    .ARM.Collect$$rtexit$$00000000  c_w.l(rtexit.o)
    0x0000015c   0x00000000   Code   RO         1033    .ARM.Collect$$rtexit$$00000002  c_w.l(rtexit2.o)
    0x0000015c   0x00000004   Code   RO         1034    .ARM.Collect$$rtexit$$00000003  c_w.l(rtexit2.o)
    0x00000160   0x00000006   Code   RO         1035    .ARM.Collect$$rtexit$$00000004  c_w.l(rtexit2.o)
    0x00000166   0x00000002   PAD
    0x00000168   0x0000003c   Code   RO          876    .text               startup_lpc17xx.o
    0x000001a4   0x000000ee   Code   RO          920    .text               c_w.l(lludivv7m.o)
    0x00000292   0x00000002   PAD
    0x00000294   0x00000028   Code   RO          924    .text               c_w.l(noretval__2sprintf.o)
    0x000002bc   0x00000006   Code   RO          928    .text               c_w.l(heapauxi.o)
    0x000002c2   0x00000002   PAD
    0x000002c4   0x00000030   Code   RO          937    .text               c_w.l(_printf_char_common.o)
    0x000002f4   0x00000008   Code   RO          974    .text               c_w.l(libspace.o)
    0x000002fc   0x00000004   Code   RO          875    .ARM.__at_0x02FC    startup_lpc17xx.o
    0x00000300   0x0000004e   Code   RO          926    .text               c_w.l(rt_memclr_w.o)
    0x0000034e   0x0000000a   Code   RO          939    .text               c_w.l(_sputc.o)
    0x00000358   0x00000028   Code   RO          958    .text               c_w.l(__printf_nopercent.o)
    0x00000380   0x0000004a   Code   RO          960    .text               c_w.l(sys_stackheap_outer.o)
    0x000003ca   0x00000012   Code   RO          962    .text               c_w.l(exit.o)
    0x000003dc   0x0000000c   Code   RO         1030    .text               c_w.l(sys_exit.o)
    0x000003e8   0x00000002   Code   RO         1049    .text               c_w.l(use_no_semi.o)
    0x000003ea   0x00000000   Code   RO         1051    .text               c_w.l(indicate_semi.o)
    0x000003ea   0x00000002   PAD
    0x000003ec   0x00000020   Code   RO          695    i.Clear_Channel_active_flag  gpdma_lpc17xx.o
    0x0000040c   0x00000180   Code   RO          696    i.DMA_IRQHandler    gpdma_lpc17xx.o
    0x0000058c   0x00000030   Code   RO           59    i.GLCD_ClearScreen  glcd_mcb1700.o
    0x000005bc   0x000000d0   Code   RO           62    i.GLCD_DrawChar     glcd_mcb1700.o
    0x0000068c   0x0000002c   Code   RO           66    i.GLCD_DrawString   glcd_mcb1700.o
    0x000006b8   0x000005b6   Code   RO           70    i.GLCD_Initialize   glcd_mcb1700.o
    0x00000c6e   0x00000002   PAD
    0x00000c70   0x00000010   Code   RO           72    i.GLCD_SetFont      glcd_mcb1700.o
    0x00000c80   0x000000ac   Code   RO           74    i.GLCD_SetWindow    glcd_mcb1700.o
    0x00000d2c   0x00000012   Code   RO           77    i.GLCD_WindowMax    glcd_mcb1700.o
    0x00000d3e   0x00000002   PAD
    0x00000d40   0x000000f4   Code   RO          697    i.GPDMA_ChannelConfigure  gpdma_lpc17xx.o
    0x00000e34   0x00000030   Code   RO          698    i.GPDMA_ChannelDisable  gpdma_lpc17xx.o
    0x00000e64   0x00000030   Code   RO          700    i.GPDMA_ChannelGetCount  gpdma_lpc17xx.o
    0x00000e94   0x000000a8   Code   RO          702    i.GPDMA_Initialize  gpdma_lpc17xx.o
    0x00000f3c   0x00000044   Code   RO          703    i.GPDMA_PeripheralSelect  gpdma_lpc17xx.o
    0x00000f80   0x00000080   Code   RO          704    i.GPDMA_Uninitialize  gpdma_lpc17xx.o
    0x00001000   0x00000020   Code   RO          785    i.GPIO_PinRead      gpio_lpc17xx.o
    0x00001020   0x00000028   Code   RO          786    i.GPIO_PinWrite     gpio_lpc17xx.o
    0x00001048   0x0000002c   Code   RO          787    i.GPIO_PortClock    gpio_lpc17xx.o
    0x00001074   0x00000038   Code   RO          790    i.GPIO_SetDir       gpio_lpc17xx.o
    0x000010ac   0x00000044   Code   RO          290    i.GetSSPClockFreq   ssp_lpc17xx.o
    0x000010f0   0x00000044   Code   RO          480    i.GetUsartClockFreq  uart_lpc17xx.o
    0x00001134   0x00000038   Code   RO            1    i.Init_UART         baselcd.o
    0x0000116c   0x000000fc   Code   RO          839    i.PIN_Configure     pin_lpc17xx.o
    0x00001268   0x00000018   Code   RO          291    i.SSP1_Control      ssp_lpc17xx.o
    0x00001280   0x00000014   Code   RO          292    i.SSP1_GPDMA_Rx_SignalEvent  ssp_lpc17xx.o
    0x00001294   0x00000014   Code   RO          293    i.SSP1_GPDMA_Tx_SignalEvent  ssp_lpc17xx.o
    0x000012a8   0x00000010   Code   RO          294    i.SSP1_GetDataCount  ssp_lpc17xx.o
    0x000012b8   0x00000010   Code   RO          295    i.SSP1_GetStatus    ssp_lpc17xx.o
    0x000012c8   0x00000010   Code   RO          296    i.SSP1_IRQHandler   ssp_lpc17xx.o
    0x000012d8   0x00000014   Code   RO          297    i.SSP1_Initialize   ssp_lpc17xx.o
    0x000012ec   0x00000014   Code   RO          298    i.SSP1_PowerControl  ssp_lpc17xx.o
    0x00001300   0x00000018   Code   RO          299    i.SSP1_Receive      ssp_lpc17xx.o
    0x00001318   0x00000018   Code   RO          300    i.SSP1_Send         ssp_lpc17xx.o
    0x00001330   0x0000001c   Code   RO          301    i.SSP1_Transfer     ssp_lpc17xx.o
    0x0000134c   0x00000010   Code   RO          302    i.SSP1_Uninitialize  ssp_lpc17xx.o
    0x0000135c   0x0000000c   Code   RO          303    i.SSP_GetCapabilities  ssp_lpc17xx.o
    0x00001368   0x00000010   Code   RO          304    i.SSP_GetVersion    ssp_lpc17xx.o
    0x00001378   0x0000051e   Code   RO          305    i.SSPx_Control      ssp_lpc17xx.o
    0x00001896   0x00000036   Code   RO          306    i.SSPx_GPDMA_Rx_SignalEvent  ssp_lpc17xx.o
    0x000018cc   0x0000001c   Code   RO          307    i.SSPx_GPDMA_Tx_SignalEvent  ssp_lpc17xx.o
    0x000018e8   0x0000002c   Code   RO          308    i.SSPx_GetDataCount  ssp_lpc17xx.o
    0x00001914   0x0000005a   Code   RO          309    i.SSPx_GetStatus    ssp_lpc17xx.o
    0x0000196e   0x00000104   Code   RO          310    i.SSPx_IRQHandler   ssp_lpc17xx.o
    0x00001a72   0x000000a8   Code   RO          311    i.SSPx_Initialize   ssp_lpc17xx.o
    0x00001b1a   0x00000002   PAD
    0x00001b1c   0x000001b4   Code   RO          312    i.SSPx_PowerControl  ssp_lpc17xx.o
    0x00001cd0   0x0000015c   Code   RO          313    i.SSPx_Receive      ssp_lpc17xx.o
    0x00001e2c   0x00000154   Code   RO          314    i.SSPx_Send         ssp_lpc17xx.o
    0x00001f80   0x00000152   Code   RO          315    i.SSPx_Transfer     ssp_lpc17xx.o
    0x000020d2   0x00000070   Code   RO          316    i.SSPx_Uninitialize  ssp_lpc17xx.o
    0x00002142   0x00000002   PAD
    0x00002144   0x00000038   Code   RO          705    i.Set_Channel_active_flag  gpdma_lpc17xx.o
    0x0000217c   0x00000140   Code   RO          886    i.SystemInit        system_lpc17xx.o
    0x000022bc   0x00000010   Code   RO          481    i.UART1_IRQHandler  uart_lpc17xx.o
    0x000022cc   0x00000018   Code   RO          482    i.USART1_Control    uart_lpc17xx.o
    0x000022e4   0x00000014   Code   RO          483    i.USART1_GPDMA_Rx_Event  uart_lpc17xx.o
    0x000022f8   0x00000014   Code   RO          484    i.USART1_GPDMA_Tx_Event  uart_lpc17xx.o
    0x0000230c   0x00000010   Code   RO          485    i.USART1_GetCapabilities  uart_lpc17xx.o
    0x0000231c   0x00000010   Code   RO          486    i.USART1_GetModemStatus  uart_lpc17xx.o
    0x0000232c   0x00000010   Code   RO          487    i.USART1_GetRxCount  uart_lpc17xx.o
    0x0000233c   0x00000010   Code   RO          488    i.USART1_GetStatus  uart_lpc17xx.o
    0x0000234c   0x00000010   Code   RO          489    i.USART1_GetTxCount  uart_lpc17xx.o
    0x0000235c   0x00000014   Code   RO          490    i.USART1_Initialize  uart_lpc17xx.o
    0x00002370   0x00000014   Code   RO          491    i.USART1_PowerControl  uart_lpc17xx.o
    0x00002384   0x00000018   Code   RO          492    i.USART1_Receive    uart_lpc17xx.o
    0x0000239c   0x00000018   Code   RO          493    i.USART1_Send       uart_lpc17xx.o
    0x000023b4   0x00000014   Code   RO          494    i.USART1_SetModemControl  uart_lpc17xx.o
    0x000023c8   0x0000001c   Code   RO          495    i.USART1_Transfer   uart_lpc17xx.o
    0x000023e4   0x00000010   Code   RO          496    i.USART1_Uninitialize  uart_lpc17xx.o
    0x000023f4   0x00000670   Code   RO          497    i.USART_Control     uart_lpc17xx.o
    0x00002a64   0x00000086   Code   RO          498    i.USART_GPDMA_Rx_Event  uart_lpc17xx.o
    0x00002aea   0x0000004a   Code   RO          499    i.USART_GPDMA_Tx_Event  uart_lpc17xx.o
    0x00002b34   0x00000006   Code   RO          500    i.USART_GetCapabilities  uart_lpc17xx.o
    0x00002b3a   0x000000ec   Code   RO          501    i.USART_GetModemStatus  uart_lpc17xx.o
    0x00002c26   0x0000001c   Code   RO          502    i.USART_GetRxCount  uart_lpc17xx.o
    0x00002c42   0x000000bc   Code   RO          503    i.USART_GetStatus   uart_lpc17xx.o
    0x00002cfe   0x0000001c   Code   RO          504    i.USART_GetTxCount  uart_lpc17xx.o
    0x00002d1a   0x0000026c   Code   RO          505    i.USART_IRQHandler  uart_lpc17xx.o
    0x00002f86   0x000000fe   Code   RO          506    i.USART_Initialize  uart_lpc17xx.o
    0x00003084   0x0000024c   Code   RO          507    i.USART_PowerControl  uart_lpc17xx.o
    0x000032d0   0x00000110   Code   RO          508    i.USART_Receive     uart_lpc17xx.o
    0x000033e0   0x00000068   Code   RO          509    i.USART_RxLineIntHandler  uart_lpc17xx.o
    0x00003448   0x0000019c   Code   RO          510    i.USART_Send        uart_lpc17xx.o
    0x000035e4   0x00000134   Code   RO          511    i.USART_SetBaudrate  uart_lpc17xx.o
    0x00003718   0x000000a0   Code   RO          512    i.USART_SetModemControl  uart_lpc17xx.o
    0x000037b8   0x0000007a   Code   RO          513    i.USART_Transfer    uart_lpc17xx.o
    0x00003832   0x000000e2   Code   RO          514    i.USART_Uninitialize  uart_lpc17xx.o
    0x00003914   0x00000010   Code   RO          515    i.USARTx_GetVersion  uart_lpc17xx.o
    0x00003924   0x0000001c   Code   RO          317    i.__NVIC_ClearPendingIRQ  ssp_lpc17xx.o
    0x00003940   0x0000001c   Code   RO          516    i.__NVIC_ClearPendingIRQ  uart_lpc17xx.o
    0x0000395c   0x0000001c   Code   RO          706    i.__NVIC_ClearPendingIRQ  gpdma_lpc17xx.o
    0x00003978   0x0000002c   Code   RO           78    i.delay_ms          glcd_mcb1700.o
    0x000039a4   0x00000090   Code   RO            2    i.main              baselcd.o
    0x00003a34   0x00000044   Code   RO           79    i.rd_dat            glcd_mcb1700.o
    0x00003a78   0x000000c8   Code   RO           80    i.rd_id_man         glcd_mcb1700.o
    0x00003b40   0x00000010   Code   RO           81    i.rd_reg            glcd_mcb1700.o
    0x00003b50   0x0000002c   Code   RO           82    i.spi_tran          glcd_mcb1700.o
    0x00003b7c   0x00000088   Code   RO           83    i.spi_tran_man      glcd_mcb1700.o
    0x00003c04   0x0000004c   Code   RO           84    i.wr_cmd            glcd_mcb1700.o
    0x00003c50   0x00000034   Code   RO           86    i.wr_dat_only       glcd_mcb1700.o
    0x00003c84   0x00000018   Code   RO           87    i.wr_dat_start      glcd_mcb1700.o
    0x00003c9c   0x00000014   Code   RO           88    i.wr_dat_stop       glcd_mcb1700.o
    0x00003cb0   0x00000090   Code   RO           89    i.wr_reg            glcd_mcb1700.o
    0x00003d40   0x000018a0   Data   RO           47    .constdata          glcd_fonts.o
    0x000055e0   0x0000007c   Data   RO          319    .constdata          ssp_lpc17xx.o
    0x0000565c   0x000001d0   Data   RO          518    .constdata          uart_lpc17xx.o
    0x0000582c   0x00000020   Data   RO         1101    Region$$Table       anon$$obj.o


    Execution Region RW_IRAM1 (Base: 0x10000000, Size: 0x00000390, Max: 0x00008000, ABSOLUTE)

    Base Addr    Size         Type   Attr      Idx    E Section Name        Object

    0x10000000   0x00000011   Data   RW           90    .data               glcd_mcb1700.o
    0x10000011   0x00000003   PAD
    0x10000014   0x00000010   Data   RW          320    .data               ssp_lpc17xx.o
    0x10000024   0x00000004   Data   RW          519    .data               uart_lpc17xx.o
    0x10000028   0x00000008   Data   RW          708    .data               gpdma_lpc17xx.o
    0x10000030   0x00000004   Data   RW          887    .data               system_lpc17xx.o
    0x10000034   0x00000028   Zero   RW          318    .bss                ssp_lpc17xx.o
    0x1000005c   0x00000034   Zero   RW          517    .bss                uart_lpc17xx.o
    0x10000090   0x000000a0   Zero   RW          707    .bss                gpdma_lpc17xx.o
    0x10000130   0x00000060   Zero   RW          975    .bss                c_w.l(libspace.o)
    0x10000190   0x00000000   Zero   RW          873    HEAP                startup_lpc17xx.o
    0x10000190   0x00000200   Zero   RW          872    STACK               startup_lpc17xx.o


==============================================================================

Image component sizes


      Code (inc. data)   RO Data    RW Data    ZI Data      Debug   Object Name

       200         32          0          0          0      12675   baselcd.o
         0          0       6304          0          0        736   glcd_fonts.o
      2792         98          0         17          0      34214   glcd_mcb1700.o
      1204         94          0          8        160       8062   gpdma_lpc17xx.o
       172         18          0          0          0       2294   gpio_lpc17xx.o
       252          6          0          0          0        804   pin_lpc17xx.o
      3896        106        124         16         40      53271   ssp_lpc17xx.o
        64         26        204          0        512        996   startup_lpc17xx.o
       320         18          0          4          0        803   system_lpc17xx.o
      5832        152        464          4         52      32835   uart_lpc17xx.o

    ----------------------------------------------------------------------
     14740        550       7128         52        764     146690   Object Totals
         0          0         32          0          0          0   (incl. Generated)
         8          0          0          3          0          0   (incl. Padding)

    ----------------------------------------------------------------------

      Code (inc. data)   RO Data    RW Data    ZI Data      Debug   Library Member Name

         8          0          0          0          0         68   __main.o
        40          0          0          0          0         84   __printf_nopercent.o
         0          0          0          0          0          0   __rtentry.o
        12          0          0          0          0          0   __rtentry2.o
         6          0          0          0          0          0   __rtentry4.o
        52          8          0          0          0          0   __scatter.o
        26          0          0          0          0          0   __scatter_copy.o
        28          0          0          0          0          0   __scatter_zi.o
        48          6          0          0          0         96   _printf_char_common.o
        10          0          0          0          0         68   _sputc.o
        18          0          0          0          0         80   exit.o
         6          0          0          0          0        152   heapauxi.o
         0          0          0          0          0          0   indicate_semi.o
         2          0          0          0          0          0   libinit.o
         2          0          0          0          0          0   libinit2.o
         2          0          0          0          0          0   libshutdown.o
         2          0          0          0          0          0   libshutdown2.o
         8          4          0          0         96         68   libspace.o
       238          0          0          0          0        100   lludivv7m.o
        40          6          0          0          0         84   noretval__2sprintf.o
        78          0          0          0          0         80   rt_memclr_w.o
         2          0          0          0          0          0   rtexit.o
        10          0          0          0          0          0   rtexit2.o
        12          4          0          0          0         68   sys_exit.o
        74          0          0          0          0         80   sys_stackheap_outer.o
         2          0          0          0          0         68   use_no_semi.o

    ----------------------------------------------------------------------
       736         28          0          0         96       1096   Library Totals
        10          0          0          0          0          0   (incl. Padding)

    ----------------------------------------------------------------------

      Code (inc. data)   RO Data    RW Data    ZI Data      Debug   Library Name

       726         28          0          0         96       1096   c_w.l

    ----------------------------------------------------------------------
       736         28          0          0         96       1096   Library Totals

    ----------------------------------------------------------------------

==============================================================================


      Code (inc. data)   RO Data    RW Data    ZI Data      Debug   

     15476        578       7128         52        860     142218   Grand Totals
     15476        578       7128         52        860     142218   ELF Image Totals
     15476        578       7128         52          0          0   ROM Totals

==============================================================================

    Total RO  Size (Code + RO Data)                22604 (  22.07kB)
    Total RW  Size (RW Data + ZI Data)               912 (   0.89kB)
    Total ROM Size (Code + RO Data + RW Data)      22656 (  22.13kB)

==============================================================================

