Component: ARM Compiler 5.06 update 1 (build 61) Tool: armlink [4d35a8]

==============================================================================

Section Cross References

    basei2c.o(i.Init_I2C) refers to i2c_lpc17xx.o(.constdata) for Driver_I2C0
    basei2c.o(i.commande_nunchuk) refers to i2c_lpc17xx.o(.constdata) for Driver_I2C0
    basei2c.o(i.main) refers to glcd_mcb1700.o(i.GLCD_Initialize) for GLCD_Initialize
    basei2c.o(i.main) refers to glcd_mcb1700.o(i.GLCD_ClearScreen) for GLCD_ClearScreen
    basei2c.o(i.main) refers to glcd_mcb1700.o(i.GLCD_SetFont) for GLCD_SetFont
    basei2c.o(i.main) refers to basei2c.o(i.Init_I2C) for Init_I2C
    basei2c.o(i.main) refers to basei2c.o(i.write1byte) for write1byte
    basei2c.o(i.main) refers to glcd_fonts.o(.constdata) for GLCD_Font_16x24
    basei2c.o(i.read1byte) refers to i2c_lpc17xx.o(.constdata) for Driver_I2C0
    basei2c.o(i.receive1byte) refers to i2c_lpc17xx.o(.constdata) for Driver_I2C0
    basei2c.o(i.write1byte) refers to i2c_lpc17xx.o(.constdata) for Driver_I2C0
    basei2c.o(i.write_without_sub) refers to i2c_lpc17xx.o(.constdata) for Driver_I2C0
    glcd_mcb1700.o(i.GLCD_ClearScreen) refers to glcd_mcb1700.o(i.GLCD_WindowMax) for GLCD_WindowMax
    glcd_mcb1700.o(i.GLCD_ClearScreen) refers to glcd_mcb1700.o(i.wr_cmd) for wr_cmd
    glcd_mcb1700.o(i.GLCD_ClearScreen) refers to glcd_mcb1700.o(i.wr_dat_start) for wr_dat_start
    glcd_mcb1700.o(i.GLCD_ClearScreen) refers to glcd_mcb1700.o(i.wr_dat_only) for wr_dat_only
    glcd_mcb1700.o(i.GLCD_ClearScreen) refers to glcd_mcb1700.o(i.wr_dat_stop) for wr_dat_stop
    glcd_mcb1700.o(i.GLCD_ClearScreen) refers to glcd_mcb1700.o(.data) for background_color
    glcd_mcb1700.o(i.GLCD_DrawBargraph) refers to glcd_mcb1700.o(i.GLCD_SetWindow) for GLCD_SetWindow
    glcd_mcb1700.o(i.GLCD_DrawBargraph) refers to glcd_mcb1700.o(i.wr_cmd) for wr_cmd
    glcd_mcb1700.o(i.GLCD_DrawBargraph) refers to glcd_mcb1700.o(i.wr_dat_start) for wr_dat_start
    glcd_mcb1700.o(i.GLCD_DrawBargraph) refers to glcd_mcb1700.o(i.wr_dat_only) for wr_dat_only
    glcd_mcb1700.o(i.GLCD_DrawBargraph) refers to glcd_mcb1700.o(i.wr_dat_stop) for wr_dat_stop
    glcd_mcb1700.o(i.GLCD_DrawBargraph) refers to glcd_mcb1700.o(.data) for background_color
    glcd_mcb1700.o(i.GLCD_DrawBitmap) refers to glcd_mcb1700.o(i.GLCD_SetWindow) for GLCD_SetWindow
    glcd_mcb1700.o(i.GLCD_DrawBitmap) refers to glcd_mcb1700.o(i.wr_cmd) for wr_cmd
    glcd_mcb1700.o(i.GLCD_DrawBitmap) refers to glcd_mcb1700.o(i.wr_dat_start) for wr_dat_start
    glcd_mcb1700.o(i.GLCD_DrawBitmap) refers to glcd_mcb1700.o(i.wr_dat_only) for wr_dat_only
    glcd_mcb1700.o(i.GLCD_DrawBitmap) refers to glcd_mcb1700.o(i.wr_dat_stop) for wr_dat_stop
    glcd_mcb1700.o(i.GLCD_DrawChar) refers to glcd_mcb1700.o(i.GLCD_SetWindow) for GLCD_SetWindow
    glcd_mcb1700.o(i.GLCD_DrawChar) refers to glcd_mcb1700.o(i.wr_cmd) for wr_cmd
    glcd_mcb1700.o(i.GLCD_DrawChar) refers to glcd_mcb1700.o(i.wr_dat_start) for wr_dat_start
    glcd_mcb1700.o(i.GLCD_DrawChar) refers to glcd_mcb1700.o(i.wr_dat_only) for wr_dat_only
    glcd_mcb1700.o(i.GLCD_DrawChar) refers to glcd_mcb1700.o(i.wr_dat_stop) for wr_dat_stop
    glcd_mcb1700.o(i.GLCD_DrawChar) refers to glcd_mcb1700.o(.data) for active_font
    glcd_mcb1700.o(i.GLCD_DrawHLine) refers to glcd_mcb1700.o(i.GLCD_SetWindow) for GLCD_SetWindow
    glcd_mcb1700.o(i.GLCD_DrawHLine) refers to glcd_mcb1700.o(i.wr_cmd) for wr_cmd
    glcd_mcb1700.o(i.GLCD_DrawHLine) refers to glcd_mcb1700.o(i.wr_dat_start) for wr_dat_start
    glcd_mcb1700.o(i.GLCD_DrawHLine) refers to glcd_mcb1700.o(i.wr_dat_only) for wr_dat_only
    glcd_mcb1700.o(i.GLCD_DrawHLine) refers to glcd_mcb1700.o(i.wr_dat_stop) for wr_dat_stop
    glcd_mcb1700.o(i.GLCD_DrawHLine) refers to glcd_mcb1700.o(.data) for foreground_color
    glcd_mcb1700.o(i.GLCD_DrawPixel) refers to glcd_mcb1700.o(i.wr_reg) for wr_reg
    glcd_mcb1700.o(i.GLCD_DrawPixel) refers to glcd_mcb1700.o(i.wr_cmd) for wr_cmd
    glcd_mcb1700.o(i.GLCD_DrawPixel) refers to glcd_mcb1700.o(i.wr_dat) for wr_dat
    glcd_mcb1700.o(i.GLCD_DrawPixel) refers to glcd_mcb1700.o(.data) for Himax
    glcd_mcb1700.o(i.GLCD_DrawRectangle) refers to glcd_mcb1700.o(i.GLCD_DrawHLine) for GLCD_DrawHLine
    glcd_mcb1700.o(i.GLCD_DrawRectangle) refers to glcd_mcb1700.o(i.GLCD_DrawVLine) for GLCD_DrawVLine
    glcd_mcb1700.o(i.GLCD_DrawString) refers to glcd_mcb1700.o(i.GLCD_DrawChar) for GLCD_DrawChar
    glcd_mcb1700.o(i.GLCD_DrawString) refers to glcd_mcb1700.o(.data) for active_font
    glcd_mcb1700.o(i.GLCD_DrawVLine) refers to glcd_mcb1700.o(i.GLCD_SetWindow) for GLCD_SetWindow
    glcd_mcb1700.o(i.GLCD_DrawVLine) refers to glcd_mcb1700.o(i.wr_cmd) for wr_cmd
    glcd_mcb1700.o(i.GLCD_DrawVLine) refers to glcd_mcb1700.o(i.wr_dat_start) for wr_dat_start
    glcd_mcb1700.o(i.GLCD_DrawVLine) refers to glcd_mcb1700.o(i.wr_dat_only) for wr_dat_only
[...]
    startup_lpc17xx.o(RESET) refers to gpdma_lpc17xx.o(i.DMA_IRQHandler) for DMA_IRQHandler
    startup_lpc17xx.o(.ARM.__at_0x02FC) refers (Special) to heapauxi.o(.text) for __use_two_region_memory
    startup_lpc17xx.o(.text) refers (Special) to heapauxi.o(.text) for __use_two_region_memory
    startup_lpc17xx.o(.text) refers to system_lpc17xx.o(i.SystemInit) for SystemInit
    startup_lpc17xx.o(.text) refers to __main.o(!!!main) for __main
    startup_lpc17xx.o(.text) refers to startup_lpc17xx.o(HEAP) for Heap_Mem
    startup_lpc17xx.o(.text) refers to startup_lpc17xx.o(STACK) for Stack_Mem
    system_lpc17xx.o(i.SystemCoreClockUpdate) refers to lludivv7m.o(.text) for __aeabi_uldivmod
    system_lpc17xx.o(i.SystemCoreClockUpdate) refers to system_lpc17xx.o(.data) for SystemCoreClock
    __main.o(!!!main) refers to __rtentry.o(.ARM.Collect$$rtentry$$00000000) for __rt_entry
    __rtentry.o(.ARM.Collect$$rtentry$$00000000) refers (Special) to __rtentry2.o(.ARM.Collect$$rtentry$$0000000A) for __rt_entry_li
    __rtentry.o(.ARM.Collect$$rtentry$$00000000) refers (Special) to __rtentry2.o(.ARM.Collect$$rtentry$$0000000D) for __rt_entry_main
    __rtentry.o(.ARM.Collect$$rtentry$$00000000) refers (Special) to __rtentry2.o(.ARM.Collect$$rtentry$$0000000C) for __rt_entry_postli_1
    __rtentry.o(.ARM.Collect$$rtentry$$00000000) refers (Special) to __rtentry2.o(.ARM.Collect$$rtentry$$00000009) for __rt_entry_postsh_1
    __rtentry.o(.ARM.Collect$$rtentry$$00000000) refers (Special) to __rtentry2.o(.ARM.Collect$$rtentry$$00000002) for __rt_entry_presh_1
    __rtentry.o(.ARM.Collect$$rtentry$$00000000) refers (Special) to __rtentry4.o(.ARM.Collect$$rtentry$$00000004) for __rt_entry_sh
    aeabi_ldiv0_sigfpe.o(.text) refers to rt_div0.o(.text) for __rt_div0
    __rtentry2.o(.ARM.Collect$$rtentry$$00000008) refers to boardinit2.o(.text) for _platform_post_stackheap_init
    __rtentry2.o(.ARM.Collect$$rtentry$$0000000A) refers to libinit.o(.ARM.Collect$$libinit$$00000000) for __rt_lib_init
    __rtentry2.o(.ARM.Collect$$rtentry$$0000000B) refers to boardinit3.o(.text) for _platform_post_lib_init
    __rtentry2.o(.ARM.Collect$$rtentry$$0000000D) refers to basei2c.o(i.main) for main
    __rtentry2.o(.ARM.Collect$$rtentry$$0000000D) refers to exit.o(.text) for exit
    __rtentry2.o(.ARM.exidx) refers to __rtentry2.o(.ARM.Collect$$rtentry$$00000001) for .ARM.Collect$$rtentry$$00000001
    __rtentry2.o(.ARM.exidx) refers to __rtentry2.o(.ARM.Collect$$rtentry$$00000008) for .ARM.Collect$$rtentry$$00000008
    __rtentry2.o(.ARM.exidx) refers to __rtentry2.o(.ARM.Collect$$rtentry$$0000000A) for .ARM.Collect$$rtentry$$0000000A
    __rtentry2.o(.ARM.exidx) refers to __rtentry2.o(.ARM.Collect$$rtentry$$0000000B) for .ARM.Collect$$rtentry$$0000000B
    __rtentry2.o(.ARM.exidx) refers to __rtentry2.o(.ARM.Collect$$rtentry$$0000000D) for .ARM.Collect$$rtentry$$0000000D
    __rtentry4.o(.ARM.Collect$$rtentry$$00000004) refers to sys_stackheap_outer.o(.text) for __user_setup_stackheap
    __rtentry4.o(.ARM.exidx) refers to __rtentry4.o(.ARM.Collect$$rtentry$$00000004) for .ARM.Collect$$rtentry$$00000004
    rt_div0.o(.text) refers to defsig_fpe_outer.o(.text) for __rt_SIGFPE
    sys_stackheap_outer.o(.text) refers to libspace.o(.text) for __user_perproc_libspace
    sys_stackheap_outer.o(.text) refers to startup_lpc17xx.o(.text) for __user_initial_stackheap
    exit.o(.text) refers to rtexit.o(.ARM.Collect$$rtexit$$00000000) for __rt_exit
    defsig_fpe_outer.o(.text) refers to defsig_fpe_inner.o(.text) for __rt_SIGFPE_inner
    defsig_fpe_outer.o(.text) refers to defsig_exit.o(.text) for __sig_exit
    defsig_fpe_formal.o(.text) refers to rt_raise.o(.text) for __rt_raise
    libinit.o(.ARM.Collect$$libinit$$00000000) refers (Special) to libinit2.o(.ARM.Collect$$libinit$$0000002E) for __rt_lib_init_alloca_1
    libinit.o(.ARM.Collect$$libinit$$00000000) refers (Special) to libinit2.o(.ARM.Collect$$libinit$$0000002C) for __rt_lib_init_argv_1
    libinit.o(.ARM.Collect$$libinit$$00000000) refers (Special) to libinit2.o(.ARM.Collect$$libinit$$0000001B) for __rt_lib_init_atexit_1
    libinit.o(.ARM.Collect$$libinit$$00000000) refers (Special) to libinit2.o(.ARM.Collect$$libinit$$00000021) for __rt_lib_init_clock_1
    libinit.o(.ARM.Collect$$libinit$$00000000) refers (Special) to libinit2.o(.ARM.Collect$$libinit$$00000032) for __rt_lib_init_cpp_1
    libinit.o(.ARM.Collect$$libinit$$00000000) refers (Special) to libinit2.o(.ARM.Collect$$libinit$$00000030) for __rt_lib_init_exceptions_1
    libinit.o(.ARM.Collect$$libinit$$00000000) refers (Special) to libinit2.o(.ARM.Collect$$libinit$$00000002) for __rt_lib_init_fp_1
    libinit.o(.ARM.Collect$$libinit$$00000000) refers (Special) to libinit2.o(.ARM.Collect$$libinit$$0000001F) for __rt_lib_init_fp_trap_1
    libinit.o(.ARM.Collect$$libinit$$00000000) refers (Special) to libinit2.o(.ARM.Collect$$libinit$$00000023) for __rt_lib_init_getenv_1
    libinit.o(.ARM.Collect$$libinit$$00000000) refers (Special) to libinit2.o(.ARM.Collect$$libinit$$0000000A) for __rt_lib_init_heap_1
    libinit.o(.ARM.Collect$$libinit$$00000000) refers (Special) to libinit2.o(.ARM.Collect$$libinit$$00000011) for __rt_lib_init_lc_collate_1
    libinit.o(.ARM.Collect$$libinit$$00000000) refers (Special) to libinit2.o(.ARM.Collect$$libinit$$00000013) for __rt_lib_init_lc_ctype_1
    libinit.o(.ARM.Collect$$libinit$$00000000) refers (Special) to libinit2.o(.ARM.Collect$$libinit$$00000015) for __rt_lib_init_lc_monetary_1
    libinit.o(.ARM.Collect$$libinit$$00000000) refers (Special) to libinit2.o(.ARM.Collect$$libinit$$00000017) for __rt_lib_init_lc_numeric_1
    libinit.o(.ARM.Collect$$libinit$$00000000) refers (Special) to libinit2.o(.ARM.Collect$$libinit$$00000019) for __rt_lib_init_lc_time_1
    libinit.o(.ARM.Collect$$libinit$$00000000) refers (Special) to libinit2.o(.ARM.Collect$$libinit$$00000004) for __rt_lib_init_preinit_1
    libinit.o(.ARM.Collect$$libinit$$00000000) refers (Special) to libinit2.o(.ARM.Collect$$libinit$$0000000E) for __rt_lib_init_rand_1
    libinit.o(.ARM.Collect$$libinit$$00000000) refers (Special) to libinit2.o(.ARM.Collect$$libinit$$00000033) for __rt_lib_init_return
    libinit.o(.ARM.Collect$$libinit$$00000000) refers (Special) to libinit2.o(.ARM.Collect$$libinit$$0000001D) for __rt_lib_init_signal_1
    libinit.o(.ARM.Collect$$libinit$$00000000) refers (Special) to libinit2.o(.ARM.Collect$$libinit$$00000025) for __rt_lib_init_stdio_1
    libinit.o(.ARM.Collect$$libinit$$00000000) refers (Special) to libinit2.o(.ARM.Collect$$libinit$$0000000C) for __rt_lib_init_user_alloc_1
    libspace.o(.text) refers to libspace.o(.bss) for __libspace_start
    rtexit.o(.ARM.Collect$$rtexit$$00000000) refers (Special) to rtexit2.o(.ARM.Collect$$rtexit$$00000004) for __rt_exit_exit
    rtexit.o(.ARM.Collect$$rtexit$$00000000) refers (Special) to rtexit2.o(.ARM.Collect$$rtexit$$00000003) for __rt_exit_ls
    rtexit.o(.ARM.Collect$$rtexit$$00000000) refers (Special) to rtexit2.o(.ARM.Collect$$rtexit$$00000002) for __rt_exit_prels_1
    rtexit.o(.ARM.exidx) refers (Special) to rtexit2.o(.ARM.Collect$$rtexit$$00000004) for __rt_exit_exit
    rtexit.o(.ARM.exidx) refers (Special) to rtexit2.o(.ARM.Collect$$rtexit$$00000003) for __rt_exit_ls
    rtexit.o(.ARM.exidx) refers (Special) to rtexit2.o(.ARM.Collect$$rtexit$$00000002) for __rt_exit_prels_1
    rtexit.o(.ARM.exidx) refers to rtexit.o(.ARM.Collect$$rtexit$$00000000) for .ARM.Collect$$rtexit$$00000000
    rt_raise.o(.text) refers to __raise.o(.text) for __raise
    rt_raise.o(.text) refers to sys_exit.o(.text) for _sys_exit
    defsig_exit.o(.text) refers to sys_exit.o(.text) for _sys_exit
    defsig_fpe_inner.o(.text) refers to defsig_general.o(.text) for __default_signal_display
    libinit2.o(.ARM.Collect$$libinit$$00000010) refers to libinit2.o(.ARM.Collect$$libinit$$0000000F) for .ARM.Collect$$libinit$$0000000F
    libinit2.o(.ARM.Collect$$libinit$$00000012) refers to libinit2.o(.ARM.Collect$$libinit$$0000000F) for .ARM.Collect$$libinit$$0000000F
    libinit2.o(.ARM.Collect$$libinit$$00000014) refers to libinit2.o(.ARM.Collect$$libinit$$0000000F) for .ARM.Collect$$libinit$$0000000F
    libinit2.o(.ARM.Collect$$libinit$$00000016) refers to libinit2.o(.ARM.Collect$$libinit$$0000000F) for .ARM.Collect$$libinit$$0000000F
    libinit2.o(.ARM.Collect$$libinit$$00000018) refers to libinit2.o(.ARM.Collect$$libinit$$0000000F) for .ARM.Collect$$libinit$$0000000F
    libinit2.o(.ARM.Collect$$libinit$$00000026) refers to argv_veneer.o(.emb_text) for __ARM_argv_veneer
    libinit2.o(.ARM.Collect$$libinit$$00000027) refers to argv_veneer.o(.emb_text) for __ARM_argv_veneer
    sys_exit.o(.text) refers (Special) to use_no_semi.o(.text) for __I$use$semihosting
    sys_exit.o(.text) refers (Special) to indicate_semi.o(.text) for __semihosting_library_function
    rtexit2.o(.ARM.Collect$$rtexit$$00000003) refers to libshutdown.o(.ARM.Collect$$libshutdown$$00000000) for __rt_lib_shutdown
    rtexit2.o(.ARM.Collect$$rtexit$$00000004) refers to sys_exit.o(.text) for _sys_exit
    rtexit2.o(.ARM.exidx) refers to rtexit2.o(.ARM.Collect$$rtexit$$00000001) for .ARM.Collect$$rtexit$$00000001
    rtexit2.o(.ARM.exidx) refers to rtexit2.o(.ARM.Collect$$rtexit$$00000003) for .ARM.Collect$$rtexit$$00000003
    rtexit2.o(.ARM.exidx) refers to rtexit2.o(.ARM.Collect$$rtexit$$00000004) for .ARM.Collect$$rtexit$$00000004
    __raise.o(.text) refers to defsig.o(CL$$defsig) for __default_signal_handler
    defsig_general.o(.text) refers to sys_wrch.o(.text) for _ttywrch
    argv_veneer.o(.emb_text) refers to no_argv.o(.text) for __ARM_get_argv
    sys_wrch.o(.text) refers (Special) to use_no_semi.o(.text) for __I$use$semihosting
    sys_wrch.o(.text) refers (Special) to indicate_semi.o(.text) for __semihosting_library_function
    defsig.o(CL$$defsig) refers to defsig_fpe_inner.o(.text) for __rt_SIGFPE_inner
    defsig.o(CL$$defsig) refers to defsig_rtmem_inner.o(.text) for __rt_SIGRTMEM_inner
    _get_argv_nomalloc.o(.text) refers (Special) to hrguard.o(.text) for __heap_region$guard
    _get_argv_nomalloc.o(.text) refers to defsig_rtmem_outer.o(.text) for __rt_SIGRTMEM
    _get_argv_nomalloc.o(.text) refers to sys_command.o(.text) for _sys_command_string
    libshutdown.o(.ARM.Collect$$libshutdown$$00000000) refers (Special) to libshutdown2.o(.ARM.Collect$$libshutdown$$00000002) for __rt_lib_shutdown_cpp_1
    libshutdown.o(.ARM.Collect$$libshutdown$$00000000) refers (Special) to libshutdown2.o(.ARM.Collect$$libshutdown$$00000007) for __rt_lib_shutdown_fp_trap_1
    libshutdown.o(.ARM.Collect$$libshutdown$$00000000) refers (Special) to libshutdown2.o(.ARM.Collect$$libshutdown$$0000000F) for __rt_lib_shutdown_heap_1
    libshutdown.o(.ARM.Collect$$libshutdown$$00000000) refers (Special) to libshutdown2.o(.ARM.Collect$$libshutdown$$00000010) for __rt_lib_shutdown_return
    libshutdown.o(.ARM.Collect$$libshutdown$$00000000) refers (Special) to libshutdown2.o(.ARM.Collect$$libshutdown$$0000000A) for __rt_lib_shutdown_signal_1
    libshutdown.o(.ARM.Collect$$libshutdown$$00000000) refers (Special) to libshutdown2.o(.ARM.Collect$$libshutdown$$00000004) for __rt_lib_shutdown_stdio_1
    libshutdown.o(.ARM.Collect$$libshutdown$$00000000) refers (Special) to libshutdown2.o(.ARM.Collect$$libshutdown$$0000000C) for __rt_lib_shutdown_user_alloc_1
    sys_command.o(.text) refers (Special) to use_no_semi.o(.text) for __I$use$semihosting
    sys_command.o(.text) refers (Special) to indicate_semi.o(.text) for __semihosting_library_function
    defsig_abrt_inner.o(.text) refers to defsig_general.o(.text) for __default_signal_display
    defsig_rtred_inner.o(.text) refers to defsig_general.o(.text) for __default_signal_display
    defsig_rtmem_inner.o(.text) refers to defsig_general.o(.text) for __default_signal_display
    defsig_rtmem_outer.o(.text) refers to defsig_rtmem_inner.o(.text) for __rt_SIGRTMEM_inner
    defsig_rtmem_outer.o(.text) refers to defsig_exit.o(.text) for __sig_exit
    defsig_rtmem_formal.o(.text) refers to rt_raise.o(.text) for __rt_raise
    defsig_stak_inner.o(.text) refers to defsig_general.o(.text) for __default_signal_display
    defsig_pvfn_inner.o(.text) refers to defsig_general.o(.text) for __default_signal_display
    defsig_cppl_inner.o(.text) refers to defsig_general.o(.text) for __default_signal_display
    defsig_segv_inner.o(.text) refers to defsig_general.o(.text) for __default_signal_display
    defsig_other.o(.text) refers to defsig_general.o(.text) for __default_signal_display


==============================================================================

Removing Unused input sections from the image.

    Removing basei2c.o(i.commande_nunchuk), (44 bytes).
    Removing basei2c.o(i.read1byte), (84 bytes).
    Removing basei2c.o(i.receive1byte), (48 bytes).
    Removing basei2c.o(i.write_without_sub), (48 bytes).
    Removing basei2c.o(.data), (1 bytes).
    Removing glcd_mcb1700.o(.rev16_text), (4 bytes).
    Removing glcd_mcb1700.o(.revsh_text), (4 bytes).
    Removing glcd_mcb1700.o(.rrx_text), (6 bytes).
    Removing glcd_mcb1700.o(i.GLCD_DrawBargraph), (108 bytes).
    Removing glcd_mcb1700.o(i.GLCD_DrawBitmap), (92 bytes).
    Removing glcd_mcb1700.o(i.GLCD_DrawChar), (208 bytes).
    Removing glcd_mcb1700.o(i.GLCD_DrawHLine), (60 bytes).
    Removing glcd_mcb1700.o(i.GLCD_DrawPixel), (128 bytes).
    Removing glcd_mcb1700.o(i.GLCD_DrawRectangle), (58 bytes).
    Removing glcd_mcb1700.o(i.GLCD_DrawString), (44 bytes).
    Removing glcd_mcb1700.o(i.GLCD_DrawVLine), (60 bytes).
    Removing glcd_mcb1700.o(i.GLCD_FrameBufferAccess), (8 bytes).
    Removing glcd_mcb1700.o(i.GLCD_FrameBufferAddress), (4 bytes).
    Removing glcd_mcb1700.o(i.GLCD_SetBackgroundColor), (16 bytes).
    Removing glcd_mcb1700.o(i.GLCD_SetForegroundColor), (16 bytes).
    Removing glcd_mcb1700.o(i.GLCD_Uninitialize), (36 bytes).
    Removing glcd_mcb1700.o(i.GLCD_VScroll), (8 bytes).
    Removing glcd_mcb1700.o(i.wr_dat), (76 bytes).
    Removing i2c_lpc17xx.o(.rev16_text), (4 bytes).
    Removing i2c_lpc17xx.o(.revsh_text), (4 bytes).
    Removing i2c_lpc17xx.o(.rrx_text), (6 bytes).
    Removing ssp_lpc17xx.o(.rev16_text), (4 bytes).
    Removing ssp_lpc17xx.o(.revsh_text), (4 bytes).
    Removing ssp_lpc17xx.o(.rrx_text), (6 bytes).
    Removing gpdma_lpc17xx.o(.rev16_text), (4 bytes).
    Removing gpdma_lpc17xx.o(.revsh_text), (4 bytes).
    Removing gpdma_lpc17xx.o(.rrx_text), (6 bytes).
    Removing gpdma_lpc17xx.o(i.GPDMA_ChannelEnable), (60 bytes).
    Removing gpdma_lpc17xx.o(i.GPDMA_ChannelGetStatus), (36 bytes).
    Removing gpio_lpc17xx.o(.rev16_text), (4 bytes).
    Removing gpio_lpc17xx.o(.revsh_text), (4 bytes).
    Removing gpio_lpc17xx.o(.rrx_text), (6 bytes).
    Removing gpio_lpc17xx.o(i.GPIO_PortRead), (20 bytes).
    Removing gpio_lpc17xx.o(i.GPIO_PortWrite), (32 bytes).
    Removing pin_lpc17xx.o(.rev16_text), (4 bytes).
    Removing pin_lpc17xx.o(.revsh_text), (4 bytes).
    Removing pin_lpc17xx.o(.rrx_text), (6 bytes).
    Removing pin_lpc17xx.o(i.PIN_ConfigureTPIU), (40 bytes).
    Removing system_lpc17xx.o(.rev16_text), (4 bytes).
    Removing system_lpc17xx.o(.revsh_text), (4 bytes).
    Removing system_lpc17xx.o(.rrx_text), (6 bytes).
    Removing system_lpc17xx.o(i.SystemCoreClockUpdate), (424 bytes).

47 unused section(s) (total 1857 bytes) removed from the image.

==============================================================================

Image Symbol Table

    Local Symbols

    Symbol Name                              Value     Ov Type        Size  Object(Section)

    RESET                                    0x00000000   Section      204  startup_lpc17xx.o(RESET)
    ../clib/angel/boardlib.s                 0x00000000   Number         0  boardinit3.o ABSOLUTE
    ../clib/angel/boardlib.s                 0x00000000   Number         0  boardinit2.o ABSOLUTE
    ../clib/angel/boardlib.s                 0x00000000   Number         0  boardinit1.o ABSOLUTE
    ../clib/angel/boardlib.s                 0x00000000   Number         0  boardshut.o ABSOLUTE
    ../clib/angel/handlers.s                 0x00000000   Number         0  __scatter_copy.o ABSOLUTE
    ../clib/angel/handlers.s                 0x00000000   Number         0  __scatter_zi.o ABSOLUTE
    ../clib/angel/kernel.s                   0x00000000   Number         0  rtexit.o ABSOLUTE
    ../clib/angel/kernel.s                   0x00000000   Number         0  __rtentry.o ABSOLUTE
    ../clib/angel/kernel.s                   0x00000000   Number         0  __rtentry4.o ABSOLUTE
    ../clib/angel/kernel.s                   0x00000000   Number         0  __rtentry2.o ABSOLUTE
    ../clib/angel/kernel.s                   0x00000000   Number         0  rtexit2.o ABSOLUTE
    ../clib/angel/rt.s                       0x00000000   Number         0  aeabi_ldiv0_sigfpe.o ABSOLUTE
    ../clib/angel/rt.s                       0x00000000   Number         0  aeabi_ldiv0.o ABSOLUTE
    ../clib/angel/rt.s                       0x00000000   Number         0  rt_raise.o ABSOLUTE
    ../clib/angel/rt.s                       0x00000000   Number         0  rt_div0.o ABSOLUTE
    ../clib/angel/scatter.s                  0x00000000   Number         0  __scatter.o ABSOLUTE
    ../clib/angel/startup.s                  0x00000000   Number         0  __main.o ABSOLUTE
    ../clib/angel/sys.s                      0x00000000   Number         0  use_no_semi.o ABSOLUTE
    ../clib/angel/sys.s                      0x00000000   Number         0  sys_stackheap_outer.o ABSOLUTE
    ../clib/angel/sys.s                      0x00000000   Number         0  indicate_semi.o ABSOLUTE
    ../clib/angel/sys.s                      0x00000000   Number         0  libspace.o ABSOLUTE
    ../clib/angel/sysapp.c                   0x00000000   Number         0  sys_wrch.o ABSOLUTE
    ../clib/angel/sysapp.c                   0x00000000   Number         0  sys_exit.o ABSOLUTE
    ../clib/angel/sysapp.c                   0x00000000   Number         0  sys_command.o ABSOLUTE
    ../clib/armsys.c                         0x00000000   Number         0  argv_veneer.o ABSOLUTE
    ../clib/armsys.c                         0x00000000   Number         0  _get_argv_nomalloc.o ABSOLUTE
    ../clib/armsys.c                         0x00000000   Number         0  no_argv.o ABSOLUTE
    ../clib/armsys.c                         0x00000000   Number         0  argv_veneer.o ABSOLUTE
    ../clib/heapalloc.c                      0x00000000   Number         0  hrguard.o ABSOLUTE
    ../clib/heapaux.c                        0x00000000   Number         0  heapauxi.o ABSOLUTE
    ../clib/libinit.s                        0x00000000   Number         0  libinit.o ABSOLUTE
    ../clib/libinit.s                        0x00000000   Number         0  libinit2.o ABSOLUTE
    ../clib/libinit.s                        0x00000000   Number         0  libshutdown2.o ABSOLUTE
    ../clib/libinit.s                        0x00000000   Number         0  libshutdown.o ABSOLUTE
    ../clib/longlong.s                       0x00000000   Number         0  lludivv7m.o ABSOLUTE
    ../clib/memcpset.s                       0x00000000   Number         0  rt_memclr_w.o ABSOLUTE
    ../clib/signal.c                         0x00000000   Number         0  defsig_fpe_outer.o ABSOLUTE
    ../clib/signal.c                         0x00000000   Number         0  defsig_rtmem_outer.o ABSOLUTE
    ../clib/signal.c                         0x00000000   Number         0  defsig_other.o ABSOLUTE
    ../clib/signal.c                         0x00000000   Number         0  defsig_segv_inner.o ABSOLUTE
    ../clib/signal.c                         0x00000000   Number         0  defsig_cppl_inner.o ABSOLUTE
    ../clib/signal.c                         0x00000000   Number         0  defsig_pvfn_inner.o ABSOLUTE
    ../clib/signal.c                         0x00000000   Number         0  defsig_stak_inner.o ABSOLUTE
    ../clib/signal.c                         0x00000000   Number         0  defsig_rtmem_formal.o ABSOLUTE
    ../clib/signal.c                         0x00000000   Number         0  defsig_rtmem_inner.o ABSOLUTE
    ../clib/signal.c                         0x00000000   Number         0  defsig_rtred_inner.o ABSOLUTE
    ../clib/signal.c                         0x00000000   Number         0  defsig_abrt_inner.o ABSOLUTE
    ../clib/signal.c                         0x00000000   Number         0  __raise.o ABSOLUTE
    ../clib/signal.c                         0x00000000   Number         0  defsig_fpe_inner.o ABSOLUTE
    ../clib/signal.c                         0x00000000   Number         0  defsig_exit.o ABSOLUTE
    ../clib/signal.c                         0x00000000   Number         0  defsig_fpe_formal.o ABSOLUTE
    ../clib/signal.c                         0x00000000   Number         0  defsig_general.o ABSOLUTE
    ../clib/signal.s                         0x00000000   Number         0  defsig.o ABSOLUTE
    ../clib/stdlib.c                         0x00000000   Number         0  exit.o ABSOLUTE
    ../fplib/fpinit.s                        0x00000000   Number         0  fpinit.o ABSOLUTE
    C:\Keil_v5\ARM\PACK\Keil\LPC1700_DFP\2.4.0\Boards\Keil\MCB1700\Common\GLCD_Fonts.c 0x00000000   Number         0  glcd_fonts.o ABSOLUTE
    C:\Keil_v5\ARM\PACK\Keil\LPC1700_DFP\2.4.0\Boards\Keil\MCB1700\Common\GLCD_MCB1700.c 0x00000000   Number         0  glcd_mcb1700.o ABSOLUTE
    C:\Keil_v5\ARM\PACK\Keil\LPC1700_DFP\2.4.0\RTE_Driver\GPDMA_LPC17xx.c 0x00000000   Number         0  gpdma_lpc17xx.o ABSOLUTE
    C:\Keil_v5\ARM\PACK\Keil\LPC1700_DFP\2.4.0\RTE_Driver\GPIO_LPC17xx.c 0x00000000   Number         0  gpio_lpc17xx.o ABSOLUTE
    C:\Keil_v5\ARM\PACK\Keil\LPC1700_DFP\2.4.0\RTE_Driver\I2C_LPC17xx.c 0x00000000   Number         0  i2c_lpc17xx.o ABSOLUTE
    C:\Keil_v5\ARM\PACK\Keil\LPC1700_DFP\2.4.0\RTE_Driver\PIN_LPC17xx.c 0x00000000   Number         0  pin_lpc17xx.o ABSOLUTE
    C:\Keil_v5\ARM\PACK\Keil\LPC1700_DFP\2.4.0\RTE_Driver\SSP_LPC17xx.c 0x00000000   Number         0  ssp_lpc17xx.o ABSOLUTE
    C:\\Keil_v5\\ARM\\PACK\\Keil\\LPC1700_DFP\\2.4.0\\Boards\\Keil\\MCB1700\\Common\\GLCD_MCB1700.c 0x00000000   Number         0  glcd_mcb1700.o ABSOLUTE
    C:\\Keil_v5\\ARM\\PACK\\Keil\\LPC1700_DFP\\2.4.0\\RTE_Driver\\GPDMA_LPC17xx.c 0x00000000   Number         0  gpdma_lpc17xx.o ABSOLUTE
    C:\\Keil_v5\\ARM\\PACK\\Keil\\LPC1700_DFP\\2.4.0\\RTE_Driver\\GPIO_LPC17xx.c 0x00000000   Number         0  gpio_lpc17xx.o ABSOLUTE
    C:\\Keil_v5\\ARM\\PACK\\Keil\\LPC1700_DFP\\2.4.0\\RTE_Driver\\I2C_LPC17xx.c 0x00000000   Number         0  i2c_lpc17xx.o ABSOLUTE
    C:\\Keil_v5\\ARM\\PACK\\Keil\\LPC1700_DFP\\2.4.0\\RTE_Driver\\PIN_LPC17xx.c 0x00000000   Number         0  pin_lpc17xx.o ABSOLUTE
    C:\\Keil_v5\\ARM\\PACK\\Keil\\LPC1700_DFP\\2.4.0\\RTE_Driver\\SSP_LPC17xx.c 0x00000000   Number         0  ssp_lpc17xx.o ABSOLUTE
    RTE\Device\LPC1768\startup_LPC17xx.s     0x00000000   Number         0  startup_lpc17xx.o ABSOLUTE
    RTE\Device\LPC1768\system_LPC17xx.c      0x00000000   Number         0  system_lpc17xx.o ABSOLUTE
    RTE\\Device\\LPC1768\\system_LPC17xx.c   0x00000000   Number         0  system_lpc17xx.o ABSOLUTE
    baseI2C.c                                0x00000000   Number         0  basei2c.o ABSOLUTE
    dc.s                                     0x00000000   Number         0  dc.o ABSOLUTE
    !!!main                                  0x000000cc   Section        8  __main.o(!!!main)
    !!!scatter                               0x000000d4   Section       52  __scatter.o(!!!scatter)
    !!handler_copy                           0x00000108   Section       26  __scatter_copy.o(!!handler_copy)
    !!handler_zi                             0x00000124   Section       28  __scatter_zi.o(!!handler_zi)
    .ARM.Collect$$libinit$$00000000          0x00000140   Section        2  libinit.o(.ARM.Collect$$libinit$$00000000)
    .ARM.Collect$$libinit$$00000002          0x00000142   Section        0  libinit2.o(.ARM.Collect$$libinit$$00000002)
    .ARM.Collect$$libinit$$00000004          0x00000142   Section        0  libinit2.o(.ARM.Collect$$libinit$$00000004)
    .ARM.Collect$$libinit$$0000000A          0x00000142   Section        0  libinit2.o(.ARM.Collect$$libinit$$0000000A)
    .ARM.Collect$$libinit$$0000000C          0x00000142   Section        0  libinit2.o(.ARM.Collect$$libinit$$0000000C)
    .ARM.Collect$$libinit$$0000000E          0x00000142   Section        0  libinit2.o(.ARM.Collect$$libinit$$0000000E)
    .ARM.Collect$$libinit$$00000011          0x00000142   Section        0  libinit2.o(.ARM.Collect$$libinit$$00000011)
    .ARM.Collect$$libinit$$00000013          0x00000142   Section        0  libinit2.o(.ARM.Collect$$libinit$$00000013)
    .ARM.Collect$$libinit$$00000015          0x00000142   Section        0  libinit2.o(.ARM.Collect$$libinit$$00000015)
    .ARM.Collect$$libinit$$00000017          0x00000142   Section        0  libinit2.o(.ARM.Collect$$libinit$$00000017)
    .ARM.Collect$$libinit$$00000019          0x00000142   Section        0  libinit2.o(.ARM.Collect$$libinit$$00000019)
    .ARM.Collect$$libinit$$0000001B          0x00000142   Section        0  libinit2.o(.ARM.Collect$$libinit$$0000001B)
    .ARM.Collect$$libinit$$0000001D          0x00000142   Section        0  libinit2.o(.ARM.Collect$$libinit$$0000001D)
    .ARM.Collect$$libinit$$0000001F          0x00000142   Section        0  libinit2.o(.ARM.Collect$$libinit$$0000001F)
    .ARM.Collect$$libinit$$00000021          0x00000142   Section        0  libinit2.o(.ARM.Collect$$libinit$$00000021)
    .ARM.Collect$$libinit$$00000023          0x00000142   Section        0  libinit2.o(.ARM.Collect$$libinit$$00000023)
    .ARM.Collect$$libinit$$00000025          0x00000142   Section        0  libinit2.o(.ARM.Collect$$libinit$$00000025)
    .ARM.Collect$$libinit$$0000002C          0x00000142   Section        0  libinit2.o(.ARM.Collect$$libinit$$0000002C)
    .ARM.Collect$$libinit$$0000002E          0x00000142   Section        0  libinit2.o(.ARM.Collect$$libinit$$0000002E)
    .ARM.Collect$$libinit$$00000030          0x00000142   Section        0  libinit2.o(.ARM.Collect$$libinit$$00000030)
    .ARM.Collect$$libinit$$00000032          0x00000142   Section        0  libinit2.o(.ARM.Collect$$libinit$$00000032)
    .ARM.Collect$$libinit$$00000033          0x00000142   Section        2  libinit2.o(.ARM.Collect$$libinit$$00000033)
    .ARM.Collect$$libshutdown$$00000000      0x00000144   Section        2  libshutdown.o(.ARM.Collect$$libshutdown$$00000000)
    .ARM.Collect$$libshutdown$$00000002      0x00000146   Section        0  libshutdown2.o(.ARM.Collect$$libshutdown$$00000002)
    .ARM.Collect$$libshutdown$$00000004      0x00000146   Section        0  libshutdown2.o(.ARM.Collect$$libshutdown$$00000004)
    .ARM.Collect$$libshutdown$$00000007      0x00000146   Section        0  libshutdown2.o(.ARM.Collect$$libshutdown$$00000007)
    .ARM.Collect$$libshutdown$$0000000A      0x00000146   Section        0  libshutdown2.o(.ARM.Collect$$libshutdown$$0000000A)
    .ARM.Collect$$libshutdown$$0000000C      0x00000146   Section        0  libshutdown2.o(.ARM.Collect$$libshutdown$$0000000C)
    .ARM.Collect$$libshutdown$$0000000F      0x00000146   Section        0  libshutdown2.o(.ARM.Collect$$libshutdown$$0000000F)
    .ARM.Collect$$libshutdown$$00000010      0x00000146   Section        2  libshutdown2.o(.ARM.Collect$$libshutdown$$00000010)
    .ARM.Collect$$rtentry$$00000000          0x00000148   Section        0  __rtentry.o(.ARM.Collect$$rtentry$$00000000)
    .ARM.Collect$$rtentry$$00000002          0x00000148   Section        0  __rtentry2.o(.ARM.Collect$$rtentry$$00000002)
    .ARM.Collect$$rtentry$$00000004          0x00000148   Section        6  __rtentry4.o(.ARM.Collect$$rtentry$$00000004)
    .ARM.Collect$$rtentry$$00000009          0x0000014e   Section        0  __rtentry2.o(.ARM.Collect$$rtentry$$00000009)
    .ARM.Collect$$rtentry$$0000000A          0x0000014e   Section        4  __rtentry2.o(.ARM.Collect$$rtentry$$0000000A)
    .ARM.Collect$$rtentry$$0000000C          0x00000152   Section        0  __rtentry2.o(.ARM.Collect$$rtentry$$0000000C)
    .ARM.Collect$$rtentry$$0000000D          0x00000152   Section        8  __rtentry2.o(.ARM.Collect$$rtentry$$0000000D)
    .ARM.Collect$$rtexit$$00000000           0x0000015a   Section        2  rtexit.o(.ARM.Collect$$rtexit$$00000000)
    .ARM.Collect$$rtexit$$00000002           0x0000015c   Section        0  rtexit2.o(.ARM.Collect$$rtexit$$00000002)
    .ARM.Collect$$rtexit$$00000003           0x0000015c   Section        4  rtexit2.o(.ARM.Collect$$rtexit$$00000003)
    .ARM.Collect$$rtexit$$00000004           0x00000160   Section        6  rtexit2.o(.ARM.Collect$$rtexit$$00000004)
    .text                                    0x00000168   Section       60  startup_lpc17xx.o(.text)
    .text                                    0x000001a4   Section       78  rt_memclr_w.o(.text)
    .text                                    0x000001f2   Section        0  heapauxi.o(.text)
    .text                                    0x000001f8   Section       74  sys_stackheap_outer.o(.text)
    .text                                    0x00000242   Section        0  exit.o(.text)
    .text                                    0x00000254   Section        8  libspace.o(.text)
    .text                                    0x0000025c   Section        0  sys_exit.o(.text)
    .text                                    0x00000268   Section        2  use_no_semi.o(.text)
    .text                                    0x0000026a   Section        0  indicate_semi.o(.text)
    i.Clear_Channel_active_flag              0x0000026c   Section        0  gpdma_lpc17xx.o(i.Clear_Channel_active_flag)
    Clear_Channel_active_flag                0x0000026d   Thumb Code    28  gpdma_lpc17xx.o(i.Clear_Channel_active_flag)
    i.GLCD_ClearScreen                       0x0000028c   Section        0  glcd_mcb1700.o(i.GLCD_ClearScreen)
    i.GLCD_SetFont                           0x000002bc   Section        0  glcd_mcb1700.o(i.GLCD_SetFont)
    i.GLCD_WindowMax                         0x000002cc   Section        0  glcd_mcb1700.o(i.GLCD_WindowMax)
    i.I2C0_Control                           0x000002e0   Section        0  i2c_lpc17xx.o(i.I2C0_Control)
    I2C0_Control                             0x000002e1   Thumb Code    18  i2c_lpc17xx.o(i.I2C0_Control)
    .ARM.__at_0x02FC                         0x000002fc   Section        4  startup_lpc17xx.o(.ARM.__at_0x02FC)
    i.DMA_IRQHandler                         0x00000300   Section        0  gpdma_lpc17xx.o(i.DMA_IRQHandler)
    i.GLCD_Initialize                        0x00000480   Section        0  glcd_mcb1700.o(i.GLCD_Initialize)
    i.GLCD_SetWindow                         0x00000a38   Section        0  glcd_mcb1700.o(i.GLCD_SetWindow)
    i.GPDMA_ChannelConfigure                 0x00000ae4   Section        0  gpdma_lpc17xx.o(i.GPDMA_ChannelConfigure)
    i.GPDMA_ChannelDisable                   0x00000bd8   Section        0  gpdma_lpc17xx.o(i.GPDMA_ChannelDisable)
    i.GPDMA_ChannelGetCount                  0x00000c08   Section        0  gpdma_lpc17xx.o(i.GPDMA_ChannelGetCount)
    i.GPDMA_Initialize                       0x00000c38   Section        0  gpdma_lpc17xx.o(i.GPDMA_Initialize)
    i.GPDMA_PeripheralSelect                 0x00000ce0   Section        0  gpdma_lpc17xx.o(i.GPDMA_PeripheralSelect)
    i.GPDMA_Uninitialize                     0x00000d24   Section        0  gpdma_lpc17xx.o(i.GPDMA_Uninitialize)
    i.GPIO_PinRead                           0x00000da4   Section        0  gpio_lpc17xx.o(i.GPIO_PinRead)
    i.GPIO_PinWrite                          0x00000dc4   Section        0  gpio_lpc17xx.o(i.GPIO_PinWrite)
    i.GPIO_PortClock                         0x00000dec   Section        0  gpio_lpc17xx.o(i.GPIO_PortClock)
    i.GPIO_SetDir                            0x00000e18   Section        0  gpio_lpc17xx.o(i.GPIO_SetDir)
    i.GetI2CClockFreq                        0x00000e50   Section        0  i2c_lpc17xx.o(i.GetI2CClockFreq)
    GetI2CClockFreq                          0x00000e51   Thumb Code    60  i2c_lpc17xx.o(i.GetI2CClockFreq)
    i.GetSSPClockFreq                        0x00000e90   Section        0  ssp_lpc17xx.o(i.GetSSPClockFreq)
    GetSSPClockFreq                          0x00000e91   Thumb Code    64  ssp_lpc17xx.o(i.GetSSPClockFreq)
    i.I2C0_GetDataCount                      0x00000ed4   Section        0  i2c_lpc17xx.o(i.I2C0_GetDataCount)
    I2C0_GetDataCount                        0x00000ed5   Thumb Code    10  i2c_lpc17xx.o(i.I2C0_GetDataCount)
    i.I2C0_GetStatus                         0x00000ee4   Section        0  i2c_lpc17xx.o(i.I2C0_GetStatus)
    I2C0_GetStatus                           0x00000ee5   Thumb Code    12  i2c_lpc17xx.o(i.I2C0_GetStatus)
    i.I2C0_IRQHandler                        0x00000ef4   Section        0  i2c_lpc17xx.o(i.I2C0_IRQHandler)
    i.I2C0_Initialize                        0x00000f04   Section        0  i2c_lpc17xx.o(i.I2C0_Initialize)
    I2C0_Initialize                          0x00000f05   Thumb Code    14  i2c_lpc17xx.o(i.I2C0_Initialize)
    i.I2C0_MasterReceive                     0x00000f18   Section        0  i2c_lpc17xx.o(i.I2C0_MasterReceive)
    I2C0_MasterReceive                       0x00000f19   Thumb Code    28  i2c_lpc17xx.o(i.I2C0_MasterReceive)
    i.I2C0_MasterTransmit                    0x00000f38   Section        0  i2c_lpc17xx.o(i.I2C0_MasterTransmit)
    I2C0_MasterTransmit                      0x00000f39   Thumb Code    28  i2c_lpc17xx.o(i.I2C0_MasterTransmit)
    i.I2C0_PowerControl                      0x00000f58   Section        0  i2c_lpc17xx.o(i.I2C0_PowerControl)
    I2C0_PowerControl                        0x00000f59   Thumb Code    14  i2c_lpc17xx.o(i.I2C0_PowerControl)
    i.I2C0_SlaveReceive                      0x00000f6c   Section        0  i2c_lpc17xx.o(i.I2C0_SlaveReceive)
    I2C0_SlaveReceive                        0x00000f6d   Thumb Code    18  i2c_lpc17xx.o(i.I2C0_SlaveReceive)
    i.I2C0_SlaveTransmit                     0x00000f84   Section        0  i2c_lpc17xx.o(i.I2C0_SlaveTransmit)
    I2C0_SlaveTransmit                       0x00000f85   Thumb Code    18  i2c_lpc17xx.o(i.I2C0_SlaveTransmit)
    i.I2C0_Uninitialize                      0x00000f9c   Section        0  i2c_lpc17xx.o(i.I2C0_Uninitialize)
    I2C0_Uninitialize                        0x00000f9d   Thumb Code    10  i2c_lpc17xx.o(i.I2C0_Uninitialize)
    i.I2C2_Control                           0x00000fac   Section        0  i2c_lpc17xx.o(i.I2C2_Control)
    I2C2_Control                             0x00000fad   Thumb Code    18  i2c_lpc17xx.o(i.I2C2_Control)
    i.I2C2_GetDataCount                      0x00000fc4   Section        0  i2c_lpc17xx.o(i.I2C2_GetDataCount)
    I2C2_GetDataCount                        0x00000fc5   Thumb Code    10  i2c_lpc17xx.o(i.I2C2_GetDataCount)
    i.I2C2_GetStatus                         0x00000fd4   Section        0  i2c_lpc17xx.o(i.I2C2_GetStatus)
    I2C2_GetStatus                           0x00000fd5   Thumb Code    12  i2c_lpc17xx.o(i.I2C2_GetStatus)
    i.I2C2_IRQHandler                        0x00000fe4   Section        0  i2c_lpc17xx.o(i.I2C2_IRQHandler)
    i.I2C2_Initialize                        0x00000ff4   Section        0  i2c_lpc17xx.o(i.I2C2_Initialize)
    I2C2_Initialize                          0x00000ff5   Thumb Code    14  i2c_lpc17xx.o(i.I2C2_Initialize)
    i.I2C2_MasterReceive                     0x00001008   Section        0  i2c_lpc17xx.o(i.I2C2_MasterReceive)
    I2C2_MasterReceive                       0x00001009   Thumb Code    28  i2c_lpc17xx.o(i.I2C2_MasterReceive)
    i.I2C2_MasterTransmit                    0x00001028   Section        0  i2c_lpc17xx.o(i.I2C2_MasterTransmit)
    I2C2_MasterTransmit                      0x00001029   Thumb Code    28  i2c_lpc17xx.o(i.I2C2_MasterTransmit)
    i.I2C2_PowerControl                      0x00001048   Section        0  i2c_lpc17xx.o(i.I2C2_PowerControl)
    I2C2_PowerControl                        0x00001049   Thumb Code    14  i2c_lpc17xx.o(i.I2C2_PowerControl)
    i.I2C2_SlaveReceive                      0x0000105c   Section        0  i2c_lpc17xx.o(i.I2C2_SlaveReceive)
    I2C2_SlaveReceive                        0x0000105d   Thumb Code    18  i2c_lpc17xx.o(i.I2C2_SlaveReceive)
    i.I2C2_SlaveTransmit                     0x00001074   Section        0  i2c_lpc17xx.o(i.I2C2_SlaveTransmit)
    I2C2_SlaveTransmit                       0x00001075   Thumb Code    18  i2c_lpc17xx.o(i.I2C2_SlaveTransmit)
    i.I2C2_Uninitialize                      0x0000108c   Section        0  i2c_lpc17xx.o(i.I2C2_Uninitialize)
    I2C2_Uninitialize                        0x0000108d   Thumb Code    10  i2c_lpc17xx.o(i.I2C2_Uninitialize)
    i.I2C_GetCapabilities                    0x0000109c   Section        0  i2c_lpc17xx.o(i.I2C_GetCapabilities)
    I2C_GetCapabilities                      0x0000109d   Thumb Code     6  i2c_lpc17xx.o(i.I2C_GetCapabilities)
    i.I2C_GetVersion                         0x000010a8   Section        0  i2c_lpc17xx.o(i.I2C_GetVersion)
    I2C_GetVersion                           0x000010a9   Thumb Code    10  i2c_lpc17xx.o(i.I2C_GetVersion)
    i.I2Cx_Control                           0x000010b8   Section        0  i2c_lpc17xx.o(i.I2Cx_Control)
    I2Cx_Control                             0x000010b9   Thumb Code   378  i2c_lpc17xx.o(i.I2Cx_Control)
    i.I2Cx_GetDataCount                      0x00001244   Section        0  i2c_lpc17xx.o(i.I2Cx_GetDataCount)
    I2Cx_GetDataCount                        0x00001245   Thumb Code     8  i2c_lpc17xx.o(i.I2Cx_GetDataCount)
    i.I2Cx_GetStatus                         0x0000124c   Section        0  i2c_lpc17xx.o(i.I2Cx_GetStatus)
    I2Cx_GetStatus                           0x0000124d   Thumb Code     8  i2c_lpc17xx.o(i.I2Cx_GetStatus)
    i.I2Cx_IRQHandler                        0x00001254   Section        0  i2c_lpc17xx.o(i.I2Cx_IRQHandler)
    I2Cx_IRQHandler                          0x00001255   Thumb Code    48  i2c_lpc17xx.o(i.I2Cx_IRQHandler)
    i.I2Cx_Initialize                        0x00001284   Section        0  i2c_lpc17xx.o(i.I2Cx_Initialize)
    I2Cx_Initialize                          0x00001285   Thumb Code    78  i2c_lpc17xx.o(i.I2Cx_Initialize)
    i.I2Cx_MasterHandler                     0x000012d2   Section        0  i2c_lpc17xx.o(i.I2Cx_MasterHandler)
    I2Cx_MasterHandler                       0x000012d3   Thumb Code   462  i2c_lpc17xx.o(i.I2Cx_MasterHandler)
    i.I2Cx_MasterReceive                     0x000014a0   Section        0  i2c_lpc17xx.o(i.I2Cx_MasterReceive)
    I2Cx_MasterReceive                       0x000014a1   Thumb Code   206  i2c_lpc17xx.o(i.I2Cx_MasterReceive)
    i.I2Cx_MasterTransmit                    0x0000156e   Section        0  i2c_lpc17xx.o(i.I2Cx_MasterTransmit)
    I2Cx_MasterTransmit                      0x0000156f   Thumb Code   204  i2c_lpc17xx.o(i.I2Cx_MasterTransmit)
    i.I2Cx_PowerControl                      0x0000163a   Section        0  i2c_lpc17xx.o(i.I2Cx_PowerControl)
    I2Cx_PowerControl                        0x0000163b   Thumb Code   320  i2c_lpc17xx.o(i.I2Cx_PowerControl)
    i.I2Cx_SlaveHandler                      0x0000177a   Section        0  i2c_lpc17xx.o(i.I2Cx_SlaveHandler)
    I2Cx_SlaveHandler                        0x0000177b   Thumb Code   468  i2c_lpc17xx.o(i.I2Cx_SlaveHandler)
    i.I2Cx_SlaveReceive                      0x0000194e   Section        0  i2c_lpc17xx.o(i.I2Cx_SlaveReceive)
    I2Cx_SlaveReceive                        0x0000194f   Thumb Code   116  i2c_lpc17xx.o(i.I2Cx_SlaveReceive)
    i.I2Cx_SlaveTransmit                     0x000019c2   Section        0  i2c_lpc17xx.o(i.I2Cx_SlaveTransmit)
    I2Cx_SlaveTransmit                       0x000019c3   Thumb Code   116  i2c_lpc17xx.o(i.I2Cx_SlaveTransmit)
    i.I2Cx_Uninitialize                      0x00001a36   Section        0  i2c_lpc17xx.o(i.I2Cx_Uninitialize)
    I2Cx_Uninitialize                        0x00001a37   Thumb Code    48  i2c_lpc17xx.o(i.I2Cx_Uninitialize)
    i.Init_I2C                               0x00001a68   Section        0  basei2c.o(i.Init_I2C)
    i.PIN_Configure                          0x00001a94   Section        0  pin_lpc17xx.o(i.PIN_Configure)
    i.PIN_ConfigureI2C0Pins                  0x00001b90   Section        0  pin_lpc17xx.o(i.PIN_ConfigureI2C0Pins)
    i.SSP1_Control                           0x00001bb0   Section        0  ssp_lpc17xx.o(i.SSP1_Control)
    SSP1_Control                             0x00001bb1   Thumb Code    18  ssp_lpc17xx.o(i.SSP1_Control)
    i.SSP1_GPDMA_Rx_SignalEvent              0x00001bc8   Section        0  ssp_lpc17xx.o(i.SSP1_GPDMA_Rx_SignalEvent)
    i.SSP1_GPDMA_Tx_SignalEvent              0x00001bdc   Section        0  ssp_lpc17xx.o(i.SSP1_GPDMA_Tx_SignalEvent)
    i.SSP1_GetDataCount                      0x00001bf0   Section        0  ssp_lpc17xx.o(i.SSP1_GetDataCount)
    SSP1_GetDataCount                        0x00001bf1   Thumb Code    10  ssp_lpc17xx.o(i.SSP1_GetDataCount)
    i.SSP1_GetStatus                         0x00001c00   Section        0  ssp_lpc17xx.o(i.SSP1_GetStatus)
    SSP1_GetStatus                           0x00001c01   Thumb Code    12  ssp_lpc17xx.o(i.SSP1_GetStatus)
    i.SSP1_IRQHandler                        0x00001c10   Section        0  ssp_lpc17xx.o(i.SSP1_IRQHandler)
    i.SSP1_Initialize                        0x00001c20   Section        0  ssp_lpc17xx.o(i.SSP1_Initialize)
    SSP1_Initialize                          0x00001c21   Thumb Code    14  ssp_lpc17xx.o(i.SSP1_Initialize)
    i.SSP1_PowerControl                      0x00001c34   Section        0  ssp_lpc17xx.o(i.SSP1_PowerControl)
    SSP1_PowerControl                        0x00001c35   Thumb Code    14  ssp_lpc17xx.o(i.SSP1_PowerControl)
    i.SSP1_Receive                           0x00001c48   Section        0  ssp_lpc17xx.o(i.SSP1_Receive)
    SSP1_Receive                             0x00001c49   Thumb Code    18  ssp_lpc17xx.o(i.SSP1_Receive)
    i.SSP1_Send                              0x00001c60   Section        0  ssp_lpc17xx.o(i.SSP1_Send)
    SSP1_Send                                0x00001c61   Thumb Code    18  ssp_lpc17xx.o(i.SSP1_Send)
    i.SSP1_Transfer                          0x00001c78   Section        0  ssp_lpc17xx.o(i.SSP1_Transfer)
    SSP1_Transfer                            0x00001c79   Thumb Code    22  ssp_lpc17xx.o(i.SSP1_Transfer)
    i.SSP1_Uninitialize                      0x00001c94   Section        0  ssp_lpc17xx.o(i.SSP1_Uninitialize)
    SSP1_Uninitialize                        0x00001c95   Thumb Code    10  ssp_lpc17xx.o(i.SSP1_Uninitialize)
    i.SSP_GetCapabilities                    0x00001ca4   Section        0  ssp_lpc17xx.o(i.SSP_GetCapabilities)
    SSP_GetCapabilities                      0x00001ca5   Thumb Code     6  ssp_lpc17xx.o(i.SSP_GetCapabilities)
    i.SSP_GetVersion                         0x00001cb0   Section        0  ssp_lpc17xx.o(i.SSP_GetVersion)
    SSP_GetVersion                           0x00001cb1   Thumb Code    10  ssp_lpc17xx.o(i.SSP_GetVersion)
    i.SSPx_Control                           0x00001cc0   Section        0  ssp_lpc17xx.o(i.SSPx_Control)
    SSPx_Control                             0x00001cc1   Thumb Code  1310  ssp_lpc17xx.o(i.SSPx_Control)
    i.SSPx_GPDMA_Rx_SignalEvent              0x000021de   Section        0  ssp_lpc17xx.o(i.SSPx_GPDMA_Rx_SignalEvent)
    i.SSPx_GPDMA_Tx_SignalEvent              0x00002214   Section        0  ssp_lpc17xx.o(i.SSPx_GPDMA_Tx_SignalEvent)
    i.SSPx_GetDataCount                      0x00002230   Section        0  ssp_lpc17xx.o(i.SSPx_GetDataCount)
    SSPx_GetDataCount                        0x00002231   Thumb Code    44  ssp_lpc17xx.o(i.SSPx_GetDataCount)
    i.SSPx_GetStatus                         0x0000225c   Section        0  ssp_lpc17xx.o(i.SSPx_GetStatus)
    SSPx_GetStatus                           0x0000225d   Thumb Code    90  ssp_lpc17xx.o(i.SSPx_GetStatus)
    i.SSPx_IRQHandler                        0x000022b6   Section        0  ssp_lpc17xx.o(i.SSPx_IRQHandler)
    SSPx_IRQHandler                          0x000022b7   Thumb Code   260  ssp_lpc17xx.o(i.SSPx_IRQHandler)
    i.SSPx_Initialize                        0x000023ba   Section        0  ssp_lpc17xx.o(i.SSPx_Initialize)
    SSPx_Initialize                          0x000023bb   Thumb Code   168  ssp_lpc17xx.o(i.SSPx_Initialize)
    i.SSPx_PowerControl                      0x00002464   Section        0  ssp_lpc17xx.o(i.SSPx_PowerControl)
    SSPx_PowerControl                        0x00002465   Thumb Code   430  ssp_lpc17xx.o(i.SSPx_PowerControl)
    i.SSPx_Receive                           0x00002618   Section        0  ssp_lpc17xx.o(i.SSPx_Receive)
    SSPx_Receive                             0x00002619   Thumb Code   344  ssp_lpc17xx.o(i.SSPx_Receive)
    i.SSPx_Send                              0x00002774   Section        0  ssp_lpc17xx.o(i.SSPx_Send)
    SSPx_Send                                0x00002775   Thumb Code   336  ssp_lpc17xx.o(i.SSPx_Send)
    i.SSPx_Transfer                          0x000028c8   Section        0  ssp_lpc17xx.o(i.SSPx_Transfer)
    SSPx_Transfer                            0x000028c9   Thumb Code   338  ssp_lpc17xx.o(i.SSPx_Transfer)
    i.SSPx_Uninitialize                      0x00002a1a   Section        0  ssp_lpc17xx.o(i.SSPx_Uninitialize)
    SSPx_Uninitialize                        0x00002a1b   Thumb Code   112  ssp_lpc17xx.o(i.SSPx_Uninitialize)
    i.Set_Channel_active_flag                0x00002a8c   Section        0  gpdma_lpc17xx.o(i.Set_Channel_active_flag)
    Set_Channel_active_flag                  0x00002a8d   Thumb Code    50  gpdma_lpc17xx.o(i.Set_Channel_active_flag)
    i.SystemInit                             0x00002ac4   Section        0  system_lpc17xx.o(i.SystemInit)
    i.__NVIC_ClearPendingIRQ                 0x00002c04   Section        0  i2c_lpc17xx.o(i.__NVIC_ClearPendingIRQ)
    __NVIC_ClearPendingIRQ                   0x00002c05   Thumb Code    22  i2c_lpc17xx.o(i.__NVIC_ClearPendingIRQ)
    i.__NVIC_ClearPendingIRQ                 0x00002c20   Section        0  ssp_lpc17xx.o(i.__NVIC_ClearPendingIRQ)
    __NVIC_ClearPendingIRQ                   0x00002c21   Thumb Code    22  ssp_lpc17xx.o(i.__NVIC_ClearPendingIRQ)
    i.__NVIC_ClearPendingIRQ                 0x00002c3c   Section        0  gpdma_lpc17xx.o(i.__NVIC_ClearPendingIRQ)
    __NVIC_ClearPendingIRQ                   0x00002c3d   Thumb Code    22  gpdma_lpc17xx.o(i.__NVIC_ClearPendingIRQ)
    i.__NVIC_DisableIRQ                      0x00002c58   Section        0  i2c_lpc17xx.o(i.__NVIC_DisableIRQ)
    __NVIC_DisableIRQ                        0x00002c59   Thumb Code    54  i2c_lpc17xx.o(i.__NVIC_DisableIRQ)
    i.__NVIC_EnableIRQ                       0x00002c94   Section        0  i2c_lpc17xx.o(i.__NVIC_EnableIRQ)
    __NVIC_EnableIRQ                         0x00002c95   Thumb Code    26  i2c_lpc17xx.o(i.__NVIC_EnableIRQ)
    i.delay_ms                               0x00002cb0   Section        0  glcd_mcb1700.o(i.delay_ms)
    delay_ms                                 0x00002cb1   Thumb Code    38  glcd_mcb1700.o(i.delay_ms)
    i.main                                   0x00002cdc   Section        0  basei2c.o(i.main)
    i.rd_dat                                 0x00002d0c   Section        0  glcd_mcb1700.o(i.rd_dat)
    rd_dat                                   0x00002d0d   Thumb Code    64  glcd_mcb1700.o(i.rd_dat)
    i.rd_id_man                              0x00002d50   Section        0  glcd_mcb1700.o(i.rd_id_man)
    rd_id_man                                0x00002d51   Thumb Code   196  glcd_mcb1700.o(i.rd_id_man)
    i.rd_reg                                 0x00002e18   Section        0  glcd_mcb1700.o(i.rd_reg)
    rd_reg                                   0x00002e19   Thumb Code    16  glcd_mcb1700.o(i.rd_reg)
    i.spi_tran                               0x00002e28   Section        0  glcd_mcb1700.o(i.spi_tran)
    spi_tran                                 0x00002e29   Thumb Code    40  glcd_mcb1700.o(i.spi_tran)
    i.spi_tran_man                           0x00002e54   Section        0  glcd_mcb1700.o(i.spi_tran_man)
    spi_tran_man                             0x00002e55   Thumb Code   132  glcd_mcb1700.o(i.spi_tran_man)
    i.wr_cmd                                 0x00002edc   Section        0  glcd_mcb1700.o(i.wr_cmd)
    wr_cmd                                   0x00002edd   Thumb Code    70  glcd_mcb1700.o(i.wr_cmd)
    i.wr_dat_only                            0x00002f28   Section        0  glcd_mcb1700.o(i.wr_dat_only)
    wr_dat_only                              0x00002f29   Thumb Code    46  glcd_mcb1700.o(i.wr_dat_only)
    i.wr_dat_start                           0x00002f5c   Section        0  glcd_mcb1700.o(i.wr_dat_start)
    wr_dat_start                             0x00002f5d   Thumb Code    20  glcd_mcb1700.o(i.wr_dat_start)
    i.wr_dat_stop                            0x00002f74   Section        0  glcd_mcb1700.o(i.wr_dat_stop)
    wr_dat_stop                              0x00002f75   Thumb Code    14  glcd_mcb1700.o(i.wr_dat_stop)
    i.wr_reg                                 0x00002f88   Section        0  glcd_mcb1700.o(i.wr_reg)
    wr_reg                                   0x00002f89   Thumb Code   140  glcd_mcb1700.o(i.wr_reg)
    i.write1byte                             0x00003018   Section        0  basei2c.o(i.write1byte)
    .constdata                               0x00003054   Section     6304  glcd_fonts.o(.constdata)
    Font_6x8_h                               0x00003054   Data         896  glcd_fonts.o(.constdata)
    Font_16x24_h                             0x000033d4   Data        5376  glcd_fonts.o(.constdata)
    .constdata                               0x000048f4   Section      192  i2c_lpc17xx.o(.constdata)
    DriverVersion                            0x000048f4   Data           4  i2c_lpc17xx.o(.constdata)
    DriverCapabilities                       0x000048f8   Data           4  i2c_lpc17xx.o(.constdata)
    I2C0_Resources                           0x000048fc   Data          44  i2c_lpc17xx.o(.constdata)
    I2C2_Resources                           0x00004928   Data          44  i2c_lpc17xx.o(.constdata)
    .constdata                               0x000049b4   Section      124  ssp_lpc17xx.o(.constdata)
    DriverVersion                            0x000049b4   Data           4  ssp_lpc17xx.o(.constdata)
    DriverCapabilities                       0x000049b8   Data           4  ssp_lpc17xx.o(.constdata)
    SSP1_Resources                           0x000049bc   Data          72  ssp_lpc17xx.o(.constdata)
    .data                                    0x10000000   Section       17  glcd_mcb1700.o(.data)
    spi1_pins                                0x10000000   Data           8  glcd_mcb1700.o(.data)
    foreground_color                         0x10000008   Data           2  glcd_mcb1700.o(.data)
    background_color                         0x1000000a   Data           2  glcd_mcb1700.o(.data)
    active_font                              0x1000000c   Data           4  glcd_mcb1700.o(.data)
    Himax                                    0x10000010   Data           1  glcd_mcb1700.o(.data)
    .data                                    0x10000011   Section        8  i2c_lpc17xx.o(.data)
    .data                                    0x1000001c   Section       16  ssp_lpc17xx.o(.data)
    SSP1_pin_sck                             0x1000001c   Data           2  ssp_lpc17xx.o(.data)
    SSP1_pin_miso                            0x1000001e   Data           2  ssp_lpc17xx.o(.data)
    SSP1_pin_mosi                            0x10000020   Data           2  ssp_lpc17xx.o(.data)
    SSP1_pin_ssel                            0x10000022   Data           2  ssp_lpc17xx.o(.data)
    dummy_data                               0x10000024   Data           4  ssp_lpc17xx.o(.data)
    dummy_data                               0x10000028   Data           4  ssp_lpc17xx.o(.data)
    .data                                    0x1000002c   Section        8  gpdma_lpc17xx.o(.data)
    Channel_active                           0x1000002c   Data           4  gpdma_lpc17xx.o(.data)
    Init_cnt                                 0x10000030   Data           4  gpdma_lpc17xx.o(.data)
    .data                                    0x10000034   Section        4  system_lpc17xx.o(.data)
    .bss                                     0x10000038   Section       72  i2c_lpc17xx.o(.bss)
    I2C0_Ctrl                                0x10000038   Data          36  i2c_lpc17xx.o(.bss)
    I2C2_Ctrl                                0x1000005c   Data          36  i2c_lpc17xx.o(.bss)
    .bss                                     0x10000080   Section       40  ssp_lpc17xx.o(.bss)
    SSP1_Info                                0x10000080   Data          12  ssp_lpc17xx.o(.bss)
    SSP1_Xfer                                0x1000008c   Data          28  ssp_lpc17xx.o(.bss)
    .bss                                     0x100000a8   Section      160  gpdma_lpc17xx.o(.bss)
    Channel_info                             0x100000a8   Data         160  gpdma_lpc17xx.o(.bss)
    .bss                                     0x10000148   Section       96  libspace.o(.bss)
    HEAP                                     0x100001a8   Section        0  startup_lpc17xx.o(HEAP)
    STACK                                    0x100001a8   Section      512  startup_lpc17xx.o(STACK)
    Heap_Mem                                 0x100001a8   Data           0  startup_lpc17xx.o(HEAP)
    Stack_Mem                                0x100001a8   Data         512  startup_lpc17xx.o(STACK)
    __initial_sp                             0x100003a8   Data           0  startup_lpc17xx.o(STACK)

    Global Symbols

    Symbol Name                              Value     Ov Type        Size  Object(Section)

    BuildAttributes$$THM_ISAv4$P$D$K$B$S$PE$A:L22UL41UL21$X:L11$S22US41US21$IEEE1$IW$USESV6$~STKCKD$USESV7$~SHL$OSPACE$ROPI$EBA8$UX$STANDARDLIB$REQ8$PRES8$EABIv2 0x00000000   Number         0  anon$$obj.o ABSOLUTE
    __ARM_use_no_argv                        0x00000000   Number         0  basei2c.o ABSOLUTE
    __Vectors                                0x00000000   Data           4  startup_lpc17xx.o(RESET)
    __ARM_exceptions_init                     - Undefined Weak Reference
    __alloca_initialize                       - Undefined Weak Reference
    __arm_preinit_                            - Undefined Weak Reference
    __cpp_initialize__aeabi_                  - Undefined Weak Reference
    __cxa_finalize                            - Undefined Weak Reference
    __rt_locale                               - Undefined Weak Reference
    __sigvec_lookup                           - Undefined Weak Reference
    _atexit_init                              - Undefined Weak Reference
    _call_atexit_fns                          - Undefined Weak Reference
    _clock_init                               - Undefined Weak Reference
    _fp_trap_init                             - Undefined Weak Reference
    _fp_trap_shutdown                         - Undefined Weak Reference
    _get_lc_collate                           - Undefined Weak Reference
    _get_lc_ctype                             - Undefined Weak Reference
    _get_lc_monetary                          - Undefined Weak Reference
    _get_lc_numeric                           - Undefined Weak Reference
    _get_lc_time                              - Undefined Weak Reference
    _getenv_init                              - Undefined Weak Reference
    _handle_redirection                       - Undefined Weak Reference
    _init_alloc                               - Undefined Weak Reference
    _init_user_alloc                          - Undefined Weak Reference
    _initio                                   - Undefined Weak Reference
    _rand_init                                - Undefined Weak Reference
    _signal_finish                            - Undefined Weak Reference
    _signal_init                              - Undefined Weak Reference
    _terminate_alloc                          - Undefined Weak Reference
    _terminate_user_alloc                     - Undefined Weak Reference
    _terminateio                              - Undefined Weak Reference
    __main                                   0x000000cd   Thumb Code     8  __main.o(!!!main)
    __scatterload                            0x000000d5   Thumb Code     0  __scatter.o(!!!scatter)
    __scatterload_rt2                        0x000000d5   Thumb Code    44  __scatter.o(!!!scatter)
    __scatterload_rt2_thumb_only             0x000000d5   Thumb Code     0  __scatter.o(!!!scatter)
    __scatterload_null                       0x000000e3   Thumb Code     0  __scatter.o(!!!scatter)
    __scatterload_copy                       0x00000109   Thumb Code    26  __scatter_copy.o(!!handler_copy)
    __scatterload_zeroinit                   0x00000125   Thumb Code    28  __scatter_zi.o(!!handler_zi)
    __rt_lib_init                            0x00000141   Thumb Code     0  libinit.o(.ARM.Collect$$libinit$$00000000)
    __rt_lib_init_alloca_1                   0x00000143   Thumb Code     0  libinit2.o(.ARM.Collect$$libinit$$0000002E)
    __rt_lib_init_argv_1                     0x00000143   Thumb Code     0  libinit2.o(.ARM.Collect$$libinit$$0000002C)
    __rt_lib_init_atexit_1                   0x00000143   Thumb Code     0  libinit2.o(.ARM.Collect$$libinit$$0000001B)
    __rt_lib_init_clock_1                    0x00000143   Thumb Code     0  libinit2.o(.ARM.Collect$$libinit$$00000021)
    __rt_lib_init_cpp_1                      0x00000143   Thumb Code     0  libinit2.o(.ARM.Collect$$libinit$$00000032)
    __rt_lib_init_exceptions_1               0x00000143   Thumb Code     0  libinit2.o(.ARM.Collect$$libinit$$00000030)
    __rt_lib_init_fp_1                       0x00000143   Thumb Code     0  libinit2.o(.ARM.Collect$$libinit$$00000002)
    __rt_lib_init_fp_trap_1                  0x00000143   Thumb Code     0  libinit2.o(.ARM.Collect$$libinit$$0000001F)
    __rt_lib_init_getenv_1                   0x00000143   Thumb Code     0  libinit2.o(.ARM.Collect$$libinit$$00000023)
    __rt_lib_init_heap_1                     0x00000143   Thumb Code     0  libinit2.o(.ARM.Collect$$libinit$$0000000A)
    __rt_lib_init_lc_collate_1               0x00000143   Thumb Code     0  libinit2.o(.ARM.Collect$$libinit$$00000011)
    __rt_lib_init_lc_ctype_1                 0x00000143   Thumb Code     0  libinit2.o(.ARM.Collect$$libinit$$00000013)
    __rt_lib_init_lc_monetary_1              0x00000143   Thumb Code     0  libinit2.o(.ARM.Collect$$libinit$$00000015)
    __rt_lib_init_lc_numeric_1               0x00000143   Thumb Code     0  libinit2.o(.ARM.Collect$$libinit$$00000017)
    __rt_lib_init_lc_time_1                  0x00000143   Thumb Code     0  libinit2.o(.ARM.Collect$$libinit$$00000019)
    __rt_lib_init_preinit_1                  0x00000143   Thumb Code     0  libinit2.o(.ARM.Collect$$libinit$$00000004)
    __rt_lib_init_rand_1                     0x00000143   Thumb Code     0  libinit2.o(.ARM.Collect$$libinit$$0000000E)
    __rt_lib_init_return                     0x00000143   Thumb Code     0  libinit2.o(.ARM.Collect$$libinit$$00000033)
    __rt_lib_init_signal_1                   0x00000143   Thumb Code     0  libinit2.o(.ARM.Collect$$libinit$$0000001D)
    __rt_lib_init_stdio_1                    0x00000143   Thumb Code     0  libinit2.o(.ARM.Collect$$libinit$$00000025)
    __rt_lib_init_user_alloc_1               0x00000143   Thumb Code     0  libinit2.o(.ARM.Collect$$libinit$$0000000C)
    __rt_lib_shutdown                        0x00000145   Thumb Code     0  libshutdown.o(.ARM.Collect$$libshutdown$$00000000)
    __rt_lib_shutdown_cpp_1                  0x00000147   Thumb Code     0  libshutdown2.o(.ARM.Collect$$libshutdown$$00000002)
    __rt_lib_shutdown_fp_trap_1              0x00000147   Thumb Code     0  libshutdown2.o(.ARM.Collect$$libshutdown$$00000007)
    __rt_lib_shutdown_heap_1                 0x00000147   Thumb Code     0  libshutdown2.o(.ARM.Collect$$libshutdown$$0000000F)
    __rt_lib_shutdown_return                 0x00000147   Thumb Code     0  libshutdown2.o(.ARM.Collect$$libshutdown$$00000010)
    __rt_lib_shutdown_signal_1               0x00000147   Thumb Code     0  libshutdown2.o(.ARM.Collect$$libshutdown$$0000000A)
    __rt_lib_shutdown_stdio_1                0x00000147   Thumb Code     0  libshutdown2.o(.ARM.Collect$$libshutdown$$00000004)
    __rt_lib_shutdown_user_alloc_1           0x00000147   Thumb Code     0  libshutdown2.o(.ARM.Collect$$libshutdown$$0000000C)
    __rt_entry                               0x00000149   Thumb Code     0  __rtentry.o(.ARM.Collect$$rtentry$$00000000)
    __rt_entry_presh_1                       0x00000149   Thumb Code     0  __rtentry2.o(.ARM.Collect$$rtentry$$00000002)
    __rt_entry_sh                            0x00000149   Thumb Code     0  __rtentry4.o(.ARM.Collect$$rtentry$$00000004)
    __rt_entry_li                            0x0000014f   Thumb Code     0  __rtentry2.o(.ARM.Collect$$rtentry$$0000000A)
    __rt_entry_postsh_1                      0x0000014f   Thumb Code     0  __rtentry2.o(.ARM.Collect$$rtentry$$00000009)
    __rt_entry_main                          0x00000153   Thumb Code     0  __rtentry2.o(.ARM.Collect$$rtentry$$0000000D)
    __rt_entry_postli_1                      0x00000153   Thumb Code     0  __rtentry2.o(.ARM.Collect$$rtentry$$0000000C)
    __rt_exit                                0x0000015b   Thumb Code     0  rtexit.o(.ARM.Collect$$rtexit$$00000000)
    __rt_exit_ls                             0x0000015d   Thumb Code     0  rtexit2.o(.ARM.Collect$$rtexit$$00000003)
    __rt_exit_prels_1                        0x0000015d   Thumb Code     0  rtexit2.o(.ARM.Collect$$rtexit$$00000002)
    __rt_exit_exit                           0x00000161   Thumb Code     0  rtexit2.o(.ARM.Collect$$rtexit$$00000004)
    Reset_Handler                            0x00000169   Thumb Code     8  startup_lpc17xx.o(.text)
    NMI_Handler                              0x00000171   Thumb Code     2  startup_lpc17xx.o(.text)
    HardFault_Handler                        0x00000173   Thumb Code     2  startup_lpc17xx.o(.text)
    MemManage_Handler                        0x00000175   Thumb Code     2  startup_lpc17xx.o(.text)
    BusFault_Handler                         0x00000177   Thumb Code     2  startup_lpc17xx.o(.text)
    UsageFault_Handler                       0x00000179   Thumb Code     2  startup_lpc17xx.o(.text)
    SVC_Handler                              0x0000017b   Thumb Code     2  startup_lpc17xx.o(.text)
    DebugMon_Handler                         0x0000017d   Thumb Code     2  startup_lpc17xx.o(.text)
    PendSV_Handler                           0x0000017f   Thumb Code     2  startup_lpc17xx.o(.text)
    SysTick_Handler                          0x00000181   Thumb Code     2  startup_lpc17xx.o(.text)
    ADC_IRQHandler                           0x00000183   Thumb Code     0  startup_lpc17xx.o(.text)
    BOD_IRQHandler                           0x00000183   Thumb Code     0  startup_lpc17xx.o(.text)
    CANActivity_IRQHandler                   0x00000183   Thumb Code     0  startup_lpc17xx.o(.text)
    CAN_IRQHandler                           0x00000183   Thumb Code     0  startup_lpc17xx.o(.text)
    EINT0_IRQHandler                         0x00000183   Thumb Code     0  startup_lpc17xx.o(.text)
    EINT1_IRQHandler                         0x00000183   Thumb Code     0  startup_lpc17xx.o(.text)
    EINT2_IRQHandler                         0x00000183   Thumb Code     0  startup_lpc17xx.o(.text)
    EINT3_IRQHandler                         0x00000183   Thumb Code     0  startup_lpc17xx.o(.text)
    ENET_IRQHandler                          0x00000183   Thumb Code     0  startup_lpc17xx.o(.text)
    I2C1_IRQHandler                          0x00000183   Thumb Code     0  startup_lpc17xx.o(.text)
    I2S_IRQHandler                           0x00000183   Thumb Code     0  startup_lpc17xx.o(.text)
    MCPWM_IRQHandler                         0x00000183   Thumb Code     0  startup_lpc17xx.o(.text)
    PLL0_IRQHandler                          0x00000183   Thumb Code     0  startup_lpc17xx.o(.text)
    PLL1_IRQHandler                          0x00000183   Thumb Code     0  startup_lpc17xx.o(.text)
    PWM1_IRQHandler                          0x00000183   Thumb Code     0  startup_lpc17xx.o(.text)
    QEI_IRQHandler                           0x00000183   Thumb Code     0  startup_lpc17xx.o(.text)
    RIT_IRQHandler                           0x00000183   Thumb Code     0  startup_lpc17xx.o(.text)
    RTC_IRQHandler                           0x00000183   Thumb Code     0  startup_lpc17xx.o(.text)
    SPI_IRQHandler                           0x00000183   Thumb Code     0  startup_lpc17xx.o(.text)
    SSP0_IRQHandler                          0x00000183   Thumb Code     0  startup_lpc17xx.o(.text)
    TIMER0_IRQHandler                        0x00000183   Thumb Code     0  startup_lpc17xx.o(.text)
    TIMER1_IRQHandler                        0x00000183   Thumb Code     0  startup_lpc17xx.o(.text)
    TIMER2_IRQHandler                        0x00000183   Thumb Code     0  startup_lpc17xx.o(.text)
    TIMER3_IRQHandler                        0x00000183   Thumb Code     0  startup_lpc17xx.o(.text)
    UART0_IRQHandler                         0x00000183   Thumb Code     0  startup_lpc17xx.o(.text)
    UART1_IRQHandler                         0x00000183   Thumb Code     0  startup_lpc17xx.o(.text)
    UART2_IRQHandler                         0x00000183   Thumb Code     0  startup_lpc17xx.o(.text)
    UART3_IRQHandler                         0x00000183   Thumb Code     0  startup_lpc17xx.o(.text)
    USBActivity_IRQHandler                   0x00000183   Thumb Code     0  startup_lpc17xx.o(.text)
    USB_IRQHandler                           0x00000183   Thumb Code     0  startup_lpc17xx.o(.text)
    WDT_IRQHandler                           0x00000183   Thumb Code     0  startup_lpc17xx.o(.text)
    __user_initial_stackheap                 0x00000185   Thumb Code     0  startup_lpc17xx.o(.text)
    __aeabi_memclr4                          0x000001a5   Thumb Code     0  rt_memclr_w.o(.text)
    __aeabi_memclr8                          0x000001a5   Thumb Code     0  rt_memclr_w.o(.text)
    __rt_memclr_w                            0x000001a5   Thumb Code    78  rt_memclr_w.o(.text)
    _memset_w                                0x000001a9   Thumb Code     0  rt_memclr_w.o(.text)
    __use_two_region_memory                  0x000001f3   Thumb Code     2  heapauxi.o(.text)
    __rt_heap_escrow$2region                 0x000001f5   Thumb Code     2  heapauxi.o(.text)
    __rt_heap_expand$2region                 0x000001f7   Thumb Code     2  heapauxi.o(.text)
    __user_setup_stackheap                   0x000001f9   Thumb Code    74  sys_stackheap_outer.o(.text)
    exit                                     0x00000243   Thumb Code    18  exit.o(.text)
    __user_libspace                          0x00000255   Thumb Code     8  libspace.o(.text)
    __user_perproc_libspace                  0x00000255   Thumb Code     0  libspace.o(.text)
    __user_perthread_libspace                0x00000255   Thumb Code     0  libspace.o(.text)
    _sys_exit                                0x0000025d   Thumb Code     8  sys_exit.o(.text)
    __I$use$semihosting                      0x00000269   Thumb Code     0  use_no_semi.o(.text)
    __use_no_semihosting_swi                 0x00000269   Thumb Code     2  use_no_semi.o(.text)
    __semihosting_library_function           0x0000026b   Thumb Code     0  indicate_semi.o(.text)
    GLCD_ClearScreen                         0x0000028d   Thumb Code    44  glcd_mcb1700.o(i.GLCD_ClearScreen)
    GLCD_SetFont                             0x000002bd   Thumb Code    10  glcd_mcb1700.o(i.GLCD_SetFont)
    GLCD_WindowMax                           0x000002cd   Thumb Code    18  glcd_mcb1700.o(i.GLCD_WindowMax)
    DMA_IRQHandler                           0x00000301   Thumb Code   372  gpdma_lpc17xx.o(i.DMA_IRQHandler)
    GLCD_Initialize                          0x00000481   Thumb Code  1462  glcd_mcb1700.o(i.GLCD_Initialize)
    GLCD_SetWindow                           0x00000a39   Thumb Code   168  glcd_mcb1700.o(i.GLCD_SetWindow)
    GPDMA_ChannelConfigure                   0x00000ae5   Thumb Code   232  gpdma_lpc17xx.o(i.GPDMA_ChannelConfigure)
    GPDMA_ChannelDisable                     0x00000bd9   Thumb Code    44  gpdma_lpc17xx.o(i.GPDMA_ChannelDisable)
    GPDMA_ChannelGetCount                    0x00000c09   Thumb Code    38  gpdma_lpc17xx.o(i.GPDMA_ChannelGetCount)
    GPDMA_Initialize                         0x00000c39   Thumb Code   146  gpdma_lpc17xx.o(i.GPDMA_Initialize)
    GPDMA_PeripheralSelect                   0x00000ce1   Thumb Code    62  gpdma_lpc17xx.o(i.GPDMA_PeripheralSelect)
    GPDMA_Uninitialize                       0x00000d25   Thumb Code   116  gpdma_lpc17xx.o(i.GPDMA_Uninitialize)
    GPIO_PinRead                             0x00000da5   Thumb Code    28  gpio_lpc17xx.o(i.GPIO_PinRead)
    GPIO_PinWrite                            0x00000dc5   Thumb Code    36  gpio_lpc17xx.o(i.GPIO_PinWrite)
    GPIO_PortClock                           0x00000ded   Thumb Code    38  gpio_lpc17xx.o(i.GPIO_PortClock)
    GPIO_SetDir                              0x00000e19   Thumb Code    52  gpio_lpc17xx.o(i.GPIO_SetDir)
    I2C0_IRQHandler                          0x00000ef5   Thumb Code    10  i2c_lpc17xx.o(i.I2C0_IRQHandler)
    I2C2_IRQHandler                          0x00000fe5   Thumb Code    10  i2c_lpc17xx.o(i.I2C2_IRQHandler)
    Init_I2C                                 0x00001a69   Thumb Code    40  basei2c.o(i.Init_I2C)
    PIN_Configure                            0x00001a95   Thumb Code   246  pin_lpc17xx.o(i.PIN_Configure)
    PIN_ConfigureI2C0Pins                    0x00001b91   Thumb Code    28  pin_lpc17xx.o(i.PIN_ConfigureI2C0Pins)
    SSP1_GPDMA_Rx_SignalEvent                0x00001bc9   Thumb Code    14  ssp_lpc17xx.o(i.SSP1_GPDMA_Rx_SignalEvent)
    SSP1_GPDMA_Tx_SignalEvent                0x00001bdd   Thumb Code    14  ssp_lpc17xx.o(i.SSP1_GPDMA_Tx_SignalEvent)
    SSP1_IRQHandler                          0x00001c11   Thumb Code    10  ssp_lpc17xx.o(i.SSP1_IRQHandler)
    SSPx_GPDMA_Rx_SignalEvent                0x000021df   Thumb Code    54  ssp_lpc17xx.o(i.SSPx_GPDMA_Rx_SignalEvent)
    SSPx_GPDMA_Tx_SignalEvent                0x00002215   Thumb Code    28  ssp_lpc17xx.o(i.SSPx_GPDMA_Tx_SignalEvent)
    SystemInit                               0x00002ac5   Thumb Code   302  system_lpc17xx.o(i.SystemInit)
    main                                     0x00002cdd   Thumb Code    44  basei2c.o(i.main)
    write1byte                               0x00003019   Thumb Code    54  basei2c.o(i.write1byte)
    GLCD_Font_6x8                            0x000048d4   Data          16  glcd_fonts.o(.constdata)
    GLCD_Font_16x24                          0x000048e4   Data          16  glcd_fonts.o(.constdata)
    Driver_I2C0                              0x00004954   Data          48  i2c_lpc17xx.o(.constdata)
    Driver_I2C2                              0x00004984   Data          48  i2c_lpc17xx.o(.constdata)
    Driver_SPI1                              0x00004a04   Data          44  ssp_lpc17xx.o(.constdata)
    Region$$Table$$Base                      0x00004a30   Number         0  anon$$obj.o(Region$$Table)
    Region$$Table$$Limit                     0x00004a50   Number         0  anon$$obj.o(Region$$Table)
    I2C0_PIN                                 0x10000011   Data           4  i2c_lpc17xx.o(.data)
    I2C2_PIN                                 0x10000015   Data           4  i2c_lpc17xx.o(.data)
    SystemCoreClock                          0x10000034   Data           4  system_lpc17xx.o(.data)
    __libspace_start                         0x10000148   Data          96  libspace.o(.bss)
    __temporary_stack_top$libspace           0x100001a8   Data           0  libspace.o(.bss)



==============================================================================

Memory Map of the image

  Image Entry point : 0x000000cd

  Load Region LR_IROM1 (Base: 0x00000000, Size: 0x00004a88, Max: 0x00080000, ABSOLUTE)

    Execution Region ER_IROM1 (Base: 0x00000000, Size: 0x00004a50, Max: 0x00080000, ABSOLUTE)

    Base Addr    Size         Type   Attr      Idx    E Section Name        Object

    0x00000000   0x000000cc   Data   RO          926    RESET               startup_lpc17xx.o
    0x000000cc   0x00000008   Code   RO          978  * !!!main             c_w.l(__main.o)
    0x000000d4   0x00000034   Code   RO         1145    !!!scatter          c_w.l(__scatter.o)
    0x00000108   0x0000001a   Code   RO         1147    !!handler_copy      c_w.l(__scatter_copy.o)
    0x00000122   0x00000002   PAD
    0x00000124   0x0000001c   Code   RO         1149    !!handler_zi        c_w.l(__scatter_zi.o)
    0x00000140   0x00000002   Code   RO         1015    .ARM.Collect$$libinit$$00000000  c_w.l(libinit.o)
    0x00000142   0x00000000   Code   RO         1028    .ARM.Collect$$libinit$$00000002  c_w.l(libinit2.o)
    0x00000142   0x00000000   Code   RO         1030    .ARM.Collect$$libinit$$00000004  c_w.l(libinit2.o)
    0x00000142   0x00000000   Code   RO         1033    .ARM.Collect$$libinit$$0000000A  c_w.l(libinit2.o)
    0x00000142   0x00000000   Code   RO         1035    .ARM.Collect$$libinit$$0000000C  c_w.l(libinit2.o)
    0x00000142   0x00000000   Code   RO         1037    .ARM.Collect$$libinit$$0000000E  c_w.l(libinit2.o)
    0x00000142   0x00000000   Code   RO         1040    .ARM.Collect$$libinit$$00000011  c_w.l(libinit2.o)
    0x00000142   0x00000000   Code   RO         1042    .ARM.Collect$$libinit$$00000013  c_w.l(libinit2.o)
    0x00000142   0x00000000   Code   RO         1044    .ARM.Collect$$libinit$$00000015  c_w.l(libinit2.o)
    0x00000142   0x00000000   Code   RO         1046    .ARM.Collect$$libinit$$00000017  c_w.l(libinit2.o)
    0x00000142   0x00000000   Code   RO         1048    .ARM.Collect$$libinit$$00000019  c_w.l(libinit2.o)
    0x00000142   0x00000000   Code   RO         1050    .ARM.Collect$$libinit$$0000001B  c_w.l(libinit2.o)
    0x00000142   0x00000000   Code   RO         1052    .ARM.Collect$$libinit$$0000001D  c_w.l(libinit2.o)
    0x00000142   0x00000000   Code   RO         1054    .ARM.Collect$$libinit$$0000001F  c_w.l(libinit2.o)
    0x00000142   0x00000000   Code   RO         1056    .ARM.Collect$$libinit$$00000021  c_w.l(libinit2.o)
    0x00000142   0x00000000   Code   RO         1058    .ARM.Collect$$libinit$$00000023  c_w.l(libinit2.o)
    0x00000142   0x00000000   Code   RO         1060    .ARM.Collect$$libinit$$00000025  c_w.l(libinit2.o)
    0x00000142   0x00000000   Code   RO         1064    .ARM.Collect$$libinit$$0000002C  c_w.l(libinit2.o)
    0x00000142   0x00000000   Code   RO         1066    .ARM.Collect$$libinit$$0000002E  c_w.l(libinit2.o)
    0x00000142   0x00000000   Code   RO         1068    .ARM.Collect$$libinit$$00000030  c_w.l(libinit2.o)
    0x00000142   0x00000000   Code   RO         1070    .ARM.Collect$$libinit$$00000032  c_w.l(libinit2.o)
    0x00000142   0x00000002   Code   RO         1071    .ARM.Collect$$libinit$$00000033  c_w.l(libinit2.o)
    0x00000144   0x00000002   Code   RO         1102    .ARM.Collect$$libshutdown$$00000000  c_w.l(libshutdown.o)
    0x00000146   0x00000000   Code   RO         1128    .ARM.Collect$$libshutdown$$00000002  c_w.l(libshutdown2.o)
    0x00000146   0x00000000   Code   RO         1130    .ARM.Collect$$libshutdown$$00000004  c_w.l(libshutdown2.o)
    0x00000146   0x00000000   Code   RO         1133    .ARM.Collect$$libshutdown$$00000007  c_w.l(libshutdown2.o)
    0x00000146   0x00000000   Code   RO         1136    .ARM.Collect$$libshutdown$$0000000A  c_w.l(libshutdown2.o)
    0x00000146   0x00000000   Code   RO         1138    .ARM.Collect$$libshutdown$$0000000C  c_w.l(libshutdown2.o)
    0x00000146   0x00000000   Code   RO         1141    .ARM.Collect$$libshutdown$$0000000F  c_w.l(libshutdown2.o)
    0x00000146   0x00000002   Code   RO         1142    .ARM.Collect$$libshutdown$$00000010  c_w.l(libshutdown2.o)
    0x00000148   0x00000000   Code   RO          980    .ARM.Collect$$rtentry$$00000000  c_w.l(__rtentry.o)
    0x00000148   0x00000000   Code   RO          986    .ARM.Collect$$rtentry$$00000002  c_w.l(__rtentry2.o)
    0x00000148   0x00000006   Code   RO          998    .ARM.Collect$$rtentry$$00000004  c_w.l(__rtentry4.o)
    0x0000014e   0x00000000   Code   RO          988    .ARM.Collect$$rtentry$$00000009  c_w.l(__rtentry2.o)
    0x0000014e   0x00000004   Code   RO          989    .ARM.Collect$$rtentry$$0000000A  c_w.l(__rtentry2.o)
    0x00000152   0x00000000   Code   RO          991    .ARM.Collect$$rtentry$$0000000C  c_w.l(__rtentry2.o)
    0x00000152   0x00000008   Code   RO          992    .ARM.Collect$$rtentry$$0000000D  c_w.l(__rtentry2.o)
    0x0000015a   0x00000002   Code   RO         1019    .ARM.Collect$$rtexit$$00000000  c_w.l(rtexit.o)
    0x0000015c   0x00000000   Code   RO         1075    .ARM.Collect$$rtexit$$00000002  c_w.l(rtexit2.o)
    0x0000015c   0x00000004   Code   RO         1076    .ARM.Collect$$rtexit$$00000003  c_w.l(rtexit2.o)
    0x00000160   0x00000006   Code   RO         1077    .ARM.Collect$$rtexit$$00000004  c_w.l(rtexit2.o)
    0x00000166   0x00000002   PAD
    0x00000168   0x0000003c   Code   RO          928    .text               startup_lpc17xx.o
    0x000001a4   0x0000004e   Code   RO          974    .text               c_w.l(rt_memclr_w.o)
    0x000001f2   0x00000006   Code   RO          976    .text               c_w.l(heapauxi.o)
    0x000001f8   0x0000004a   Code   RO         1002    .text               c_w.l(sys_stackheap_outer.o)
    0x00000242   0x00000012   Code   RO         1004    .text               c_w.l(exit.o)
    0x00000254   0x00000008   Code   RO         1016    .text               c_w.l(libspace.o)
    0x0000025c   0x0000000c   Code   RO         1072    .text               c_w.l(sys_exit.o)
    0x00000268   0x00000002   Code   RO         1091    .text               c_w.l(use_no_semi.o)
    0x0000026a   0x00000000   Code   RO         1093    .text               c_w.l(indicate_semi.o)
    0x0000026a   0x00000002   PAD
    0x0000026c   0x00000020   Code   RO          747    i.Clear_Channel_active_flag  gpdma_lpc17xx.o
    0x0000028c   0x00000030   Code   RO           92    i.GLCD_ClearScreen  glcd_mcb1700.o
    0x000002bc   0x00000010   Code   RO          105    i.GLCD_SetFont      glcd_mcb1700.o
    0x000002cc   0x00000012   Code   RO          110    i.GLCD_WindowMax    glcd_mcb1700.o
    0x000002de   0x00000002   PAD
    0x000002e0   0x00000018   Code   RO          321    i.I2C0_Control      i2c_lpc17xx.o
    0x000002f8   0x00000004   PAD
    0x000002fc   0x00000004   Code   RO          927    .ARM.__at_0x02FC    startup_lpc17xx.o
    0x00000300   0x00000180   Code   RO          748    i.DMA_IRQHandler    gpdma_lpc17xx.o
    0x00000480   0x000005b6   Code   RO          103    i.GLCD_Initialize   glcd_mcb1700.o
    0x00000a36   0x00000002   PAD
    0x00000a38   0x000000ac   Code   RO          107    i.GLCD_SetWindow    glcd_mcb1700.o
    0x00000ae4   0x000000f4   Code   RO          749    i.GPDMA_ChannelConfigure  gpdma_lpc17xx.o
    0x00000bd8   0x00000030   Code   RO          750    i.GPDMA_ChannelDisable  gpdma_lpc17xx.o
    0x00000c08   0x00000030   Code   RO          752    i.GPDMA_ChannelGetCount  gpdma_lpc17xx.o
    0x00000c38   0x000000a8   Code   RO          754    i.GPDMA_Initialize  gpdma_lpc17xx.o
    0x00000ce0   0x00000044   Code   RO          755    i.GPDMA_PeripheralSelect  gpdma_lpc17xx.o
    0x00000d24   0x00000080   Code   RO          756    i.GPDMA_Uninitialize  gpdma_lpc17xx.o
    0x00000da4   0x00000020   Code   RO          837    i.GPIO_PinRead      gpio_lpc17xx.o
    0x00000dc4   0x00000028   Code   RO          838    i.GPIO_PinWrite     gpio_lpc17xx.o
    0x00000dec   0x0000002c   Code   RO          839    i.GPIO_PortClock    gpio_lpc17xx.o
    0x00000e18   0x00000038   Code   RO          842    i.GPIO_SetDir       gpio_lpc17xx.o
    0x00000e50   0x00000040   Code   RO          320    i.GetI2CClockFreq   i2c_lpc17xx.o
    0x00000e90   0x00000044   Code   RO          569    i.GetSSPClockFreq   ssp_lpc17xx.o
    0x00000ed4   0x00000010   Code   RO          322    i.I2C0_GetDataCount  i2c_lpc17xx.o
    0x00000ee4   0x00000010   Code   RO          323    i.I2C0_GetStatus    i2c_lpc17xx.o
    0x00000ef4   0x00000010   Code   RO          324    i.I2C0_IRQHandler   i2c_lpc17xx.o
    0x00000f04   0x00000014   Code   RO          325    i.I2C0_Initialize   i2c_lpc17xx.o
    0x00000f18   0x00000020   Code   RO          326    i.I2C0_MasterReceive  i2c_lpc17xx.o
    0x00000f38   0x00000020   Code   RO          327    i.I2C0_MasterTransmit  i2c_lpc17xx.o
    0x00000f58   0x00000014   Code   RO          328    i.I2C0_PowerControl  i2c_lpc17xx.o
    0x00000f6c   0x00000018   Code   RO          329    i.I2C0_SlaveReceive  i2c_lpc17xx.o
    0x00000f84   0x00000018   Code   RO          330    i.I2C0_SlaveTransmit  i2c_lpc17xx.o
    0x00000f9c   0x00000010   Code   RO          331    i.I2C0_Uninitialize  i2c_lpc17xx.o
    0x00000fac   0x00000018   Code   RO          332    i.I2C2_Control      i2c_lpc17xx.o
    0x00000fc4   0x00000010   Code   RO          333    i.I2C2_GetDataCount  i2c_lpc17xx.o
    0x00000fd4   0x00000010   Code   RO          334    i.I2C2_GetStatus    i2c_lpc17xx.o
    0x00000fe4   0x00000010   Code   RO          335    i.I2C2_IRQHandler   i2c_lpc17xx.o
    0x00000ff4   0x00000014   Code   RO          336    i.I2C2_Initialize   i2c_lpc17xx.o
    0x00001008   0x00000020   Code   RO          337    i.I2C2_MasterReceive  i2c_lpc17xx.o
    0x00001028   0x00000020   Code   RO          338    i.I2C2_MasterTransmit  i2c_lpc17xx.o
    0x00001048   0x00000014   Code   RO          339    i.I2C2_PowerControl  i2c_lpc17xx.o
    0x0000105c   0x00000018   Code   RO          340    i.I2C2_SlaveReceive  i2c_lpc17xx.o
    0x00001074   0x00000018   Code   RO          341    i.I2C2_SlaveTransmit  i2c_lpc17xx.o
    0x0000108c   0x00000010   Code   RO          342    i.I2C2_Uninitialize  i2c_lpc17xx.o
    0x0000109c   0x0000000c   Code   RO          343    i.I2C_GetCapabilities  i2c_lpc17xx.o
    0x000010a8   0x00000010   Code   RO          344    i.I2C_GetVersion    i2c_lpc17xx.o
    0x000010b8   0x0000018c   Code   RO          345    i.I2Cx_Control      i2c_lpc17xx.o
    0x00001244   0x00000008   Code   RO          346    i.I2Cx_GetDataCount  i2c_lpc17xx.o
    0x0000124c   0x00000008   Code   RO          347    i.I2Cx_GetStatus    i2c_lpc17xx.o
    0x00001254   0x00000030   Code   RO          348    i.I2Cx_IRQHandler   i2c_lpc17xx.o
    0x00001284   0x0000004e   Code   RO          349    i.I2Cx_Initialize   i2c_lpc17xx.o
    0x000012d2   0x000001ce   Code   RO          350    i.I2Cx_MasterHandler  i2c_lpc17xx.o
    0x000014a0   0x000000ce   Code   RO          351    i.I2Cx_MasterReceive  i2c_lpc17xx.o
    0x0000156e   0x000000cc   Code   RO          352    i.I2Cx_MasterTransmit  i2c_lpc17xx.o
    0x0000163a   0x00000140   Code   RO          353    i.I2Cx_PowerControl  i2c_lpc17xx.o
    0x0000177a   0x000001d4   Code   RO          354    i.I2Cx_SlaveHandler  i2c_lpc17xx.o
    0x0000194e   0x00000074   Code   RO          355    i.I2Cx_SlaveReceive  i2c_lpc17xx.o
    0x000019c2   0x00000074   Code   RO          356    i.I2Cx_SlaveTransmit  i2c_lpc17xx.o
    0x00001a36   0x00000030   Code   RO          357    i.I2Cx_Uninitialize  i2c_lpc17xx.o
    0x00001a66   0x00000002   PAD
    0x00001a68   0x0000002c   Code   RO            1    i.Init_I2C          basei2c.o
    0x00001a94   0x000000fc   Code   RO          891    i.PIN_Configure     pin_lpc17xx.o
    0x00001b90   0x00000020   Code   RO          892    i.PIN_ConfigureI2C0Pins  pin_lpc17xx.o
    0x00001bb0   0x00000018   Code   RO          570    i.SSP1_Control      ssp_lpc17xx.o
    0x00001bc8   0x00000014   Code   RO          571    i.SSP1_GPDMA_Rx_SignalEvent  ssp_lpc17xx.o
    0x00001bdc   0x00000014   Code   RO          572    i.SSP1_GPDMA_Tx_SignalEvent  ssp_lpc17xx.o
    0x00001bf0   0x00000010   Code   RO          573    i.SSP1_GetDataCount  ssp_lpc17xx.o
    0x00001c00   0x00000010   Code   RO          574    i.SSP1_GetStatus    ssp_lpc17xx.o
    0x00001c10   0x00000010   Code   RO          575    i.SSP1_IRQHandler   ssp_lpc17xx.o
    0x00001c20   0x00000014   Code   RO          576    i.SSP1_Initialize   ssp_lpc17xx.o
    0x00001c34   0x00000014   Code   RO          577    i.SSP1_PowerControl  ssp_lpc17xx.o
    0x00001c48   0x00000018   Code   RO          578    i.SSP1_Receive      ssp_lpc17xx.o
    0x00001c60   0x00000018   Code   RO          579    i.SSP1_Send         ssp_lpc17xx.o
    0x00001c78   0x0000001c   Code   RO          580    i.SSP1_Transfer     ssp_lpc17xx.o
    0x00001c94   0x00000010   Code   RO          581    i.SSP1_Uninitialize  ssp_lpc17xx.o
    0x00001ca4   0x0000000c   Code   RO          582    i.SSP_GetCapabilities  ssp_lpc17xx.o
    0x00001cb0   0x00000010   Code   RO          583    i.SSP_GetVersion    ssp_lpc17xx.o
    0x00001cc0   0x0000051e   Code   RO          584    i.SSPx_Control      ssp_lpc17xx.o
    0x000021de   0x00000036   Code   RO          585    i.SSPx_GPDMA_Rx_SignalEvent  ssp_lpc17xx.o
    0x00002214   0x0000001c   Code   RO          586    i.SSPx_GPDMA_Tx_SignalEvent  ssp_lpc17xx.o
    0x00002230   0x0000002c   Code   RO          587    i.SSPx_GetDataCount  ssp_lpc17xx.o
    0x0000225c   0x0000005a   Code   RO          588    i.SSPx_GetStatus    ssp_lpc17xx.o
    0x000022b6   0x00000104   Code   RO          589    i.SSPx_IRQHandler   ssp_lpc17xx.o
    0x000023ba   0x000000a8   Code   RO          590    i.SSPx_Initialize   ssp_lpc17xx.o
    0x00002462   0x00000002   PAD
    0x00002464   0x000001b4   Code   RO          591    i.SSPx_PowerControl  ssp_lpc17xx.o
    0x00002618   0x0000015c   Code   RO          592    i.SSPx_Receive      ssp_lpc17xx.o
    0x00002774   0x00000154   Code   RO          593    i.SSPx_Send         ssp_lpc17xx.o
    0x000028c8   0x00000152   Code   RO          594    i.SSPx_Transfer     ssp_lpc17xx.o
    0x00002a1a   0x00000070   Code   RO          595    i.SSPx_Uninitialize  ssp_lpc17xx.o
    0x00002a8a   0x00000002   PAD
    0x00002a8c   0x00000038   Code   RO          757    i.Set_Channel_active_flag  gpdma_lpc17xx.o
    0x00002ac4   0x00000140   Code   RO          938    i.SystemInit        system_lpc17xx.o
    0x00002c04   0x0000001c   Code   RO          358    i.__NVIC_ClearPendingIRQ  i2c_lpc17xx.o
    0x00002c20   0x0000001c   Code   RO          596    i.__NVIC_ClearPendingIRQ  ssp_lpc17xx.o
    0x00002c3c   0x0000001c   Code   RO          758    i.__NVIC_ClearPendingIRQ  gpdma_lpc17xx.o
    0x00002c58   0x0000003c   Code   RO          359    i.__NVIC_DisableIRQ  i2c_lpc17xx.o
    0x00002c94   0x0000001a   Code   RO          360    i.__NVIC_EnableIRQ  i2c_lpc17xx.o
    0x00002cae   0x00000002   PAD
    0x00002cb0   0x0000002c   Code   RO          111    i.delay_ms          glcd_mcb1700.o
    0x00002cdc   0x00000030   Code   RO            3    i.main              basei2c.o
    0x00002d0c   0x00000044   Code   RO          112    i.rd_dat            glcd_mcb1700.o
    0x00002d50   0x000000c8   Code   RO          113    i.rd_id_man         glcd_mcb1700.o
    0x00002e18   0x00000010   Code   RO          114    i.rd_reg            glcd_mcb1700.o
    0x00002e28   0x0000002c   Code   RO          115    i.spi_tran          glcd_mcb1700.o
    0x00002e54   0x00000088   Code   RO          116    i.spi_tran_man      glcd_mcb1700.o
    0x00002edc   0x0000004c   Code   RO          117    i.wr_cmd            glcd_mcb1700.o
    0x00002f28   0x00000034   Code   RO          119    i.wr_dat_only       glcd_mcb1700.o
    0x00002f5c   0x00000018   Code   RO          120    i.wr_dat_start      glcd_mcb1700.o
    0x00002f74   0x00000014   Code   RO          121    i.wr_dat_stop       glcd_mcb1700.o
    0x00002f88   0x00000090   Code   RO          122    i.wr_reg            glcd_mcb1700.o
    0x00003018   0x0000003c   Code   RO            6    i.write1byte        basei2c.o
    0x00003054   0x000018a0   Data   RO           80    .constdata          glcd_fonts.o
    0x000048f4   0x000000c0   Data   RO          362    .constdata          i2c_lpc17xx.o
    0x000049b4   0x0000007c   Data   RO          598    .constdata          ssp_lpc17xx.o
    0x00004a30   0x00000020   Data   RO         1143    Region$$Table       anon$$obj.o


    Execution Region RW_IRAM1 (Base: 0x10000000, Size: 0x000003a8, Max: 0x00008000, ABSOLUTE)

    Base Addr    Size         Type   Attr      Idx    E Section Name        Object

    0x10000000   0x00000011   Data   RW          123    .data               glcd_mcb1700.o
    0x10000011   0x00000008   Data   RW          363    .data               i2c_lpc17xx.o
    0x10000019   0x00000003   PAD
    0x1000001c   0x00000010   Data   RW          599    .data               ssp_lpc17xx.o
    0x1000002c   0x00000008   Data   RW          760    .data               gpdma_lpc17xx.o
    0x10000034   0x00000004   Data   RW          939    .data               system_lpc17xx.o
    0x10000038   0x00000048   Zero   RW          361    .bss                i2c_lpc17xx.o
    0x10000080   0x00000028   Zero   RW          597    .bss                ssp_lpc17xx.o
    0x100000a8   0x000000a0   Zero   RW          759    .bss                gpdma_lpc17xx.o
    0x10000148   0x00000060   Zero   RW         1017    .bss                c_w.l(libspace.o)
    0x100001a8   0x00000000   Zero   RW          925    HEAP                startup_lpc17xx.o
    0x100001a8   0x00000200   Zero   RW          924    STACK               startup_lpc17xx.o


==============================================================================

Image component sizes


      Code (inc. data)   RO Data    RW Data    ZI Data      Debug   Object Name

       152         14          0          0          0       9247   basei2c.o
         0          0       6304          0          0        736   glcd_fonts.o
      2540         78          0         17          0      32560   glcd_mcb1700.o
      1204         94          0          8        160       8062   gpdma_lpc17xx.o
       172         18          0          0          0       2294   gpio_lpc17xx.o
      3164        192        192          8         72      54363   i2c_lpc17xx.o
       284         10          0          0          0       1464   pin_lpc17xx.o
      3896        106        124         16         40      53243   ssp_lpc17xx.o
        64         26        204          0        512        964   startup_lpc17xx.o
       320         18          0          4          0        771   system_lpc17xx.o

    ----------------------------------------------------------------------
     11812        560       6856         56        784     163704   Object Totals
         0          0         32          0          0          0   (incl. Generated)
        16          4          0          3          0          0   (incl. Padding)

    ----------------------------------------------------------------------

      Code (inc. data)   RO Data    RW Data    ZI Data      Debug   Library Member Name

         8          0          0          0          0         68   __main.o
         0          0          0          0          0          0   __rtentry.o
        12          0          0          0          0          0   __rtentry2.o
         6          0          0          0          0          0   __rtentry4.o
        52          8          0          0          0          0   __scatter.o
        26          0          0          0          0          0   __scatter_copy.o
        28          0          0          0          0          0   __scatter_zi.o
        18          0          0          0          0         80   exit.o
         6          0          0          0          0        152   heapauxi.o
         0          0          0          0          0          0   indicate_semi.o
         2          0          0          0          0          0   libinit.o
         2          0          0          0          0          0   libinit2.o
         2          0          0          0          0          0   libshutdown.o
         2          0          0          0          0          0   libshutdown2.o
         8          4          0          0         96         68   libspace.o
        78          0          0          0          0         80   rt_memclr_w.o
         2          0          0          0          0          0   rtexit.o
        10          0          0          0          0          0   rtexit2.o
        12          4          0          0          0         68   sys_exit.o
        74          0          0          0          0         80   sys_stackheap_outer.o
         2          0          0          0          0         68   use_no_semi.o

    ----------------------------------------------------------------------
       356         16          0          0         96        664   Library Totals
         6          0          0          0          0          0   (incl. Padding)

    ----------------------------------------------------------------------

      Code (inc. data)   RO Data    RW Data    ZI Data      Debug   Library Name

       350         16          0          0         96        664   c_w.l

    ----------------------------------------------------------------------
       356         16          0          0         96        664   Library Totals

    ----------------------------------------------------------------------

==============================================================================


      Code (inc. data)   RO Data    RW Data    ZI Data      Debug   

     12168        576       6856         56        880     158852   Grand Totals
     12168        576       6856         56        880     158852   ELF Image Totals
     12168        576       6856         56          0          0   ROM Totals

==============================================================================

    Total RO  Size (Code + RO Data)                19024 (  18.58kB)
    Total RW  Size (RW Data + ZI Data)               936 (   0.91kB)
    Total ROM Size (Code + RO Data + RW Data)      19080 (  18.63kB)

==============================================================================

