Component: ARM Compiler 5.06 update 1 (build 61) Tool: armlink [4d35a8]

==============================================================================

Section Cross References

    main.o(i.avance_roue_selon_rapport) refers to dmul.o(x$fpl$dmul) for __aeabi_dmul
    main.o(i.avance_roue_selon_rapport) refers to daddsub_clz.o(x$fpl$dsub) for __aeabi_dsub
    main.o(i.avance_roue_selon_rapport) refers to dfixu.o(x$fpl$dfixu) for __aeabi_d2uiz
    main.o(i.main) refers to rt_cmsis.o(i.osKernelInitialize) for osKernelInitialize
    main.o(i.main) refers to libraries.o(i.Init_UART) for Init_UART
    main.o(i.main) refers to glcd_mcb1700.o(i.GLCD_Initialize) for GLCD_Initialize
    main.o(i.main) refers to glcd_mcb1700.o(i.GLCD_ClearScreen) for GLCD_ClearScreen
    main.o(i.main) refers to glcd_mcb1700.o(i.GLCD_SetFont) for GLCD_SetFont
    main.o(i.main) refers to rt_cmsis.o(i.osThreadCreate) for osThreadCreate
    main.o(i.main) refers to rt_cmsis.o(i.osMutexCreate) for osMutexCreate
    main.o(i.main) refers to rt_cmsis.o(i.osKernelStart) for osKernelStart
    main.o(i.main) refers to rt_cmsis.o(i.osDelay) for osDelay
    main.o(i.main) refers to glcd_fonts.o(.constdata) for GLCD_Font_16x24
    main.o(i.main) refers to main.o(.constdata) for os_thread_def_recept_BT
    main.o(i.main) refers to main.o(.data) for ID_recept_BT
    main.o(i.moteur_puissance) refers to _printf_percent.o(.ARM.Collect$$_printf_percent$$00000000) for _printf_percent
    main.o(i.moteur_puissance) refers to _printf_x.o(.ARM.Collect$$_printf_percent$$0000000C) for _printf_x
    main.o(i.moteur_puissance) refers to _printf_hex_int.o(.text) for _printf_longlong_hex
    main.o(i.moteur_puissance) refers to rt_cmsis.o(i.osMutexWait) for osMutexWait
    main.o(i.moteur_puissance) refers to noretval__2sprintf.o(.text) for __2sprintf
    main.o(i.moteur_puissance) refers to rt_cmsis.o(i.osMutexRelease) for osMutexRelease
    main.o(i.moteur_puissance) refers to glcd_mcb1700.o(i.GLCD_DrawString) for GLCD_DrawString
    main.o(i.moteur_puissance) refers to main.o(i.recule_roue_selon_rapport) for recule_roue_selon_rapport
    main.o(i.moteur_puissance) refers to main.o(i.avance_roue_selon_rapport) for avance_roue_selon_rapport
    main.o(i.moteur_puissance) refers to main.o(.data) for direction
    main.o(i.recept_BT) refers to _printf_percent.o(.ARM.Collect$$_printf_percent$$00000000) for _printf_percent
    main.o(i.recept_BT) refers to _printf_c.o(.ARM.Collect$$_printf_percent$$00000013) for _printf_c
    main.o(i.recept_BT) refers to _printf_str.o(.text) for _printf_str
    main.o(i.recept_BT) refers to noretval__2sprintf.o(.text) for __2sprintf
    main.o(i.recept_BT) refers to rt_cmsis.o(i.osMutexWait) for osMutexWait
    main.o(i.recept_BT) refers to glcd_mcb1700.o(i.GLCD_DrawString) for GLCD_DrawString
    main.o(i.recept_BT) refers to rt_cmsis.o(i.osMutexRelease) for osMutexRelease
    main.o(i.recept_BT) refers to uart_lpc17xx.o(.constdata) for Driver_USART1
    main.o(i.recept_BT) refers to main.o(.data) for ID_mut_lcd
    main.o(i.recule_roue_selon_rapport) refers to dmul.o(x$fpl$dmul) for __aeabi_dmul
    main.o(i.recule_roue_selon_rapport) refers to daddsub_clz.o(x$fpl$dsub) for __aeabi_dsub
    main.o(i.recule_roue_selon_rapport) refers to dfixu.o(x$fpl$dfixu) for __aeabi_d2uiz
    main.o(.constdata) refers to main.o(i.recept_BT) for recept_BT
    main.o(.constdata) refers to main.o(i.moteur_puissance) for moteur_puissance
    main.o(.constdata) refers to main.o(.bss) for os_mutex_cb_mut_lcd
    libraries.o(i.Init_UART) refers to uart_lpc17xx.o(.constdata) for Driver_USART1
    glcd_mcb1700.o(i.GLCD_ClearScreen) refers to glcd_mcb1700.o(i.GLCD_WindowMax) for GLCD_WindowMax
    glcd_mcb1700.o(i.GLCD_ClearScreen) refers to glcd_mcb1700.o(i.wr_cmd) for wr_cmd
    glcd_mcb1700.o(i.GLCD_ClearScreen) refers to glcd_mcb1700.o(i.wr_dat_start) for wr_dat_start
    glcd_mcb1700.o(i.GLCD_ClearScreen) refers to glcd_mcb1700.o(i.wr_dat_only) for wr_dat_only
    glcd_mcb1700.o(i.GLCD_ClearScreen) refers to glcd_mcb1700.o(i.wr_dat_stop) for wr_dat_stop
    glcd_mcb1700.o(i.GLCD_ClearScreen) refers to glcd_mcb1700.o(.data) for background_color
    glcd_mcb1700.o(i.GLCD_DrawBargraph) refers to glcd_mcb1700.o(i.GLCD_SetWindow) for GLCD_SetWindow
    glcd_mcb1700.o(i.GLCD_DrawBargraph) refers to glcd_mcb1700.o(i.wr_cmd) for wr_cmd
    glcd_mcb1700.o(i.GLCD_DrawBargraph) refers to glcd_mcb1700.o(i.wr_dat_start) for wr_dat_start
    glcd_mcb1700.o(i.GLCD_DrawBargraph) refers to glcd_mcb1700.o(i.wr_dat_only) for wr_dat_only
    glcd_mcb1700.o(i.GLCD_DrawBargraph) refers to glcd_mcb1700.o(i.wr_dat_stop) for wr_dat_stop
    glcd_mcb1700.o(i.GLCD_DrawBargraph) refers to glcd_mcb1700.o(.data) for background_color
    glcd_mcb1700.o(i.GLCD_DrawBitmap) refers to glcd_mcb1700.o(i.GLCD_SetWindow) for GLCD_SetWindow
    glcd_mcb1700.o(i.GLCD_DrawBitmap) refers to glcd_mcb1700.o(i.wr_cmd) for wr_cmd
[...]
    rt_ms2tick                               0x000062fd   Thumb Code    58  rt_cmsis.o(i.rt_ms2tick)
    i.rt_mut_init                            0x00006340   Section        0  rt_mutex.o(i.rt_mut_init)
    i.rt_mut_release                         0x00006350   Section        0  rt_mutex.o(i.rt_mut_release)
    i.rt_mut_wait                            0x00006428   Section        0  rt_mutex.o(i.rt_mut_wait)
    i.rt_pop_req                             0x000064a0   Section        0  rt_system.o(i.rt_pop_req)
    i.rt_psh_req                             0x0000651c   Section        0  rt_system.o(i.rt_psh_req)
    i.rt_psq_enq                             0x0000653c   Section        0  rt_list.o(i.rt_psq_enq)
    i.rt_put_dly                             0x00006598   Section        0  rt_list.o(i.rt_put_dly)
    i.rt_put_prio                            0x000065e0   Section        0  rt_list.o(i.rt_put_prio)
    i.rt_put_rdy_first                       0x00006618   Section        0  rt_list.o(i.rt_put_rdy_first)
    i.rt_resort_prio                         0x0000662c   Section        0  rt_list.o(i.rt_resort_prio)
    i.rt_ret_val                             0x00006660   Section        0  hal_cm.o(i.rt_ret_val)
    i.rt_ret_val2                            0x00006666   Section        0  hal_cm.o(i.rt_ret_val2)
    i.rt_rmv_dly                             0x0000666e   Section        0  rt_list.o(i.rt_rmv_dly)
    i.rt_rmv_list                            0x00006698   Section        0  rt_list.o(i.rt_rmv_list)
    i.rt_sem_psh                             0x000066c8   Section        0  rt_semaphore.o(i.rt_sem_psh)
    i.rt_stk_check                           0x000066fc   Section        0  rt_system.o(i.rt_stk_check)
    i.rt_switch_req                          0x00006720   Section        0  rt_task.o(i.rt_switch_req)
    i.rt_sys_init                            0x00006748   Section        0  rt_task.o(i.rt_sys_init)
    i.rt_sys_start                           0x00006814   Section        0  rt_task.o(i.rt_sys_start)
    i.rt_systick                             0x0000688c   Section        0  rt_system.o(i.rt_systick)
    i.rt_tid2ptcb                            0x000068cc   Section        0  rt_cmsis.o(i.rt_tid2ptcb)
    rt_tid2ptcb                              0x000068cd   Thumb Code    18  rt_cmsis.o(i.rt_tid2ptcb)
    i.rt_timer_insert                        0x000068e0   Section        0  rt_cmsis.o(i.rt_timer_insert)
    rt_timer_insert                          0x000068e1   Thumb Code    48  rt_cmsis.o(i.rt_timer_insert)
    i.rt_tsk_create                          0x00006914   Section        0  rt_task.o(i.rt_tsk_create)
    i.rt_tsk_delete                          0x0000699c   Section        0  rt_task.o(i.rt_tsk_delete)
    i.rt_tsk_prio                            0x00006b18   Section        0  rt_task.o(i.rt_tsk_prio)
    i.rt_tsk_self                            0x00006b94   Section        0  rt_task.o(i.rt_tsk_self)
    i.spi_tran                               0x00006ba4   Section        0  glcd_mcb1700.o(i.spi_tran)
    spi_tran                                 0x00006ba5   Thumb Code    40  glcd_mcb1700.o(i.spi_tran)
    i.spi_tran_man                           0x00006bd0   Section        0  glcd_mcb1700.o(i.spi_tran_man)
    spi_tran_man                             0x00006bd1   Thumb Code   132  glcd_mcb1700.o(i.spi_tran_man)
    i.svcDelay                               0x00006c58   Section        0  rt_cmsis.o(i.svcDelay)
    i.svcKernelInitialize                    0x00006c6c   Section        0  rt_cmsis.o(i.svcKernelInitialize)
    i.svcKernelStart                         0x00006cdc   Section        0  rt_cmsis.o(i.svcKernelStart)
    i.svcMessageCreate                       0x00006d24   Section        0  rt_cmsis.o(i.svcMessageCreate)
    i.svcMessageGet                          0x00006d48   Section        0  rt_cmsis.o(i.svcMessageGet)
    i.svcMutexCreate                         0x00006d82   Section        0  rt_cmsis.o(i.svcMutexCreate)
    i.svcMutexRelease                        0x00006d9e   Section        0  rt_cmsis.o(i.svcMutexRelease)
    i.svcMutexWait                           0x00006dc0   Section        0  rt_cmsis.o(i.svcMutexWait)
    i.svcThreadCreate                        0x00006dfc   Section        0  rt_cmsis.o(i.svcThreadCreate)
    i.svcThreadGetId                         0x00006e68   Section        0  rt_cmsis.o(i.svcThreadGetId)
    i.svcThreadTerminate                     0x00006e84   Section        0  rt_cmsis.o(i.svcThreadTerminate)
    i.svcTimerCall                           0x00006ebc   Section        0  rt_cmsis.o(i.svcTimerCall)
    i.sysTimerTick                           0x00006ed4   Section        0  rt_cmsis.o(i.sysTimerTick)
    i.wr_cmd                                 0x00006f30   Section        0  glcd_mcb1700.o(i.wr_cmd)
    wr_cmd                                   0x00006f31   Thumb Code    70  glcd_mcb1700.o(i.wr_cmd)
    i.wr_dat_only                            0x00006f7c   Section        0  glcd_mcb1700.o(i.wr_dat_only)
    wr_dat_only                              0x00006f7d   Thumb Code    46  glcd_mcb1700.o(i.wr_dat_only)
    i.wr_dat_start                           0x00006fb0   Section        0  glcd_mcb1700.o(i.wr_dat_start)
    wr_dat_start                             0x00006fb1   Thumb Code    20  glcd_mcb1700.o(i.wr_dat_start)
    i.wr_dat_stop                            0x00006fc8   Section        0  glcd_mcb1700.o(i.wr_dat_stop)
    wr_dat_stop                              0x00006fc9   Thumb Code    14  glcd_mcb1700.o(i.wr_dat_stop)
    i.wr_reg                                 0x00006fdc   Section        0  glcd_mcb1700.o(i.wr_reg)
    wr_reg                                   0x00006fdd   Thumb Code   140  glcd_mcb1700.o(i.wr_reg)
    x$fpl$dadd                               0x0000706c   Section      336  daddsub_clz.o(x$fpl$dadd)
    _dadd1                                   0x0000707d   Thumb Code     0  daddsub_clz.o(x$fpl$dadd)
    x$fpl$dfixu                              0x000071bc   Section       90  dfixu.o(x$fpl$dfixu)
    x$fpl$dmul                               0x00007218   Section      340  dmul.o(x$fpl$dmul)
    x$fpl$dnaninf                            0x0000736c   Section      156  dnaninf.o(x$fpl$dnaninf)
    x$fpl$dretinf                            0x00007408   Section       12  dretinf.o(x$fpl$dretinf)
    x$fpl$dsub                               0x00007414   Section      468  daddsub_clz.o(x$fpl$dsub)
    _dsub1                                   0x00007425   Thumb Code     0  daddsub_clz.o(x$fpl$dsub)
    .constdata                               0x000075e8   Section       40  main.o(.constdata)
    x$fpl$usenofp                            0x000075e8   Section        0  usenofp.o(x$fpl$usenofp)
    .constdata                               0x00007610   Section     6304  glcd_fonts.o(.constdata)
    Font_6x8_h                               0x00007610   Data         896  glcd_fonts.o(.constdata)
    Font_16x24_h                             0x00007990   Data        5376  glcd_fonts.o(.constdata)
    .constdata                               0x00008eb0   Section      104  rtx_conf_cm.o(.constdata)
    __tagsym$$used                           0x00008ecc   Number         0  rtx_conf_cm.o(.constdata)
    __tagsym$$used                           0x00008ed0   Number         0  rtx_conf_cm.o(.constdata)
    __tagsym$$used                           0x00008ed4   Number         0  rtx_conf_cm.o(.constdata)
    __tagsym$$used                           0x00008ed8   Number         0  rtx_conf_cm.o(.constdata)
    .constdata                               0x00008f18   Section       84  can_lpc17xx.o(.constdata)
    can_driver_version                       0x00008f18   Data           4  can_lpc17xx.o(.constdata)
    can_driver_capabilities                  0x00008f1c   Data           4  can_lpc17xx.o(.constdata)
    can_object_capabilities_rx               0x00008f20   Data           4  can_lpc17xx.o(.constdata)
    can_object_capabilities_tx               0x00008f24   Data           4  can_lpc17xx.o(.constdata)
    ptr_CANx                                 0x00008f28   Data           8  can_lpc17xx.o(.constdata)
    .constdata                               0x00008f6c   Section      124  ssp_lpc17xx.o(.constdata)
    DriverVersion                            0x00008f6c   Data           4  ssp_lpc17xx.o(.constdata)
    DriverCapabilities                       0x00008f70   Data           4  ssp_lpc17xx.o(.constdata)
    SSP1_Resources                           0x00008f74   Data          72  ssp_lpc17xx.o(.constdata)
    .constdata                               0x00008fe8   Section      464  uart_lpc17xx.o(.constdata)
    usart_driver_version                     0x00008fe8   Data           4  uart_lpc17xx.o(.constdata)
    fract_div_lookup_table                   0x00008fec   Data         288  uart_lpc17xx.o(.constdata)
    USART1_DMA_Tx                            0x0000910c   Data           8  uart_lpc17xx.o(.constdata)
    USART1_DMA_Rx                            0x00009114   Data           8  uart_lpc17xx.o(.constdata)
    USART1_Resources                         0x0000911c   Data         100  uart_lpc17xx.o(.constdata)
    .constdata                               0x000091b8   Section       40  _printf_hex_int.o(.constdata)
    uc_hextab                                0x000091b8   Data          20  _printf_hex_int.o(.constdata)
    lc_hextab                                0x000091cc   Data          20  _printf_hex_int.o(.constdata)
    .data                                    0x10000000   Section       18  main.o(.data)
    .data                                    0x10000014   Section       17  glcd_mcb1700.o(.data)
    spi1_pins                                0x10000014   Data           8  glcd_mcb1700.o(.data)
    foreground_color                         0x1000001c   Data           2  glcd_mcb1700.o(.data)
    background_color                         0x1000001e   Data           2  glcd_mcb1700.o(.data)
    active_font                              0x10000020   Data           4  glcd_mcb1700.o(.data)
    Himax                                    0x10000024   Data           1  glcd_mcb1700.o(.data)
    .data                                    0x10000028   Section       20  rtx_conf_cm.o(.data)
    nr_mutex                                 0x10000038   Data           4  rtx_conf_cm.o(.data)
    .data                                    0x1000003c   Section       20  can_lpc17xx.o(.data)
    can_driver_powered                       0x1000003c   Data           1  can_lpc17xx.o(.data)
    can_driver_initialized                   0x1000003d   Data           1  can_lpc17xx.o(.data)
    can_obj_tx_alloc                         0x1000003e   Data           3  can_lpc17xx.o(.data)
    can_obj_tx_alloc_lock                    0x10000041   Data           1  can_lpc17xx.o(.data)
    can_no_retransmission                    0x10000042   Data           1  can_lpc17xx.o(.data)
    can_loopback                             0x10000043   Data           1  can_lpc17xx.o(.data)
    can_obj_cfg_msk                          0x10000044   Data           1  can_lpc17xx.o(.data)
    can_unit_state                           0x10000045   Data           1  can_lpc17xx.o(.data)
    can_last_error_code                      0x10000046   Data           1  can_lpc17xx.o(.data)
    CAN_SignalUnitEvent                      0x10000048   Data           4  can_lpc17xx.o(.data)
    CAN_SignalObjectEvent                    0x1000004c   Data           4  can_lpc17xx.o(.data)
    .data                                    0x10000050   Section       16  ssp_lpc17xx.o(.data)
    SSP1_pin_sck                             0x10000050   Data           2  ssp_lpc17xx.o(.data)
    SSP1_pin_miso                            0x10000052   Data           2  ssp_lpc17xx.o(.data)
    SSP1_pin_mosi                            0x10000054   Data           2  ssp_lpc17xx.o(.data)
    SSP1_pin_ssel                            0x10000056   Data           2  ssp_lpc17xx.o(.data)
    dummy_data                               0x10000058   Data           4  ssp_lpc17xx.o(.data)
    dummy_data                               0x1000005c   Data           4  ssp_lpc17xx.o(.data)
    .data                                    0x10000060   Section        4  uart_lpc17xx.o(.data)
    USART1_pin_tx                            0x10000060   Data           2  uart_lpc17xx.o(.data)
    USART1_pin_rx                            0x10000062   Data           2  uart_lpc17xx.o(.data)
    .data                                    0x10000064   Section        8  gpdma_lpc17xx.o(.data)
    Channel_active                           0x10000064   Data           4  gpdma_lpc17xx.o(.data)
    Init_cnt                                 0x10000068   Data           4  gpdma_lpc17xx.o(.data)
    .data                                    0x1000006c   Section        4  system_lpc17xx.o(.data)
    .data                                    0x10000070   Section        8  rt_cmsis.o(.data)
    .data                                    0x10000078   Section        8  rt_task.o(.data)
    .data                                    0x10000080   Section        8  rt_system.o(.data)
    os_lock                                  0x10000080   Data           1  rt_system.o(.data)
    os_psh_flag                              0x10000081   Data           1  rt_system.o(.data)
    pend_flags                               0x10000082   Data           1  rt_system.o(.data)
    .data                                    0x10000088   Section        4  rt_time.o(.data)
    .data                                    0x1000008c   Section        8  rt_robin.o(.data)
    .data                                    0x10000094   Section        1  hal_cm.o(.data)
    .bss                                     0x10000098   Section       32  main.o(.bss)
    .bss                                     0x100000b8   Section    12928  rtx_conf_cm.o(.bss)
    std_libspace                             0x10002dd8   Data        1248  rtx_conf_cm.o(.bss)
    std_libmutex                             0x100032b8   Data         128  rtx_conf_cm.o(.bss)
    .bss                                     0x10003338   Section       40  ssp_lpc17xx.o(.bss)
    SSP1_Info                                0x10003338   Data          12  ssp_lpc17xx.o(.bss)
    SSP1_Xfer                                0x10003344   Data          28  ssp_lpc17xx.o(.bss)
    .bss                                     0x10003360   Section       52  uart_lpc17xx.o(.bss)
    USART1_Info                              0x10003360   Data          52  uart_lpc17xx.o(.bss)
    .bss                                     0x10003394   Section      160  gpdma_lpc17xx.o(.bss)
    Channel_info                             0x10003394   Data         160  gpdma_lpc17xx.o(.bss)
    .bss                                     0x10003434   Section       52  rt_task.o(.bss)
    .bss                                     0x10003468   Section       48  rt_list.o(.bss)
    .bss                                     0x10003498   Section       96  libspace.o(.bss)
    HEAP                                     0x100034f8   Section        0  startup_lpc17xx.o(HEAP)
    STACK                                    0x100034f8   Section      512  startup_lpc17xx.o(STACK)
    Heap_Mem                                 0x100034f8   Data           0  startup_lpc17xx.o(HEAP)
    Stack_Mem                                0x100034f8   Data         512  startup_lpc17xx.o(STACK)
    __initial_sp                             0x100036f8   Data           0  startup_lpc17xx.o(STACK)

    Global Symbols

    Symbol Name                              Value     Ov Type        Size  Object(Section)

    BuildAttributes$$THM_ISAv4$P$D$K$B$S$PE$A:L22UL41UL21$X:L11$S22US41US21$IEEE1$IW$USESV6$~STKCKD$USESV7$~SHL$OSPACE$ROPI$EBA8$UX$STANDARDLIB$REQ8$PRES8$EABIv2 0x00000000   Number         0  anon$$obj.o ABSOLUTE
    __ARM_use_no_argv                        0x00000000   Number         0  main.o ABSOLUTE
    __Vectors                                0x00000000   Data           4  startup_lpc17xx.o(RESET)
    __ARM_exceptions_init                     - Undefined Weak Reference
    __alloca_initialize                       - Undefined Weak Reference
    __arm_preinit_                            - Undefined Weak Reference
    __cpp_initialize__aeabi_                  - Undefined Weak Reference
    __cxa_finalize                            - Undefined Weak Reference
    __rt_locale                               - Undefined Weak Reference
    __sigvec_lookup                           - Undefined Weak Reference
    _atexit_init                              - Undefined Weak Reference
    _call_atexit_fns                          - Undefined Weak Reference
    _clock_init                               - Undefined Weak Reference
    _fp_trap_init                             - Undefined Weak Reference
    _fp_trap_shutdown                         - Undefined Weak Reference
    _get_lc_collate                           - Undefined Weak Reference
    _get_lc_ctype                             - Undefined Weak Reference
    _get_lc_monetary                          - Undefined Weak Reference
    _get_lc_numeric                           - Undefined Weak Reference
    _get_lc_time                              - Undefined Weak Reference
    _getenv_init                              - Undefined Weak Reference
    _handle_redirection                       - Undefined Weak Reference
    _init_alloc                               - Undefined Weak Reference
    _init_user_alloc                          - Undefined Weak Reference
    _initio                                   - Undefined Weak Reference
    _printf_mbtowc                            - Undefined Weak Reference
    _printf_post_padding                      - Undefined Weak Reference
    _printf_pre_padding                       - Undefined Weak Reference
    _printf_truncate_unsigned                 - Undefined Weak Reference
    _rand_init                                - Undefined Weak Reference
    _signal_finish                            - Undefined Weak Reference
    _signal_init                              - Undefined Weak Reference
    _terminate_alloc                          - Undefined Weak Reference
    _terminate_user_alloc                     - Undefined Weak Reference
    _terminateio                              - Undefined Weak Reference
    __main                                   0x000000cd   Thumb Code     8  __main.o(!!!main)
    __scatterload                            0x000000d5   Thumb Code     0  __scatter.o(!!!scatter)
    __scatterload_rt2                        0x000000d5   Thumb Code    44  __scatter.o(!!!scatter)
    __scatterload_rt2_thumb_only             0x000000d5   Thumb Code     0  __scatter.o(!!!scatter)
    __scatterload_null                       0x000000e3   Thumb Code     0  __scatter.o(!!!scatter)
    __scatterload_copy                       0x00000109   Thumb Code    26  __scatter_copy.o(!!handler_copy)
    __scatterload_zeroinit                   0x00000125   Thumb Code    28  __scatter_zi.o(!!handler_zi)
    _printf_percent                          0x00000141   Thumb Code     0  _printf_percent.o(.ARM.Collect$$_printf_percent$$00000000)
    _printf_x                                0x00000141   Thumb Code     0  _printf_x.o(.ARM.Collect$$_printf_percent$$0000000C)
    _printf_c                                0x00000147   Thumb Code     0  _printf_c.o(.ARM.Collect$$_printf_percent$$00000013)
    _printf_percent_end                      0x0000014d   Thumb Code     0  _printf_percent_end.o(.ARM.Collect$$_printf_percent$$00000017)
    __rt_lib_init                            0x00000151   Thumb Code     0  libinit.o(.ARM.Collect$$libinit$$00000000)
    __rt_lib_init_alloca_1                   0x00000153   Thumb Code     0  libinit2.o(.ARM.Collect$$libinit$$0000002E)
    __rt_lib_init_argv_1                     0x00000153   Thumb Code     0  libinit2.o(.ARM.Collect$$libinit$$0000002C)
    __rt_lib_init_atexit_1                   0x00000153   Thumb Code     0  libinit2.o(.ARM.Collect$$libinit$$0000001B)
    __rt_lib_init_clock_1                    0x00000153   Thumb Code     0  libinit2.o(.ARM.Collect$$libinit$$00000021)
    __rt_lib_init_cpp_1                      0x00000153   Thumb Code     0  libinit2.o(.ARM.Collect$$libinit$$00000032)
    __rt_lib_init_exceptions_1               0x00000153   Thumb Code     0  libinit2.o(.ARM.Collect$$libinit$$00000030)
    __rt_lib_init_fp_1                       0x00000153   Thumb Code     0  libinit2.o(.ARM.Collect$$libinit$$00000002)
    __rt_lib_init_fp_trap_1                  0x00000153   Thumb Code     0  libinit2.o(.ARM.Collect$$libinit$$0000001F)
    __rt_lib_init_getenv_1                   0x00000153   Thumb Code     0  libinit2.o(.ARM.Collect$$libinit$$00000023)
    __rt_lib_init_heap_1                     0x00000153   Thumb Code     0  libinit2.o(.ARM.Collect$$libinit$$0000000A)
    __rt_lib_init_lc_collate_1               0x00000153   Thumb Code     0  libinit2.o(.ARM.Collect$$libinit$$00000011)
    __rt_lib_init_lc_ctype_1                 0x00000153   Thumb Code     0  libinit2.o(.ARM.Collect$$libinit$$00000013)
    __rt_lib_init_lc_monetary_1              0x00000153   Thumb Code     0  libinit2.o(.ARM.Collect$$libinit$$00000015)
    __rt_lib_init_lc_numeric_1               0x00000153   Thumb Code     0  libinit2.o(.ARM.Collect$$libinit$$00000017)
    __rt_lib_init_lc_time_1                  0x00000153   Thumb Code     0  libinit2.o(.ARM.Collect$$libinit$$00000019)
    __rt_lib_init_preinit_1                  0x00000153   Thumb Code     0  libinit2.o(.ARM.Collect$$libinit$$00000004)
    __rt_lib_init_rand_1                     0x00000153   Thumb Code     0  libinit2.o(.ARM.Collect$$libinit$$0000000E)
    __rt_lib_init_return                     0x00000153   Thumb Code     0  libinit2.o(.ARM.Collect$$libinit$$00000033)
    __rt_lib_init_signal_1                   0x00000153   Thumb Code     0  libinit2.o(.ARM.Collect$$libinit$$0000001D)
    __rt_lib_init_stdio_1                    0x00000153   Thumb Code     0  libinit2.o(.ARM.Collect$$libinit$$00000025)
    __rt_lib_init_user_alloc_1               0x00000153   Thumb Code     0  libinit2.o(.ARM.Collect$$libinit$$0000000C)
    __rt_lib_shutdown                        0x00000155   Thumb Code     0  libshutdown.o(.ARM.Collect$$libshutdown$$00000000)
    __rt_lib_shutdown_cpp_1                  0x00000157   Thumb Code     0  libshutdown2.o(.ARM.Collect$$libshutdown$$00000002)
    __rt_lib_shutdown_fp_trap_1              0x00000157   Thumb Code     0  libshutdown2.o(.ARM.Collect$$libshutdown$$00000007)
    __rt_lib_shutdown_heap_1                 0x00000157   Thumb Code     0  libshutdown2.o(.ARM.Collect$$libshutdown$$0000000F)
    __rt_lib_shutdown_return                 0x00000157   Thumb Code     0  libshutdown2.o(.ARM.Collect$$libshutdown$$00000010)
    __rt_lib_shutdown_signal_1               0x00000157   Thumb Code     0  libshutdown2.o(.ARM.Collect$$libshutdown$$0000000A)
    __rt_lib_shutdown_stdio_1                0x00000157   Thumb Code     0  libshutdown2.o(.ARM.Collect$$libshutdown$$00000004)
    __rt_lib_shutdown_user_alloc_1           0x00000157   Thumb Code     0  libshutdown2.o(.ARM.Collect$$libshutdown$$0000000C)
    __rt_entry                               0x00000159   Thumb Code     0  __rtentry.o(.ARM.Collect$$rtentry$$00000000)
    __rt_entry_presh_1                       0x00000159   Thumb Code     0  __rtentry2.o(.ARM.Collect$$rtentry$$00000002)
    __rt_entry_sh                            0x00000159   Thumb Code     0  __rtentry4.o(.ARM.Collect$$rtentry$$00000004)
    __rt_entry_li                            0x0000015f   Thumb Code     0  __rtentry2.o(.ARM.Collect$$rtentry$$0000000A)
    __rt_entry_postsh_1                      0x0000015f   Thumb Code     0  __rtentry2.o(.ARM.Collect$$rtentry$$00000009)
    __rt_entry_postli_1                      0x00000163   Thumb Code     0  __rtentry2.o(.ARM.Collect$$rtentry$$0000000B)
    __rt_entry_main                          0x0000016b   Thumb Code     0  __rtentry2.o(.ARM.Collect$$rtentry$$0000000D)
    __rt_exit                                0x00000173   Thumb Code     0  rtexit.o(.ARM.Collect$$rtexit$$00000000)
    __rt_exit_ls                             0x00000175   Thumb Code     0  rtexit2.o(.ARM.Collect$$rtexit$$00000003)
    __rt_exit_prels_1                        0x00000175   Thumb Code     0  rtexit2.o(.ARM.Collect$$rtexit$$00000002)
    __rt_exit_exit                           0x00000179   Thumb Code     0  rtexit2.o(.ARM.Collect$$rtexit$$00000004)
    _platform_post_lib_init                  0x00000181   Thumb Code    24  rtx_conf_cm.o(.emb_text)
    rt_set_PSP                               0x0000019d   Thumb Code     6  hal_cm3.o(.emb_text)
    rt_get_PSP                               0x000001a3   Thumb Code     6  hal_cm3.o(.emb_text)
    os_set_env                               0x000001a9   Thumb Code    24  hal_cm3.o(.emb_text)
    _alloc_box                               0x000001c5   Thumb Code    28  hal_cm3.o(.emb_text)
    _free_box                                0x000001e5   Thumb Code    28  hal_cm3.o(.emb_text)
    SVC_Handler                              0x00000205   Thumb Code   108  hal_cm3.o(.emb_text)
    PendSV_Handler                           0x0000027d   Thumb Code    56  hal_cm3.o(.emb_text)
    SysTick_Handler                          0x000002b9   Thumb Code     8  hal_cm3.o(.emb_text)
    OS_Tick_Handler                          0x000002c1   Thumb Code    12  hal_cm3.o(.emb_text)
    __user_libspace                          0x000002cd   Thumb Code     8  libspace.o(.text)
    __user_perproc_libspace                  0x000002cd   Thumb Code     0  libspace.o(.text)
    __2sprintf                               0x000002d5   Thumb Code    34  noretval__2sprintf.o(.text)
    Reset_Handler                            0x00000301   Thumb Code     8  startup_lpc17xx.o(.text)
    NMI_Handler                              0x00000309   Thumb Code     2  startup_lpc17xx.o(.text)
    HardFault_Handler                        0x0000030b   Thumb Code     2  startup_lpc17xx.o(.text)
    MemManage_Handler                        0x0000030d   Thumb Code     2  startup_lpc17xx.o(.text)
    BusFault_Handler                         0x0000030f   Thumb Code     2  startup_lpc17xx.o(.text)
    UsageFault_Handler                       0x00000311   Thumb Code     2  startup_lpc17xx.o(.text)
    DebugMon_Handler                         0x00000315   Thumb Code     2  startup_lpc17xx.o(.text)
    ADC_IRQHandler                           0x0000031b   Thumb Code     0  startup_lpc17xx.o(.text)
    BOD_IRQHandler                           0x0000031b   Thumb Code     0  startup_lpc17xx.o(.text)
    CANActivity_IRQHandler                   0x0000031b   Thumb Code     0  startup_lpc17xx.o(.text)
    EINT0_IRQHandler                         0x0000031b   Thumb Code     0  startup_lpc17xx.o(.text)
    EINT1_IRQHandler                         0x0000031b   Thumb Code     0  startup_lpc17xx.o(.text)
    EINT2_IRQHandler                         0x0000031b   Thumb Code     0  startup_lpc17xx.o(.text)
    EINT3_IRQHandler                         0x0000031b   Thumb Code     0  startup_lpc17xx.o(.text)
    ENET_IRQHandler                          0x0000031b   Thumb Code     0  startup_lpc17xx.o(.text)
    I2C0_IRQHandler                          0x0000031b   Thumb Code     0  startup_lpc17xx.o(.text)
    I2C1_IRQHandler                          0x0000031b   Thumb Code     0  startup_lpc17xx.o(.text)
    I2C2_IRQHandler                          0x0000031b   Thumb Code     0  startup_lpc17xx.o(.text)
    I2S_IRQHandler                           0x0000031b   Thumb Code     0  startup_lpc17xx.o(.text)
    MCPWM_IRQHandler                         0x0000031b   Thumb Code     0  startup_lpc17xx.o(.text)
    PLL0_IRQHandler                          0x0000031b   Thumb Code     0  startup_lpc17xx.o(.text)
    PLL1_IRQHandler                          0x0000031b   Thumb Code     0  startup_lpc17xx.o(.text)
    PWM1_IRQHandler                          0x0000031b   Thumb Code     0  startup_lpc17xx.o(.text)
    QEI_IRQHandler                           0x0000031b   Thumb Code     0  startup_lpc17xx.o(.text)
    RIT_IRQHandler                           0x0000031b   Thumb Code     0  startup_lpc17xx.o(.text)
    RTC_IRQHandler                           0x0000031b   Thumb Code     0  startup_lpc17xx.o(.text)
    SPI_IRQHandler                           0x0000031b   Thumb Code     0  startup_lpc17xx.o(.text)
    SSP0_IRQHandler                          0x0000031b   Thumb Code     0  startup_lpc17xx.o(.text)
    TIMER0_IRQHandler                        0x0000031b   Thumb Code     0  startup_lpc17xx.o(.text)
    TIMER1_IRQHandler                        0x0000031b   Thumb Code     0  startup_lpc17xx.o(.text)
    TIMER2_IRQHandler                        0x0000031b   Thumb Code     0  startup_lpc17xx.o(.text)
    TIMER3_IRQHandler                        0x0000031b   Thumb Code     0  startup_lpc17xx.o(.text)
    UART0_IRQHandler                         0x0000031b   Thumb Code     0  startup_lpc17xx.o(.text)
    UART2_IRQHandler                         0x0000031b   Thumb Code     0  startup_lpc17xx.o(.text)
    UART3_IRQHandler                         0x0000031b   Thumb Code     0  startup_lpc17xx.o(.text)
    USBActivity_IRQHandler                   0x0000031b   Thumb Code     0  startup_lpc17xx.o(.text)
    USB_IRQHandler                           0x0000031b   Thumb Code     0  startup_lpc17xx.o(.text)
    WDT_IRQHandler                           0x0000031b   Thumb Code     0  startup_lpc17xx.o(.text)
    __user_initial_stackheap                 0x0000031d   Thumb Code     0  startup_lpc17xx.o(.text)
    __aeabi_uldivmod                         0x0000033d   Thumb Code     0  lludivv7m.o(.text)
    _ll_udiv                                 0x0000033d   Thumb Code   238  lludivv7m.o(.text)
    __printf                                 0x0000042b   Thumb Code   104  __printf.o(.text)
    __RL_RTX_VER                             0x00000482   Number         0  rt_system.o ABSOLUTE
    _printf_str                              0x00000493   Thumb Code    82  _printf_str.o(.text)
    _printf_int_hex                          0x000004e5   Thumb Code    84  _printf_hex_int.o(.text)
    _printf_longlong_hex                     0x000004e5   Thumb Code     0  _printf_hex_int.o(.text)
    exit                                     0x0000053d   Thumb Code    18  exit.o(.text)
    __aeabi_memcpy                           0x0000054f   Thumb Code     0  rt_memcpy_v6.o(.text)
    __rt_memcpy                              0x0000054f   Thumb Code   138  rt_memcpy_v6.o(.text)
    _memcpy_lastbytes                        0x000005b5   Thumb Code     0  rt_memcpy_v6.o(.text)
    __aeabi_memclr4                          0x000005d9   Thumb Code     0  rt_memclr_w.o(.text)
    __aeabi_memclr8                          0x000005d9   Thumb Code     0  rt_memclr_w.o(.text)
    __rt_memclr_w                            0x000005d9   Thumb Code    78  rt_memclr_w.o(.text)
    _memset_w                                0x000005dd   Thumb Code     0  rt_memclr_w.o(.text)
    __use_two_region_memory                  0x00000627   Thumb Code     2  heapauxi.o(.text)
    __rt_heap_escrow$2region                 0x00000629   Thumb Code     2  heapauxi.o(.text)
    __rt_heap_expand$2region                 0x0000062b   Thumb Code     2  heapauxi.o(.text)
    _printf_int_common                       0x0000062d   Thumb Code   178  _printf_intcommon.o(.text)
    _printf_char_common                      0x000006eb   Thumb Code    32  _printf_char_common.o(.text)
    _sputc                                   0x00000711   Thumb Code    10  _sputc.o(.text)
    _printf_cs_common                        0x0000071b   Thumb Code    20  _printf_char.o(.text)
    _printf_char                             0x0000072f   Thumb Code    16  _printf_char.o(.text)
    _printf_string                           0x0000073f   Thumb Code     8  _printf_char.o(.text)
    __aeabi_memcpy4                          0x00000747   Thumb Code     0  rt_memcpy_w.o(.text)
    __aeabi_memcpy8                          0x00000747   Thumb Code     0  rt_memcpy_w.o(.text)
    __rt_memcpy_w                            0x00000747   Thumb Code   100  rt_memcpy_w.o(.text)
    _memcpy_lastbytes_aligned                0x0000078f   Thumb Code     0  rt_memcpy_w.o(.text)
    _sys_exit                                0x000007ad   Thumb Code     8  sys_exit.o(.text)
    __user_setup_stackheap                   0x000007b9   Thumb Code    74  sys_stackheap_outer.o(.text)
    __I$use$semihosting                      0x00000803   Thumb Code     0  use_no_semi.o(.text)
    __use_no_semihosting_swi                 0x00000803   Thumb Code     2  use_no_semi.o(.text)
    SVC_Count                                0x00000804   Data           4  svc_table.o(SVC_TABLE)
    __semihosting_library_function           0x00000805   Thumb Code     0  indicate_semi.o(.text)
    SVC_Table                                0x00000808   Data           0  svc_table.o(SVC_TABLE)
    CAN1_ObjectGetCapabilities               0x0000088d   Thumb Code    16  can_lpc17xx.o(i.CAN1_ObjectGetCapabilities)
    CAN_IRQHandler                           0x00000911   Thumb Code   448  can_lpc17xx.o(i.CAN_IRQHandler)
    CANx_GetClock                            0x00000f9d   Thumb Code   154  can_lpc17xx.o(i.CANx_GetClock)
    CANx_ObjectGetCapabilities               0x000014f1   Thumb Code    32  can_lpc17xx.o(i.CANx_ObjectGetCapabilities)
    DMA_IRQHandler                           0x00001e11   Thumb Code   372  gpdma_lpc17xx.o(i.DMA_IRQHandler)
    GLCD_ClearScreen                         0x00001f91   Thumb Code    44  glcd_mcb1700.o(i.GLCD_ClearScreen)
    GLCD_DrawChar                            0x00001fc1   Thumb Code   194  glcd_mcb1700.o(i.GLCD_DrawChar)
    GLCD_DrawString                          0x00002091   Thumb Code    38  glcd_mcb1700.o(i.GLCD_DrawString)
    GLCD_Initialize                          0x000020bd   Thumb Code  1462  glcd_mcb1700.o(i.GLCD_Initialize)
    GLCD_SetFont                             0x00002675   Thumb Code    10  glcd_mcb1700.o(i.GLCD_SetFont)
    GLCD_SetWindow                           0x00002685   Thumb Code   168  glcd_mcb1700.o(i.GLCD_SetWindow)
    GLCD_WindowMax                           0x00002731   Thumb Code    18  glcd_mcb1700.o(i.GLCD_WindowMax)
    GPDMA_ChannelConfigure                   0x00002745   Thumb Code   232  gpdma_lpc17xx.o(i.GPDMA_ChannelConfigure)
    GPDMA_ChannelDisable                     0x00002839   Thumb Code    44  gpdma_lpc17xx.o(i.GPDMA_ChannelDisable)
    GPDMA_ChannelGetCount                    0x00002869   Thumb Code    38  gpdma_lpc17xx.o(i.GPDMA_ChannelGetCount)
    GPDMA_Initialize                         0x00002899   Thumb Code   146  gpdma_lpc17xx.o(i.GPDMA_Initialize)
    GPDMA_PeripheralSelect                   0x00002941   Thumb Code    62  gpdma_lpc17xx.o(i.GPDMA_PeripheralSelect)
    GPDMA_Uninitialize                       0x00002985   Thumb Code   116  gpdma_lpc17xx.o(i.GPDMA_Uninitialize)
    GPIO_PinRead                             0x00002a05   Thumb Code    28  gpio_lpc17xx.o(i.GPIO_PinRead)
    GPIO_PinWrite                            0x00002a25   Thumb Code    36  gpio_lpc17xx.o(i.GPIO_PinWrite)
    GPIO_PortClock                           0x00002a4d   Thumb Code    38  gpio_lpc17xx.o(i.GPIO_PortClock)
    GPIO_SetDir                              0x00002a79   Thumb Code    52  gpio_lpc17xx.o(i.GPIO_SetDir)
    Init_UART                                0x00002b39   Thumb Code    52  libraries.o(i.Init_UART)
    PIN_Configure                            0x00002b71   Thumb Code   246  pin_lpc17xx.o(i.PIN_Configure)
    SSP1_GPDMA_Rx_SignalEvent                0x00002c85   Thumb Code    14  ssp_lpc17xx.o(i.SSP1_GPDMA_Rx_SignalEvent)
    SSP1_GPDMA_Tx_SignalEvent                0x00002c99   Thumb Code    14  ssp_lpc17xx.o(i.SSP1_GPDMA_Tx_SignalEvent)
    SSP1_IRQHandler                          0x00002ccd   Thumb Code    10  ssp_lpc17xx.o(i.SSP1_IRQHandler)
    SSPx_GPDMA_Rx_SignalEvent                0x0000329b   Thumb Code    54  ssp_lpc17xx.o(i.SSPx_GPDMA_Rx_SignalEvent)
    SSPx_GPDMA_Tx_SignalEvent                0x000032d1   Thumb Code    28  ssp_lpc17xx.o(i.SSPx_GPDMA_Tx_SignalEvent)
    SystemInit                               0x00003b81   Thumb Code   302  system_lpc17xx.o(i.SystemInit)
    UART1_IRQHandler                         0x00003cc1   Thumb Code    10  uart_lpc17xx.o(i.UART1_IRQHandler)
    USART1_GPDMA_Rx_Event                    0x00003ce9   Thumb Code    14  uart_lpc17xx.o(i.USART1_GPDMA_Rx_Event)
    USART1_GPDMA_Tx_Event                    0x00003cfd   Thumb Code    14  uart_lpc17xx.o(i.USART1_GPDMA_Tx_Event)
    USART_SetBaudrate                        0x00004fe9   Thumb Code   302  uart_lpc17xx.o(i.USART_SetBaudrate)
    _init_box                                0x0000537d   Thumb Code    70  rt_membox.o(i._init_box)
    _mutex_acquire                           0x000053c5   Thumb Code    22  rtx_conf_cm.o(i._mutex_acquire)
    _mutex_release                           0x000053e5   Thumb Code    18  rtx_conf_cm.o(i._mutex_release)
    avance_roue_selon_rapport                0x00005401   Thumb Code   140  main.o(i.avance_roue_selon_rapport)
    dbg_init                                 0x000054a5   Thumb Code    34  hal_cm.o(i.dbg_init)
    dbg_task_notify                          0x000054d5   Thumb Code    32  hal_cm.o(i.dbg_task_notify)
    dbg_task_switch                          0x000054f5   Thumb Code    16  hal_cm.o(i.dbg_task_switch)
    isrMessageGet                            0x00005531   Thumb Code    42  rt_cmsis.o(i.isrMessageGet)
    isrMessagePut                            0x0000555b   Thumb Code    44  rt_cmsis.o(i.isrMessagePut)
    isr_mbx_receive                          0x00005589   Thumb Code    86  rt_mailbox.o(i.isr_mbx_receive)
    isr_mbx_send                             0x000055df   Thumb Code    14  rt_mailbox.o(i.isr_mbx_send)
    main                                     0x000055ed   Thumb Code    84  main.o(i.main)
    moteur_puissance                         0x00005665   Thumb Code   760  main.o(i.moteur_puissance)
    osDelay                                  0x00005995   Thumb Code    18  rt_cmsis.o(i.osDelay)
    osKernelInitialize                       0x000059ad   Thumb Code    30  rt_cmsis.o(i.osKernelInitialize)
    osKernelStart                            0x000059d1   Thumb Code    98  rt_cmsis.o(i.osKernelStart)
    osMessageGet                             0x00005a3d   Thumb Code    18  rt_cmsis.o(i.osMessageGet)
    osMutexCreate                            0x00005a55   Thumb Code    36  rt_cmsis.o(i.osMutexCreate)
    osMutexRelease                           0x00005a81   Thumb Code    18  rt_cmsis.o(i.osMutexRelease)
    osMutexWait                              0x00005a99   Thumb Code    18  rt_cmsis.o(i.osMutexWait)
    osThreadCreate                           0x00005ab1   Thumb Code    36  rt_cmsis.o(i.osThreadCreate)
    osThreadExit                             0x00005add   Thumb Code    14  rt_cmsis.o(i.osThreadExit)
    osTimerCall                              0x00005af5   Thumb Code     8  rt_cmsis.o(i.osTimerCall)
    osTimerThread                            0x00005b01   Thumb Code    38  rt_cmsis.o(i.osTimerThread)
    os_error                                 0x00005b2d   Thumb Code    34  rtx_conf_cm.o(i.os_error)
    os_idle_demon                            0x00005b4f   Thumb Code     4  rtx_conf_cm.o(i.os_idle_demon)
    os_tick_init                             0x00005b55   Thumb Code    32  rt_system.o(i.os_tick_init)
    os_tick_irqack                           0x00005b7d   Thumb Code     2  rt_system.o(i.os_tick_irqack)
    recept_BT                                0x00005c9d   Thumb Code   112  main.o(i.recept_BT)
    recule_roue_selon_rapport                0x00005d2d   Thumb Code   140  main.o(i.recule_roue_selon_rapport)
    rt_alloc_box                             0x00005dd1   Thumb Code    26  rt_membox.o(i.rt_alloc_box)
    rt_alloc_mem                             0x00005deb   Thumb Code    62  rt_memory.o(i.rt_alloc_mem)
    rt_block                                 0x00005e29   Thumb Code    48  rt_task.o(i.rt_block)
    rt_chk_robin                             0x00005e61   Thumb Code    60  rt_robin.o(i.rt_chk_robin)
    rt_dec_dly                               0x00005ea9   Thumb Code   102  rt_list.o(i.rt_dec_dly)
    rt_dispatch                              0x00005f19   Thumb Code    60  rt_task.o(i.rt_dispatch)
    rt_dly_wait                              0x00005f5d   Thumb Code     6  rt_time.o(i.rt_dly_wait)
    rt_evt_psh                               0x00005f65   Thumb Code    76  rt_event.o(i.rt_evt_psh)
    rt_free_box                              0x00005fb5   Thumb Code    44  rt_membox.o(i.rt_free_box)
    rt_free_mem                              0x00005fe1   Thumb Code    40  rt_memory.o(i.rt_free_mem)
    rt_get_first                             0x00006009   Thumb Code    40  rt_list.o(i.rt_get_first)
    rt_init_mem                              0x00006081   Thumb Code    26  rt_memory.o(i.rt_init_mem)
    rt_init_robin                            0x0000609d   Thumb Code    14  rt_robin.o(i.rt_init_robin)
    rt_init_stack                            0x000060b5   Thumb Code   118  hal_cm.o(i.rt_init_stack)
    rt_mbx_check                             0x00006135   Thumb Code     8  rt_mailbox.o(i.rt_mbx_check)
    rt_mbx_init                              0x0000613d   Thumb Code    26  rt_mailbox.o(i.rt_mbx_init)
    rt_mbx_psh                               0x00006159   Thumb Code   236  rt_mailbox.o(i.rt_mbx_psh)
    rt_mbx_wait                              0x00006249   Thumb Code   174  rt_mailbox.o(i.rt_mbx_wait)
    rt_mut_init                              0x00006341   Thumb Code    16  rt_mutex.o(i.rt_mut_init)
    rt_mut_release                           0x00006351   Thumb Code   208  rt_mutex.o(i.rt_mut_release)
    rt_mut_wait                              0x00006429   Thumb Code   114  rt_mutex.o(i.rt_mut_wait)
    rt_pop_req                               0x000064a1   Thumb Code   112  rt_system.o(i.rt_pop_req)
    rt_psh_req                               0x0000651d   Thumb Code    22  rt_system.o(i.rt_psh_req)
    rt_psq_enq                               0x0000653d   Thumb Code    88  rt_list.o(i.rt_psq_enq)
    rt_put_dly                               0x00006599   Thumb Code    68  rt_list.o(i.rt_put_dly)
    rt_put_prio                              0x000065e1   Thumb Code    54  rt_list.o(i.rt_put_prio)
    rt_put_rdy_first                         0x00006619   Thumb Code    14  rt_list.o(i.rt_put_rdy_first)
    rt_resort_prio                           0x0000662d   Thumb Code    46  rt_list.o(i.rt_resort_prio)
    rt_ret_val                               0x00006661   Thumb Code     6  hal_cm.o(i.rt_ret_val)
    rt_ret_val2                              0x00006667   Thumb Code     8  hal_cm.o(i.rt_ret_val2)
    rt_rmv_dly                               0x0000666f   Thumb Code    40  rt_list.o(i.rt_rmv_dly)
    rt_rmv_list                              0x00006699   Thumb Code    44  rt_list.o(i.rt_rmv_list)
    rt_sem_psh                               0x000066c9   Thumb Code    48  rt_semaphore.o(i.rt_sem_psh)
    rt_stk_check                             0x000066fd   Thumb Code    28  rt_system.o(i.rt_stk_check)
    rt_switch_req                            0x00006721   Thumb Code    30  rt_task.o(i.rt_switch_req)
    rt_sys_init                              0x00006749   Thumb Code   138  rt_task.o(i.rt_sys_init)
    rt_sys_start                             0x00006815   Thumb Code   110  rt_task.o(i.rt_sys_start)
    rt_systick                               0x0000688d   Thumb Code    50  rt_system.o(i.rt_systick)
    rt_tsk_create                            0x00006915   Thumb Code   118  rt_task.o(i.rt_tsk_create)
    rt_tsk_delete                            0x0000699d   Thumb Code   352  rt_task.o(i.rt_tsk_delete)
    rt_tsk_prio                              0x00006b19   Thumb Code   108  rt_task.o(i.rt_tsk_prio)
    rt_tsk_self                              0x00006b95   Thumb Code    12  rt_task.o(i.rt_tsk_self)
    svcDelay                                 0x00006c59   Thumb Code    18  rt_cmsis.o(i.svcDelay)
    svcKernelInitialize                      0x00006c6d   Thumb Code    80  rt_cmsis.o(i.svcKernelInitialize)
    svcKernelStart                           0x00006cdd   Thumb Code    62  rt_cmsis.o(i.svcKernelStart)
    svcMessageCreate                         0x00006d25   Thumb Code    36  rt_cmsis.o(i.svcMessageCreate)
    svcMessageGet                            0x00006d49   Thumb Code    58  rt_cmsis.o(i.svcMessageGet)
    svcMutexCreate                           0x00006d83   Thumb Code    28  rt_cmsis.o(i.svcMutexCreate)
    svcMutexRelease                          0x00006d9f   Thumb Code    34  rt_cmsis.o(i.svcMutexRelease)
    svcMutexWait                             0x00006dc1   Thumb Code    58  rt_cmsis.o(i.svcMutexWait)
    svcThreadCreate                          0x00006dfd   Thumb Code    96  rt_cmsis.o(i.svcThreadCreate)
    svcThreadGetId                           0x00006e69   Thumb Code    22  rt_cmsis.o(i.svcThreadGetId)
    svcThreadTerminate                       0x00006e85   Thumb Code    50  rt_cmsis.o(i.svcThreadTerminate)
    svcTimerCall                             0x00006ebd   Thumb Code    24  rt_cmsis.o(i.svcTimerCall)
    sysTimerTick                             0x00006ed5   Thumb Code    84  rt_cmsis.o(i.sysTimerTick)
    __aeabi_dadd                             0x0000706d   Thumb Code     0  daddsub_clz.o(x$fpl$dadd)
    _dadd                                    0x0000706d   Thumb Code   332  daddsub_clz.o(x$fpl$dadd)
    __aeabi_d2uiz                            0x000071bd   Thumb Code     0  dfixu.o(x$fpl$dfixu)
    _dfixu                                   0x000071bd   Thumb Code    90  dfixu.o(x$fpl$dfixu)
    __aeabi_dmul                             0x00007219   Thumb Code     0  dmul.o(x$fpl$dmul)
    _dmul                                    0x00007219   Thumb Code   332  dmul.o(x$fpl$dmul)
    __fpl_dnaninf                            0x0000736d   Thumb Code   156  dnaninf.o(x$fpl$dnaninf)
    __fpl_dretinf                            0x00007409   Thumb Code    12  dretinf.o(x$fpl$dretinf)
    __aeabi_dsub                             0x00007415   Thumb Code     0  daddsub_clz.o(x$fpl$dsub)
    _dsub                                    0x00007415   Thumb Code   464  daddsub_clz.o(x$fpl$dsub)
    __I$use$fp                               0x000075e8   Number         0  usenofp.o(x$fpl$usenofp)
    os_thread_def_recept_BT                  0x000075e8   Data          16  main.o(.constdata)
    os_thread_def_moteur_puissance           0x000075f8   Data          16  main.o(.constdata)
    os_mutex_def_mut_lcd                     0x00007608   Data           4  main.o(.constdata)
    os_mutex_def_mut_var                     0x0000760c   Data           4  main.o(.constdata)
    GLCD_Font_6x8                            0x00008e90   Data          16  glcd_fonts.o(.constdata)
    GLCD_Font_16x24                          0x00008ea0   Data          16  glcd_fonts.o(.constdata)
    os_maxtaskrun                            0x00008eb0   Data           2  rtx_conf_cm.o(.constdata)
    os_stackinfo                             0x00008eb4   Data           4  rtx_conf_cm.o(.constdata)
    os_rrobin                                0x00008eb8   Data           4  rtx_conf_cm.o(.constdata)
    os_tickfreq                              0x00008ebc   Data           4  rtx_conf_cm.o(.constdata)
    os_tickus_i                              0x00008ec0   Data           2  rtx_conf_cm.o(.constdata)
    os_tickus_f                              0x00008ec2   Data           2  rtx_conf_cm.o(.constdata)
    os_trv                                   0x00008ec4   Data           4  rtx_conf_cm.o(.constdata)
    os_flags                                 0x00008ec8   Data           1  rtx_conf_cm.o(.constdata)
    CMSIS_RTOS_API_Version                   0x00008ecc   Data           4  rtx_conf_cm.o(.constdata)
    CMSIS_RTOS_RTX_Version                   0x00008ed0   Data           4  rtx_conf_cm.o(.constdata)
    os_clockrate                             0x00008ed4   Data           4  rtx_conf_cm.o(.constdata)
    os_timernum                              0x00008ed8   Data           4  rtx_conf_cm.o(.constdata)
    mp_tcb_size                              0x00008edc   Data           2  rtx_conf_cm.o(.constdata)
    mp_stk_size                              0x00008ee0   Data           4  rtx_conf_cm.o(.constdata)
    os_stack_sz                              0x00008ee4   Data           4  rtx_conf_cm.o(.constdata)
    os_fifo_size                             0x00008ee8   Data           1  rtx_conf_cm.o(.constdata)
    os_thread_def_osTimerThread              0x00008eec   Data          16  rtx_conf_cm.o(.constdata)
    os_messageQ_def_osTimerMessageQ          0x00008efc   Data           8  rtx_conf_cm.o(.constdata)
    mp_tmr_size                              0x00008f04   Data           2  rtx_conf_cm.o(.constdata)
    os_thread_def_main                       0x00008f08   Data          16  rtx_conf_cm.o(.constdata)
    Driver_CAN1                              0x00008f30   Data          60  can_lpc17xx.o(.constdata)
    Driver_SPI1                              0x00008fbc   Data          44  ssp_lpc17xx.o(.constdata)
    Driver_USART1                            0x00009180   Data          56  uart_lpc17xx.o(.constdata)
    Region$$Table$$Base                      0x000091e0   Number         0  anon$$obj.o(Region$$Table)
    Region$$Table$$Limit                     0x00009200   Number         0  anon$$obj.o(Region$$Table)
    ID_recept_BT                             0x10000000   Data           4  main.o(.data)
    ID_moteur_puissance                      0x10000004   Data           4  main.o(.data)
    ID_mut_lcd                               0x10000008   Data           4  main.o(.data)
    ID_mut_var                               0x1000000c   Data           4  main.o(.data)
    direction                                0x10000010   Data           1  main.o(.data)
    sens                                     0x10000011   Data           1  main.o(.data)
    osThreadId_osTimerThread                 0x10000028   Data           4  rtx_conf_cm.o(.data)
    osMessageQId_osTimerMessageQ             0x1000002c   Data           4  rtx_conf_cm.o(.data)
    os_tmr                                   0x10000030   Data           4  rtx_conf_cm.o(.data)
    m_tmr                                    0x10000034   Data           4  rtx_conf_cm.o(.data)
    SystemCoreClock                          0x1000006c   Data           4  system_lpc17xx.o(.data)
    os_initialized                           0x10000070   Data           1  rt_cmsis.o(.data)
    os_running                               0x10000071   Data           1  rt_cmsis.o(.data)
    os_timer_head                            0x10000074   Data           4  rt_cmsis.o(.data)
    os_tsk                                   0x10000078   Data           8  rt_task.o(.data)
    os_tick_irqn                             0x10000084   Data           4  rt_system.o(.data)
    os_time                                  0x10000088   Data           4  rt_time.o(.data)
    os_robin                                 0x1000008c   Data           8  rt_robin.o(.data)
    dbg_msg                                  0x10000094   Data           1  hal_cm.o(.data)
    os_mutex_cb_mut_lcd                      0x10000098   Data          16  main.o(.bss)
    os_mutex_cb_mut_var                      0x100000a8   Data          16  main.o(.bss)
    mp_tcb                                   0x100000b8   Data         688  rtx_conf_cm.o(.bss)
    mp_stk                                   0x10000368   Data        9616  rtx_conf_cm.o(.bss)
    os_stack_mem                             0x100028f8   Data        1032  rtx_conf_cm.o(.bss)
    os_fifo                                  0x10002d00   Data         132  rtx_conf_cm.o(.bss)
    os_active_TCB                            0x10002d84   Data          52  rtx_conf_cm.o(.bss)
    os_messageQ_q_osTimerMessageQ            0x10002db8   Data          32  rtx_conf_cm.o(.bss)
    os_idle_TCB                              0x10003434   Data          52  rt_task.o(.bss)
    os_rdy                                   0x10003468   Data          24  rt_list.o(.bss)
    os_dly                                   0x10003480   Data          24  rt_list.o(.bss)
    __libspace_start                         0x10003498   Data          96  libspace.o(.bss)
    __temporary_stack_top$libspace           0x100034f8   Data           0  libspace.o(.bss)



==============================================================================

Memory Map of the image

  Image Entry point : 0x000000cd

  Load Region LR_IROM1 (Base: 0x00000000, Size: 0x00009298, Max: 0x00080000, ABSOLUTE)

    Execution Region ER_IROM1 (Base: 0x00000000, Size: 0x00009200, Max: 0x00080000, ABSOLUTE)

    Base Addr    Size         Type   Attr      Idx    E Section Name        Object

    0x00000000   0x000000cc   Data   RO         1224    RESET               startup_lpc17xx.o
    0x000000cc   0x00000008   Code   RO         2543  * !!!main             c_w.l(__main.o)
    0x000000d4   0x00000034   Code   RO         2734    !!!scatter          c_w.l(__scatter.o)
    0x00000108   0x0000001a   Code   RO         2736    !!handler_copy      c_w.l(__scatter_copy.o)
    0x00000122   0x00000002   PAD
    0x00000124   0x0000001c   Code   RO         2738    !!handler_zi        c_w.l(__scatter_zi.o)
    0x00000140   0x00000000   Code   RO         2534    .ARM.Collect$$_printf_percent$$00000000  c_w.l(_printf_percent.o)
    0x00000140   0x00000006   Code   RO         2533    .ARM.Collect$$_printf_percent$$0000000C  c_w.l(_printf_x.o)
    0x00000146   0x00000006   Code   RO         2532    .ARM.Collect$$_printf_percent$$00000013  c_w.l(_printf_c.o)
    0x0000014c   0x00000004   Code   RO         2572    .ARM.Collect$$_printf_percent$$00000017  c_w.l(_printf_percent_end.o)
    0x00000150   0x00000002   Code   RO         2620    .ARM.Collect$$libinit$$00000000  c_w.l(libinit.o)
    0x00000152   0x00000000   Code   RO         2632    .ARM.Collect$$libinit$$00000002  c_w.l(libinit2.o)
    0x00000152   0x00000000   Code   RO         2634    .ARM.Collect$$libinit$$00000004  c_w.l(libinit2.o)
    0x00000152   0x00000000   Code   RO         2637    .ARM.Collect$$libinit$$0000000A  c_w.l(libinit2.o)
    0x00000152   0x00000000   Code   RO         2639    .ARM.Collect$$libinit$$0000000C  c_w.l(libinit2.o)
    0x00000152   0x00000000   Code   RO         2641    .ARM.Collect$$libinit$$0000000E  c_w.l(libinit2.o)
    0x00000152   0x00000000   Code   RO         2644    .ARM.Collect$$libinit$$00000011  c_w.l(libinit2.o)
    0x00000152   0x00000000   Code   RO         2646    .ARM.Collect$$libinit$$00000013  c_w.l(libinit2.o)
    0x00000152   0x00000000   Code   RO         2648    .ARM.Collect$$libinit$$00000015  c_w.l(libinit2.o)
    0x00000152   0x00000000   Code   RO         2650    .ARM.Collect$$libinit$$00000017  c_w.l(libinit2.o)
    0x00000152   0x00000000   Code   RO         2652    .ARM.Collect$$libinit$$00000019  c_w.l(libinit2.o)
    0x00000152   0x00000000   Code   RO         2654    .ARM.Collect$$libinit$$0000001B  c_w.l(libinit2.o)
    0x00000152   0x00000000   Code   RO         2656    .ARM.Collect$$libinit$$0000001D  c_w.l(libinit2.o)
    0x00000152   0x00000000   Code   RO         2658    .ARM.Collect$$libinit$$0000001F  c_w.l(libinit2.o)
    0x00000152   0x00000000   Code   RO         2660    .ARM.Collect$$libinit$$00000021  c_w.l(libinit2.o)
    0x00000152   0x00000000   Code   RO         2662    .ARM.Collect$$libinit$$00000023  c_w.l(libinit2.o)
    0x00000152   0x00000000   Code   RO         2664    .ARM.Collect$$libinit$$00000025  c_w.l(libinit2.o)
    0x00000152   0x00000000   Code   RO         2668    .ARM.Collect$$libinit$$0000002C  c_w.l(libinit2.o)
    0x00000152   0x00000000   Code   RO         2670    .ARM.Collect$$libinit$$0000002E  c_w.l(libinit2.o)
    0x00000152   0x00000000   Code   RO         2672    .ARM.Collect$$libinit$$00000030  c_w.l(libinit2.o)
    0x00000152   0x00000000   Code   RO         2674    .ARM.Collect$$libinit$$00000032  c_w.l(libinit2.o)
    0x00000152   0x00000002   Code   RO         2675    .ARM.Collect$$libinit$$00000033  c_w.l(libinit2.o)
    0x00000154   0x00000002   Code   RO         2621    .ARM.Collect$$libshutdown$$00000000  c_w.l(libshutdown.o)
    0x00000156   0x00000000   Code   RO         2677    .ARM.Collect$$libshutdown$$00000002  c_w.l(libshutdown2.o)
    0x00000156   0x00000000   Code   RO         2679    .ARM.Collect$$libshutdown$$00000004  c_w.l(libshutdown2.o)
    0x00000156   0x00000000   Code   RO         2682    .ARM.Collect$$libshutdown$$00000007  c_w.l(libshutdown2.o)
    0x00000156   0x00000000   Code   RO         2685    .ARM.Collect$$libshutdown$$0000000A  c_w.l(libshutdown2.o)
    0x00000156   0x00000000   Code   RO         2687    .ARM.Collect$$libshutdown$$0000000C  c_w.l(libshutdown2.o)
    0x00000156   0x00000000   Code   RO         2690    .ARM.Collect$$libshutdown$$0000000F  c_w.l(libshutdown2.o)
    0x00000156   0x00000002   Code   RO         2691    .ARM.Collect$$libshutdown$$00000010  c_w.l(libshutdown2.o)
    0x00000158   0x00000000   Code   RO         2557    .ARM.Collect$$rtentry$$00000000  c_w.l(__rtentry.o)
    0x00000158   0x00000000   Code   RO         2581    .ARM.Collect$$rtentry$$00000002  c_w.l(__rtentry2.o)
    0x00000158   0x00000006   Code   RO         2593    .ARM.Collect$$rtentry$$00000004  c_w.l(__rtentry4.o)
    0x0000015e   0x00000000   Code   RO         2583    .ARM.Collect$$rtentry$$00000009  c_w.l(__rtentry2.o)
    0x0000015e   0x00000004   Code   RO         2584    .ARM.Collect$$rtentry$$0000000A  c_w.l(__rtentry2.o)
    0x00000162   0x00000008   Code   RO         2585    .ARM.Collect$$rtentry$$0000000B  c_w.l(__rtentry2.o)
    0x0000016a   0x00000008   Code   RO         2587    .ARM.Collect$$rtentry$$0000000D  c_w.l(__rtentry2.o)
    0x00000172   0x00000002   Code   RO         2558    .ARM.Collect$$rtexit$$00000000  c_w.l(rtexit.o)
    0x00000174   0x00000000   Code   RO         2596    .ARM.Collect$$rtexit$$00000002  c_w.l(rtexit2.o)
    0x00000174   0x00000004   Code   RO         2597    .ARM.Collect$$rtexit$$00000003  c_w.l(rtexit2.o)
    0x00000178   0x00000006   Code   RO         2598    .ARM.Collect$$rtexit$$00000004  c_w.l(rtexit2.o)
    0x0000017e   0x00000002   PAD
    0x00000180   0x0000001c   Code   RO          387    .emb_text           rtx_conf_cm.o
    0x0000019c   0x00000130   Code   RO         2463    .emb_text           RTX_CM3.lib(hal_cm3.o)
    0x000002cc   0x00000008   Code   RO         2478    .text               c_w.l(libspace.o)
    0x000002d4   0x00000028   Code   RO         2485    .text               c_w.l(noretval__2sprintf.o)
    0x000002fc   0x00000004   Code   RO         1225    .ARM.__at_0x02FC    startup_lpc17xx.o
    0x00000300   0x0000003c   Code   RO         1226    .text               startup_lpc17xx.o
    0x0000033c   0x000000ee   Code   RO         2481    .text               c_w.l(lludivv7m.o)
    0x0000042a   0x00000068   Code   RO         2487    .text               c_w.l(__printf.o)
    0x00000492   0x00000052   Code   RO         2489    .text               c_w.l(_printf_str.o)
    0x000004e4   0x00000058   Code   RO         2494    .text               c_w.l(_printf_hex_int.o)
    0x0000053c   0x00000012   Code   RO         2535    .text               c_w.l(exit.o)
    0x0000054e   0x0000008a   Code   RO         2537    .text               c_w.l(rt_memcpy_v6.o)
    0x000005d8   0x0000004e   Code   RO         2539    .text               c_w.l(rt_memclr_w.o)
    0x00000626   0x00000006   Code   RO         2541    .text               c_w.l(heapauxi.o)
    0x0000062c   0x000000b2   Code   RO         2564    .text               c_w.l(_printf_intcommon.o)
    0x000006de   0x00000002   PAD
    0x000006e0   0x00000030   Code   RO         2566    .text               c_w.l(_printf_char_common.o)
    0x00000710   0x0000000a   Code   RO         2568    .text               c_w.l(_sputc.o)
    0x0000071a   0x0000002c   Code   RO         2570    .text               c_w.l(_printf_char.o)
    0x00000746   0x00000064   Code   RO         2573    .text               c_w.l(rt_memcpy_w.o)
    0x000007aa   0x00000002   PAD
    0x000007ac   0x0000000c   Code   RO         2606    .text               c_w.l(sys_exit.o)
    0x000007b8   0x0000004a   Code   RO         2608    .text               c_w.l(sys_stackheap_outer.o)
    0x00000802   0x00000002   Code   RO         2622    .text               c_w.l(use_no_semi.o)
    0x00000804   0x00000000   Code   RO         2624    .text               c_w.l(indicate_semi.o)
    0x00000804   0x00000004   Code   RO         2473    SVC_TABLE           RTX_CM3.lib(svc_table.o)
    0x00000808   0x00000012   Code   RO          448    i.CAN1_Control      can_lpc17xx.o
    0x0000081a   0x0000000a   Code   RO          449    i.CAN1_GetClock     can_lpc17xx.o
    0x00000824   0x0000000c   Code   RO          450    i.CAN1_GetStatus    can_lpc17xx.o
    0x00000830   0x00000012   Code   RO          451    i.CAN1_Initialize   can_lpc17xx.o
    0x00000842   0x0000001c   Code   RO          452    i.CAN1_MessageRead  can_lpc17xx.o
    0x0000085e   0x0000001c   Code   RO          453    i.CAN1_MessageSend  can_lpc17xx.o
    0x0000087a   0x00000012   Code   RO          454    i.CAN1_ObjectConfigure  can_lpc17xx.o
    0x0000088c   0x00000010   Code   RO          455    i.CAN1_ObjectGetCapabilities  can_lpc17xx.o
    0x0000089c   0x0000001c   Code   RO          456    i.CAN1_ObjectSetFilter  can_lpc17xx.o
    0x000008b8   0x0000000e   Code   RO          457    i.CAN1_PowerControl  can_lpc17xx.o
    0x000008c6   0x00000016   Code   RO          458    i.CAN1_SetBitrate   can_lpc17xx.o
    0x000008dc   0x0000000e   Code   RO          459    i.CAN1_SetMode      can_lpc17xx.o
    0x000008ea   0x0000000a   Code   RO          460    i.CAN1_Uninitialize  can_lpc17xx.o
    0x000008f4   0x0000000c   Code   RO          461    i.CAN_GetCapabilities  can_lpc17xx.o
    0x00000900   0x00000010   Code   RO          462    i.CAN_GetVersion    can_lpc17xx.o
    0x00000910   0x000001d8   Code   RO          463    i.CAN_IRQHandler    can_lpc17xx.o
    0x00000ae8   0x00000434   Code   RO          464    i.CANx_AddFilter    can_lpc17xx.o
    0x00000f1c   0x00000080   Code   RO          465    i.CANx_Control      can_lpc17xx.o
    0x00000f9c   0x000000a4   Code   RO          466    i.CANx_GetClock     can_lpc17xx.o
    0x00001040   0x000000d4   Code   RO          467    i.CANx_GetStatus    can_lpc17xx.o
    0x00001114   0x0000005c   Code   RO          468    i.CANx_Initialize   can_lpc17xx.o
    0x00001170   0x000000b4   Code   RO          469    i.CANx_MessageRead  can_lpc17xx.o
    0x00001224   0x00000240   Code   RO          470    i.CANx_MessageSend  can_lpc17xx.o
    0x00001464   0x0000008c   Code   RO          471    i.CANx_ObjectConfigure  can_lpc17xx.o
    0x000014f0   0x00000028   Code   RO          472    i.CANx_ObjectGetCapabilities  can_lpc17xx.o
    0x00001518   0x000000a4   Code   RO          473    i.CANx_ObjectSetFilter  can_lpc17xx.o
    0x000015bc   0x0000013c   Code   RO          474    i.CANx_PowerControl  can_lpc17xx.o
    0x000016f8   0x000003f4   Code   RO          475    i.CANx_RemoveFilter  can_lpc17xx.o
    0x00001aec   0x0000005c   Code   RO          476    i.CANx_ResetRuntimeInfo  can_lpc17xx.o
    0x00001b48   0x00000134   Code   RO          477    i.CANx_SetBitrate   can_lpc17xx.o
    0x00001c7c   0x0000013c   Code   RO          478    i.CANx_SetMode      can_lpc17xx.o
    0x00001db8   0x00000038   Code   RO          479    i.CANx_Uninitialize  can_lpc17xx.o
    0x00001df0   0x00000020   Code   RO         1045    i.Clear_Channel_active_flag  gpdma_lpc17xx.o
    0x00001e10   0x00000180   Code   RO         1046    i.DMA_IRQHandler    gpdma_lpc17xx.o
    0x00001f90   0x00000030   Code   RO          141    i.GLCD_ClearScreen  glcd_mcb1700.o
    0x00001fc0   0x000000d0   Code   RO          144    i.GLCD_DrawChar     glcd_mcb1700.o
    0x00002090   0x0000002c   Code   RO          148    i.GLCD_DrawString   glcd_mcb1700.o
    0x000020bc   0x000005b6   Code   RO          152    i.GLCD_Initialize   glcd_mcb1700.o
    0x00002672   0x00000002   PAD
    0x00002674   0x00000010   Code   RO          154    i.GLCD_SetFont      glcd_mcb1700.o
    0x00002684   0x000000ac   Code   RO          156    i.GLCD_SetWindow    glcd_mcb1700.o
    0x00002730   0x00000012   Code   RO          159    i.GLCD_WindowMax    glcd_mcb1700.o
    0x00002742   0x00000002   PAD
    0x00002744   0x000000f4   Code   RO         1047    i.GPDMA_ChannelConfigure  gpdma_lpc17xx.o
    0x00002838   0x00000030   Code   RO         1048    i.GPDMA_ChannelDisable  gpdma_lpc17xx.o
    0x00002868   0x00000030   Code   RO         1050    i.GPDMA_ChannelGetCount  gpdma_lpc17xx.o
    0x00002898   0x000000a8   Code   RO         1052    i.GPDMA_Initialize  gpdma_lpc17xx.o
    0x00002940   0x00000044   Code   RO         1053    i.GPDMA_PeripheralSelect  gpdma_lpc17xx.o
    0x00002984   0x00000080   Code   RO         1054    i.GPDMA_Uninitialize  gpdma_lpc17xx.o
    0x00002a04   0x00000020   Code   RO         1135    i.GPIO_PinRead      gpio_lpc17xx.o
    0x00002a24   0x00000028   Code   RO         1136    i.GPIO_PinWrite     gpio_lpc17xx.o
    0x00002a4c   0x0000002c   Code   RO         1137    i.GPIO_PortClock    gpio_lpc17xx.o
    0x00002a78   0x00000038   Code   RO         1140    i.GPIO_SetDir       gpio_lpc17xx.o
    0x00002ab0   0x00000044   Code   RO          656    i.GetSSPClockFreq   ssp_lpc17xx.o
    0x00002af4   0x00000044   Code   RO          830    i.GetUsartClockFreq  uart_lpc17xx.o
    0x00002b38   0x00000038   Code   RO          113    i.Init_UART         libraries.o
    0x00002b70   0x000000fc   Code   RO         1189    i.PIN_Configure     pin_lpc17xx.o
    0x00002c6c   0x00000018   Code   RO          657    i.SSP1_Control      ssp_lpc17xx.o
    0x00002c84   0x00000014   Code   RO          658    i.SSP1_GPDMA_Rx_SignalEvent  ssp_lpc17xx.o
    0x00002c98   0x00000014   Code   RO          659    i.SSP1_GPDMA_Tx_SignalEvent  ssp_lpc17xx.o
    0x00002cac   0x00000010   Code   RO          660    i.SSP1_GetDataCount  ssp_lpc17xx.o
    0x00002cbc   0x00000010   Code   RO          661    i.SSP1_GetStatus    ssp_lpc17xx.o
    0x00002ccc   0x00000010   Code   RO          662    i.SSP1_IRQHandler   ssp_lpc17xx.o
    0x00002cdc   0x00000014   Code   RO          663    i.SSP1_Initialize   ssp_lpc17xx.o
    0x00002cf0   0x00000014   Code   RO          664    i.SSP1_PowerControl  ssp_lpc17xx.o
    0x00002d04   0x00000018   Code   RO          665    i.SSP1_Receive      ssp_lpc17xx.o
    0x00002d1c   0x00000018   Code   RO          666    i.SSP1_Send         ssp_lpc17xx.o
    0x00002d34   0x0000001c   Code   RO          667    i.SSP1_Transfer     ssp_lpc17xx.o
    0x00002d50   0x00000010   Code   RO          668    i.SSP1_Uninitialize  ssp_lpc17xx.o
    0x00002d60   0x0000000c   Code   RO          669    i.SSP_GetCapabilities  ssp_lpc17xx.o
    0x00002d6c   0x00000010   Code   RO          670    i.SSP_GetVersion    ssp_lpc17xx.o
    0x00002d7c   0x0000051e   Code   RO          671    i.SSPx_Control      ssp_lpc17xx.o
    0x0000329a   0x00000036   Code   RO          672    i.SSPx_GPDMA_Rx_SignalEvent  ssp_lpc17xx.o
    0x000032d0   0x0000001c   Code   RO          673    i.SSPx_GPDMA_Tx_SignalEvent  ssp_lpc17xx.o
    0x000032ec   0x0000002c   Code   RO          674    i.SSPx_GetDataCount  ssp_lpc17xx.o
    0x00003318   0x0000005a   Code   RO          675    i.SSPx_GetStatus    ssp_lpc17xx.o
    0x00003372   0x00000104   Code   RO          676    i.SSPx_IRQHandler   ssp_lpc17xx.o
    0x00003476   0x000000a8   Code   RO          677    i.SSPx_Initialize   ssp_lpc17xx.o
    0x0000351e   0x00000002   PAD
    0x00003520   0x000001b4   Code   RO          678    i.SSPx_PowerControl  ssp_lpc17xx.o
    0x000036d4   0x0000015c   Code   RO          679    i.SSPx_Receive      ssp_lpc17xx.o
    0x00003830   0x00000154   Code   RO          680    i.SSPx_Send         ssp_lpc17xx.o
    0x00003984   0x00000152   Code   RO          681    i.SSPx_Transfer     ssp_lpc17xx.o
    0x00003ad6   0x00000070   Code   RO          682    i.SSPx_Uninitialize  ssp_lpc17xx.o
    0x00003b46   0x00000002   PAD
    0x00003b48   0x00000038   Code   RO         1055    i.Set_Channel_active_flag  gpdma_lpc17xx.o
    0x00003b80   0x00000140   Code   RO         1236    i.SystemInit        system_lpc17xx.o
    0x00003cc0   0x00000010   Code   RO          831    i.UART1_IRQHandler  uart_lpc17xx.o
    0x00003cd0   0x00000018   Code   RO          832    i.USART1_Control    uart_lpc17xx.o
    0x00003ce8   0x00000014   Code   RO          833    i.USART1_GPDMA_Rx_Event  uart_lpc17xx.o
    0x00003cfc   0x00000014   Code   RO          834    i.USART1_GPDMA_Tx_Event  uart_lpc17xx.o
    0x00003d10   0x00000010   Code   RO          835    i.USART1_GetCapabilities  uart_lpc17xx.o
    0x00003d20   0x00000010   Code   RO          836    i.USART1_GetModemStatus  uart_lpc17xx.o
    0x00003d30   0x00000010   Code   RO          837    i.USART1_GetRxCount  uart_lpc17xx.o
    0x00003d40   0x00000010   Code   RO          838    i.USART1_GetStatus  uart_lpc17xx.o
    0x00003d50   0x00000010   Code   RO          839    i.USART1_GetTxCount  uart_lpc17xx.o
    0x00003d60   0x00000014   Code   RO          840    i.USART1_Initialize  uart_lpc17xx.o
    0x00003d74   0x00000014   Code   RO          841    i.USART1_PowerControl  uart_lpc17xx.o
    0x00003d88   0x00000018   Code   RO          842    i.USART1_Receive    uart_lpc17xx.o
    0x00003da0   0x00000018   Code   RO          843    i.USART1_Send       uart_lpc17xx.o
    0x00003db8   0x00000014   Code   RO          844    i.USART1_SetModemControl  uart_lpc17xx.o
    0x00003dcc   0x0000001c   Code   RO          845    i.USART1_Transfer   uart_lpc17xx.o
    0x00003de8   0x00000010   Code   RO          846    i.USART1_Uninitialize  uart_lpc17xx.o
    0x00003df8   0x00000670   Code   RO          847    i.USART_Control     uart_lpc17xx.o
    0x00004468   0x00000086   Code   RO          848    i.USART_GPDMA_Rx_Event  uart_lpc17xx.o
    0x000044ee   0x0000004a   Code   RO          849    i.USART_GPDMA_Tx_Event  uart_lpc17xx.o
    0x00004538   0x00000006   Code   RO          850    i.USART_GetCapabilities  uart_lpc17xx.o
    0x0000453e   0x000000ec   Code   RO          851    i.USART_GetModemStatus  uart_lpc17xx.o
    0x0000462a   0x0000001c   Code   RO          852    i.USART_GetRxCount  uart_lpc17xx.o
    0x00004646   0x000000bc   Code   RO          853    i.USART_GetStatus   uart_lpc17xx.o
    0x00004702   0x0000001c   Code   RO          854    i.USART_GetTxCount  uart_lpc17xx.o
    0x0000471e   0x0000026c   Code   RO          855    i.USART_IRQHandler  uart_lpc17xx.o
    0x0000498a   0x000000fe   Code   RO          856    i.USART_Initialize  uart_lpc17xx.o
    0x00004a88   0x0000024c   Code   RO          857    i.USART_PowerControl  uart_lpc17xx.o
    0x00004cd4   0x00000110   Code   RO          858    i.USART_Receive     uart_lpc17xx.o
    0x00004de4   0x00000068   Code   RO          859    i.USART_RxLineIntHandler  uart_lpc17xx.o
    0x00004e4c   0x0000019c   Code   RO          860    i.USART_Send        uart_lpc17xx.o
    0x00004fe8   0x00000134   Code   RO          861    i.USART_SetBaudrate  uart_lpc17xx.o
    0x0000511c   0x000000a0   Code   RO          862    i.USART_SetModemControl  uart_lpc17xx.o
    0x000051bc   0x0000007a   Code   RO          863    i.USART_Transfer    uart_lpc17xx.o
    0x00005236   0x000000e2   Code   RO          864    i.USART_Uninitialize  uart_lpc17xx.o
    0x00005318   0x00000010   Code   RO          865    i.USARTx_GetVersion  uart_lpc17xx.o
    0x00005328   0x0000001c   Code   RO          683    i.__NVIC_ClearPendingIRQ  ssp_lpc17xx.o
    0x00005344   0x0000001c   Code   RO          866    i.__NVIC_ClearPendingIRQ  uart_lpc17xx.o
    0x00005360   0x0000001c   Code   RO         1056    i.__NVIC_ClearPendingIRQ  gpdma_lpc17xx.o
    0x0000537c   0x00000046   Code   RO         2362    i._init_box         RTX_CM3.lib(rt_membox.o)
    0x000053c2   0x00000002   PAD
    0x000053c4   0x00000020   Code   RO          389    i._mutex_acquire    rtx_conf_cm.o
    0x000053e4   0x0000001c   Code   RO          391    i._mutex_release    rtx_conf_cm.o
    0x00005400   0x000000a4   Code   RO            4    i.avance_roue_selon_rapport  main.o
    0x000054a4   0x00000030   Code   RO         2415    i.dbg_init          RTX_CM3.lib(hal_cm.o)
    0x000054d4   0x00000020   Code   RO         2416    i.dbg_task_notify   RTX_CM3.lib(hal_cm.o)
    0x000054f4   0x00000010   Code   RO         2417    i.dbg_task_switch   RTX_CM3.lib(hal_cm.o)
    0x00005504   0x0000002c   Code   RO          160    i.delay_ms          glcd_mcb1700.o
    0x00005530   0x0000002a   Code   RO         1271    i.isrMessageGet     RTX_CM3.lib(rt_cmsis.o)
    0x0000555a   0x0000002c   Code   RO         1272    i.isrMessagePut     RTX_CM3.lib(rt_cmsis.o)
    0x00005586   0x00000002   PAD
    0x00005588   0x00000056   Code   RO         2217    i.isr_mbx_receive   RTX_CM3.lib(rt_mailbox.o)
    0x000055de   0x0000000e   Code   RO         2218    i.isr_mbx_send      RTX_CM3.lib(rt_mailbox.o)
    0x000055ec   0x00000078   Code   RO            5    i.main              main.o
    0x00005664   0x00000330   Code   RO            6    i.moteur_puissance  main.o
    0x00005994   0x00000018   Code   RO         1275    i.osDelay           RTX_CM3.lib(rt_cmsis.o)
    0x000059ac   0x00000024   Code   RO         1276    i.osKernelInitialize  RTX_CM3.lib(rt_cmsis.o)
    0x000059d0   0x0000006c   Code   RO         1278    i.osKernelStart     RTX_CM3.lib(rt_cmsis.o)
    0x00005a3c   0x00000018   Code   RO         1287    i.osMessageGet      RTX_CM3.lib(rt_cmsis.o)
    0x00005a54   0x0000002c   Code   RO         1289    i.osMutexCreate     RTX_CM3.lib(rt_cmsis.o)
    0x00005a80   0x00000018   Code   RO         1291    i.osMutexRelease    RTX_CM3.lib(rt_cmsis.o)
    0x00005a98   0x00000018   Code   RO         1292    i.osMutexWait       RTX_CM3.lib(rt_cmsis.o)
    0x00005ab0   0x0000002c   Code   RO         1304    i.osThreadCreate    RTX_CM3.lib(rt_cmsis.o)
    0x00005adc   0x00000018   Code   RO         1305    i.osThreadExit      RTX_CM3.lib(rt_cmsis.o)
    0x00005af4   0x0000000c   Code   RO         1311    i.osTimerCall       RTX_CM3.lib(rt_cmsis.o)
    0x00005b00   0x0000002c   Code   RO         1316    i.osTimerThread     RTX_CM3.lib(rt_cmsis.o)
    0x00005b2c   0x00000022   Code   RO          392    i.os_error          rtx_conf_cm.o
    0x00005b4e   0x00000004   Code   RO          393    i.os_idle_demon     rtx_conf_cm.o
    0x00005b52   0x00000002   PAD
    0x00005b54   0x00000028   Code   RO         2009    i.os_tick_init      RTX_CM3.lib(rt_system.o)
    0x00005b7c   0x00000002   Code   RO         2010    i.os_tick_irqack    RTX_CM3.lib(rt_system.o)
    0x00005b7e   0x00000002   PAD
    0x00005b80   0x00000044   Code   RO          161    i.rd_dat            glcd_mcb1700.o
    0x00005bc4   0x000000c8   Code   RO          162    i.rd_id_man         glcd_mcb1700.o
    0x00005c8c   0x00000010   Code   RO          163    i.rd_reg            glcd_mcb1700.o
    0x00005c9c   0x00000090   Code   RO            7    i.recept_BT         main.o
    0x00005d2c   0x000000a4   Code   RO            8    i.recule_roue_selon_rapport  main.o
    0x00005dd0   0x0000001a   Code   RO         2363    i.rt_alloc_box      RTX_CM3.lib(rt_membox.o)
    0x00005dea   0x0000003e   Code   RO         2391    i.rt_alloc_mem      RTX_CM3.lib(rt_memory.o)
    0x00005e28   0x00000038   Code   RO         1890    i.rt_block          RTX_CM3.lib(rt_task.o)
    0x00005e60   0x00000048   Code   RO         2340    i.rt_chk_robin      RTX_CM3.lib(rt_robin.o)
    0x00005ea8   0x00000070   Code   RO         2141    i.rt_dec_dly        RTX_CM3.lib(rt_list.o)
    0x00005f18   0x00000044   Code   RO         1891    i.rt_dispatch       RTX_CM3.lib(rt_task.o)
    0x00005f5c   0x00000006   Code   RO         2307    i.rt_dly_wait       RTX_CM3.lib(rt_time.o)
    0x00005f62   0x00000002   PAD
    0x00005f64   0x00000050   Code   RO         2102    i.rt_evt_psh        RTX_CM3.lib(rt_event.o)
    0x00005fb4   0x0000002c   Code   RO         2364    i.rt_free_box       RTX_CM3.lib(rt_membox.o)
    0x00005fe0   0x00000028   Code   RO         2392    i.rt_free_mem       RTX_CM3.lib(rt_memory.o)
    0x00006008   0x00000028   Code   RO         2142    i.rt_get_first      RTX_CM3.lib(rt_list.o)
    0x00006030   0x00000008   Code   RO         1321    i.rt_id2obj         RTX_CM3.lib(rt_cmsis.o)
    0x00006038   0x00000048   Code   RO         1892    i.rt_init_context   RTX_CM3.lib(rt_task.o)
    0x00006080   0x0000001a   Code   RO         2393    i.rt_init_mem       RTX_CM3.lib(rt_memory.o)
    0x0000609a   0x00000002   PAD
    0x0000609c   0x00000018   Code   RO         2341    i.rt_init_robin     RTX_CM3.lib(rt_robin.o)
    0x000060b4   0x00000080   Code   RO         2418    i.rt_init_stack     RTX_CM3.lib(hal_cm.o)
    0x00006134   0x00000008   Code   RO         2219    i.rt_mbx_check      RTX_CM3.lib(rt_mailbox.o)
    0x0000613c   0x0000001a   Code   RO         2220    i.rt_mbx_init       RTX_CM3.lib(rt_mailbox.o)
    0x00006156   0x00000002   PAD
    0x00006158   0x000000f0   Code   RO         2221    i.rt_mbx_psh        RTX_CM3.lib(rt_mailbox.o)
    0x00006248   0x000000b4   Code   RO         2223    i.rt_mbx_wait       RTX_CM3.lib(rt_mailbox.o)
    0x000062fc   0x00000044   Code   RO         1322    i.rt_ms2tick        RTX_CM3.lib(rt_cmsis.o)
    0x00006340   0x00000010   Code   RO         1975    i.rt_mut_init       RTX_CM3.lib(rt_mutex.o)
    0x00006350   0x000000d8   Code   RO         1976    i.rt_mut_release    RTX_CM3.lib(rt_mutex.o)
    0x00006428   0x00000078   Code   RO         1977    i.rt_mut_wait       RTX_CM3.lib(rt_mutex.o)
    0x000064a0   0x0000007c   Code   RO         2013    i.rt_pop_req        RTX_CM3.lib(rt_system.o)
    0x0000651c   0x00000020   Code   RO         2014    i.rt_psh_req        RTX_CM3.lib(rt_system.o)
    0x0000653c   0x0000005c   Code   RO         2144    i.rt_psq_enq        RTX_CM3.lib(rt_list.o)
    0x00006598   0x00000048   Code   RO         2145    i.rt_put_dly        RTX_CM3.lib(rt_list.o)
    0x000065e0   0x00000036   Code   RO         2146    i.rt_put_prio       RTX_CM3.lib(rt_list.o)
    0x00006616   0x00000002   PAD
    0x00006618   0x00000014   Code   RO         2147    i.rt_put_rdy_first  RTX_CM3.lib(rt_list.o)
    0x0000662c   0x00000034   Code   RO         2148    i.rt_resort_prio    RTX_CM3.lib(rt_list.o)
    0x00006660   0x00000006   Code   RO         2419    i.rt_ret_val        RTX_CM3.lib(hal_cm.o)
    0x00006666   0x00000008   Code   RO         2420    i.rt_ret_val2       RTX_CM3.lib(hal_cm.o)
    0x0000666e   0x00000028   Code   RO         2149    i.rt_rmv_dly        RTX_CM3.lib(rt_list.o)
    0x00006696   0x00000002   PAD
    0x00006698   0x00000030   Code   RO         2150    i.rt_rmv_list       RTX_CM3.lib(rt_list.o)
    0x000066c8   0x00000034   Code   RO         2268    i.rt_sem_psh        RTX_CM3.lib(rt_semaphore.o)
    0x000066fc   0x00000024   Code   RO         2016    i.rt_stk_check      RTX_CM3.lib(rt_system.o)
    0x00006720   0x00000028   Code   RO         1893    i.rt_switch_req     RTX_CM3.lib(rt_task.o)
    0x00006748   0x000000cc   Code   RO         1894    i.rt_sys_init       RTX_CM3.lib(rt_task.o)
    0x00006814   0x00000078   Code   RO         1895    i.rt_sys_start      RTX_CM3.lib(rt_task.o)
    0x0000688c   0x00000040   Code   RO         2018    i.rt_systick        RTX_CM3.lib(rt_system.o)
    0x000068cc   0x00000012   Code   RO         1323    i.rt_tid2ptcb       RTX_CM3.lib(rt_cmsis.o)
    0x000068de   0x00000002   PAD
    0x000068e0   0x00000034   Code   RO         1324    i.rt_timer_insert   RTX_CM3.lib(rt_cmsis.o)
    0x00006914   0x00000088   Code   RO         1896    i.rt_tsk_create     RTX_CM3.lib(rt_task.o)
    0x0000699c   0x0000017c   Code   RO         1897    i.rt_tsk_delete     RTX_CM3.lib(rt_task.o)
    0x00006b18   0x0000007c   Code   RO         1899    i.rt_tsk_prio       RTX_CM3.lib(rt_task.o)
    0x00006b94   0x00000010   Code   RO         1900    i.rt_tsk_self       RTX_CM3.lib(rt_task.o)
    0x00006ba4   0x0000002c   Code   RO          164    i.spi_tran          glcd_mcb1700.o
    0x00006bd0   0x00000088   Code   RO          165    i.spi_tran_man      glcd_mcb1700.o
    0x00006c58   0x00000012   Code   RO         1326    i.svcDelay          RTX_CM3.lib(rt_cmsis.o)
    0x00006c6a   0x00000002   PAD
    0x00006c6c   0x00000070   Code   RO         1327    i.svcKernelInitialize  RTX_CM3.lib(rt_cmsis.o)
    0x00006cdc   0x00000048   Code   RO         1329    i.svcKernelStart    RTX_CM3.lib(rt_cmsis.o)
    0x00006d24   0x00000024   Code   RO         1332    i.svcMessageCreate  RTX_CM3.lib(rt_cmsis.o)
    0x00006d48   0x0000003a   Code   RO         1333    i.svcMessageGet     RTX_CM3.lib(rt_cmsis.o)
    0x00006d82   0x0000001c   Code   RO         1335    i.svcMutexCreate    RTX_CM3.lib(rt_cmsis.o)
    0x00006d9e   0x00000022   Code   RO         1337    i.svcMutexRelease   RTX_CM3.lib(rt_cmsis.o)
    0x00006dc0   0x0000003a   Code   RO         1338    i.svcMutexWait      RTX_CM3.lib(rt_cmsis.o)
    0x00006dfa   0x00000002   PAD
    0x00006dfc   0x0000006c   Code   RO         1347    i.svcThreadCreate   RTX_CM3.lib(rt_cmsis.o)
    0x00006e68   0x0000001c   Code   RO         1348    i.svcThreadGetId    RTX_CM3.lib(rt_cmsis.o)
    0x00006e84   0x00000038   Code   RO         1351    i.svcThreadTerminate  RTX_CM3.lib(rt_cmsis.o)
    0x00006ebc   0x00000018   Code   RO         1353    i.svcTimerCall      RTX_CM3.lib(rt_cmsis.o)
    0x00006ed4   0x0000005c   Code   RO         1362    i.sysTimerTick      RTX_CM3.lib(rt_cmsis.o)
    0x00006f30   0x0000004c   Code   RO          166    i.wr_cmd            glcd_mcb1700.o
    0x00006f7c   0x00000034   Code   RO          168    i.wr_dat_only       glcd_mcb1700.o
    0x00006fb0   0x00000018   Code   RO          169    i.wr_dat_start      glcd_mcb1700.o
    0x00006fc8   0x00000014   Code   RO          170    i.wr_dat_stop       glcd_mcb1700.o
    0x00006fdc   0x00000090   Code   RO          171    i.wr_reg            glcd_mcb1700.o
    0x0000706c   0x00000150   Code   RO         2545    x$fpl$dadd          fz_ws.l(daddsub_clz.o)
    0x000071bc   0x0000005a   Code   RO         2551    x$fpl$dfixu         fz_ws.l(dfixu.o)
    0x00007216   0x00000002   PAD
    0x00007218   0x00000154   Code   RO         2555    x$fpl$dmul          fz_ws.l(dmul.o)
    0x0000736c   0x0000009c   Code   RO         2575    x$fpl$dnaninf       fz_ws.l(dnaninf.o)
    0x00007408   0x0000000c   Code   RO         2577    x$fpl$dretinf       fz_ws.l(dretinf.o)
    0x00007414   0x000001d4   Code   RO         2547    x$fpl$dsub          fz_ws.l(daddsub_clz.o)
    0x000075e8   0x00000000   Code   RO         2579    x$fpl$usenofp       fz_ws.l(usenofp.o)
    0x000075e8   0x00000028   Data   RO           10    .constdata          main.o
    0x00007610   0x000018a0   Data   RO          129    .constdata          glcd_fonts.o
    0x00008eb0   0x00000068   Data   RO          395    .constdata          rtx_conf_cm.o
    0x00008f18   0x00000054   Data   RO          480    .constdata          can_lpc17xx.o
    0x00008f6c   0x0000007c   Data   RO          685    .constdata          ssp_lpc17xx.o
    0x00008fe8   0x000001d0   Data   RO          868    .constdata          uart_lpc17xx.o
    0x000091b8   0x00000028   Data   RO         2495    .constdata          c_w.l(_printf_hex_int.o)
    0x000091e0   0x00000020   Data   RO         2732    Region$$Table       anon$$obj.o


    Execution Region RW_IRAM1 (Base: 0x10000000, Size: 0x000036f8, Max: 0x00008000, ABSOLUTE)

    Base Addr    Size         Type   Attr      Idx    E Section Name        Object

    0x10000000   0x00000012   Data   RW           11    .data               main.o
    0x10000012   0x00000002   PAD
    0x10000014   0x00000011   Data   RW          172    .data               glcd_mcb1700.o
    0x10000025   0x00000003   PAD
    0x10000028   0x00000014   Data   RW          396    .data               rtx_conf_cm.o
    0x1000003c   0x00000014   Data   RW          481    .data               can_lpc17xx.o
    0x10000050   0x00000010   Data   RW          686    .data               ssp_lpc17xx.o
    0x10000060   0x00000004   Data   RW          869    .data               uart_lpc17xx.o
    0x10000064   0x00000008   Data   RW         1058    .data               gpdma_lpc17xx.o
    0x1000006c   0x00000004   Data   RW         1237    .data               system_lpc17xx.o
    0x10000070   0x00000008   Data   RW         1365    .data               RTX_CM3.lib(rt_cmsis.o)
    0x10000078   0x00000008   Data   RW         1902    .data               RTX_CM3.lib(rt_task.o)
    0x10000080   0x00000008   Data   RW         2021    .data               RTX_CM3.lib(rt_system.o)
    0x10000088   0x00000004   Data   RW         2311    .data               RTX_CM3.lib(rt_time.o)
    0x1000008c   0x00000008   Data   RW         2342    .data               RTX_CM3.lib(rt_robin.o)
    0x10000094   0x00000001   Data   RW         2421    .data               RTX_CM3.lib(hal_cm.o)
    0x10000095   0x00000003   PAD
    0x10000098   0x00000020   Zero   RW            9    .bss                main.o
    0x100000b8   0x00003280   Zero   RW          394    .bss                rtx_conf_cm.o
    0x10003338   0x00000028   Zero   RW          684    .bss                ssp_lpc17xx.o
    0x10003360   0x00000034   Zero   RW          867    .bss                uart_lpc17xx.o
    0x10003394   0x000000a0   Zero   RW         1057    .bss                gpdma_lpc17xx.o
    0x10003434   0x00000034   Zero   RW         1901    .bss                RTX_CM3.lib(rt_task.o)
    0x10003468   0x00000030   Zero   RW         2151    .bss                RTX_CM3.lib(rt_list.o)
    0x10003498   0x00000060   Zero   RW         2479    .bss                c_w.l(libspace.o)
    0x100034f8   0x00000000   Zero   RW         1223    HEAP                startup_lpc17xx.o
    0x100034f8   0x00000200   Zero   RW         1222    STACK               startup_lpc17xx.o


==============================================================================

Image component sizes


      Code (inc. data)   RO Data    RW Data    ZI Data      Debug   Object Name

      5608        276         84         20          0      56912   can_lpc17xx.o
         0          0       6304          0          0        736   glcd_fonts.o
      2792         98          0         17          0      17446   glcd_mcb1700.o
      1204         94          0          8        160       8062   gpdma_lpc17xx.o
       172         18          0          0          0       2294   gpio_lpc17xx.o
        56          4          0          0          0        408   libraries.o
      1408        190         40         18         32      37299   main.o
       252          6          0          0          0        804   pin_lpc17xx.o
       126         26        104         20      12928       9027   rtx_conf_cm.o
      3896        106        124         16         40      26628   ssp_lpc17xx.o
        64         26        204          0        512        988   startup_lpc17xx.o
       320         18          0          4          0        795   system_lpc17xx.o
      5832        152        464          4         52      32831   uart_lpc17xx.o

    ----------------------------------------------------------------------
     21740       1014       7356        112      13724     194230   Object Totals
         0          0         32          0          0          0   (incl. Generated)
        10          0          0          5          0          0   (incl. Padding)

    ----------------------------------------------------------------------

      Code (inc. data)   RO Data    RW Data    ZI Data      Debug   Library Member Name

       238         24          0          1          0       3312   hal_cm.o
       304         36          0          0          0        768   hal_cm3.o
      1364        164          0          8          0      36706   rt_cmsis.o
        80          4          0          0          0        661   rt_event.o
       530         34          0          0         48       8253   rt_list.o
       554         10          0          0          0       3949   rt_mailbox.o
       140          0          0          0          0       1925   rt_membox.o
       128          0          0          0          0       2307   rt_memory.o
       352         14          0          0          0       2105   rt_mutex.o
        96         22          0          8          0       1158   rt_robin.o
        52          4          0          0          0        573   rt_semaphore.o
       298         52          0          8          0       6223   rt_system.o
      1216        174          0          8         52       9649   rt_task.o
         6          0          0          4          0        652   rt_time.o
         4          4          0          0          0        208   svc_table.o
         8          0          0          0          0         68   __main.o
       104          0          0          0          0         84   __printf.o
         0          0          0          0          0          0   __rtentry.o
        20          0          0          0          0          0   __rtentry2.o
         6          0          0          0          0          0   __rtentry4.o
        52          8          0          0          0          0   __scatter.o
        26          0          0          0          0          0   __scatter_copy.o
        28          0          0          0          0          0   __scatter_zi.o
         6          0          0          0          0          0   _printf_c.o
        44          0          0          0          0        108   _printf_char.o
        48          6          0          0          0         96   _printf_char_common.o
        88          4         40          0          0         88   _printf_hex_int.o
       178          0          0          0          0         88   _printf_intcommon.o
         0          0          0          0          0          0   _printf_percent.o
         4          0          0          0          0          0   _printf_percent_end.o
        82          0          0          0          0         80   _printf_str.o
         6          0          0          0          0          0   _printf_x.o
        10          0          0          0          0         68   _sputc.o
        18          0          0          0          0         80   exit.o
         6          0          0          0          0        152   heapauxi.o
         0          0          0          0          0          0   indicate_semi.o
         2          0          0          0          0          0   libinit.o
         2          0          0          0          0          0   libinit2.o
         2          0          0          0          0          0   libshutdown.o
         2          0          0          0          0          0   libshutdown2.o
         8          4          0          0         96         68   libspace.o
       238          0          0          0          0        100   lludivv7m.o
        40          6          0          0          0         84   noretval__2sprintf.o
        78          0          0          0          0         80   rt_memclr_w.o
       138          0          0          0          0         68   rt_memcpy_v6.o
       100          0          0          0          0         80   rt_memcpy_w.o
         2          0          0          0          0          0   rtexit.o
        10          0          0          0          0          0   rtexit2.o
        12          4          0          0          0         68   sys_exit.o
        74          0          0          0          0         80   sys_stackheap_outer.o
         2          0          0          0          0         68   use_no_semi.o
       804         16          0          0          0        272   daddsub_clz.o
        90          4          0          0          0         92   dfixu.o
       340         12          0          0          0        104   dmul.o
       156          4          0          0          0         92   dnaninf.o
        12          0          0          0          0         68   dretinf.o
         0          0          0          0          0          0   usenofp.o

    ----------------------------------------------------------------------
      8240        610         40         40        196      80685   Library Totals
        32          0          0          3          0          0   (incl. Padding)

    ----------------------------------------------------------------------

      Code (inc. data)   RO Data    RW Data    ZI Data      Debug   Library Name

      5362        542          0         37        100      78449   RTX_CM3.lib
      1444         32         40          0         96       1608   c_w.l
      1402         36          0          0          0        628   fz_ws.l

    ----------------------------------------------------------------------
      8240        610         40         40        196      80685   Library Totals

    ----------------------------------------------------------------------

==============================================================================


      Code (inc. data)   RO Data    RW Data    ZI Data      Debug   

     29980       1624       7396        152      13920     262639   Grand Totals
     29980       1624       7396        152      13920     262639   ELF Image Totals
     29980       1624       7396        152          0          0   ROM Totals

==============================================================================

    Total RO  Size (Code + RO Data)                37376 (  36.50kB)
    Total RW  Size (RW Data + ZI Data)             14072 (  13.74kB)
    Total ROM Size (Code + RO Data + RW Data)      37528 (  36.65kB)

==============================================================================

